Component: ARM Compiler 5.06 update 6 (build 750) Tool: armlink [4d35ed]

==============================================================================

Section Cross References

    startup_stm32f103xe.o(RESET) refers to startup_stm32f103xe.o(STACK) for __initial_sp
    startup_stm32f103xe.o(RESET) refers to startup_stm32f103xe.o(.text) for Reset_Handler
    startup_stm32f103xe.o(RESET) refers to stm32f1xx_it.o(i.NMI_Handler) for NMI_Handler
    startup_stm32f103xe.o(RESET) refers to stm32f1xx_it.o(i.HardFault_Handler) for HardFault_Handler
    startup_stm32f103xe.o(RESET) refers to stm32f1xx_it.o(i.MemManage_Handler) for MemManage_Handler
    startup_stm32f103xe.o(RESET) refers to stm32f1xx_it.o(i.BusFault_Handler) for BusFault_Handler
    startup_stm32f103xe.o(RESET) refers to stm32f1xx_it.o(i.UsageFault_Handler) for UsageFault_Handler
    startup_stm32f103xe.o(RESET) refers to port.o(.emb_text) for SVC_Handler
    startup_stm32f103xe.o(RESET) refers to stm32f1xx_it.o(i.DebugMon_Handler) for DebugMon_Handler
    startup_stm32f103xe.o(RESET) refers to port.o(i.SysTick_Handler) for SysTick_Handler
    startup_stm32f103xe.o(RESET) refers to stm32f1xx_it.o(i.TIM1_UP_IRQHandler) for TIM1_UP_IRQHandler
    startup_stm32f103xe.o(RESET) refers to stm32f1xx_it.o(i.USART2_IRQHandler) for USART2_IRQHandler
    startup_stm32f103xe.o(.text) refers to system_stm32f1xx.o(i.SystemInit) for SystemInit
    startup_stm32f103xe.o(.text) refers to entry.o(.ARM.Collect$$$$00000000) for __main
    main.o(i.HAL_TIM_PeriodElapsedCallback) refers to stm32f1xx_hal.o(i.HAL_IncTick) for HAL_IncTick
    main.o(i.SystemClock_Config) refers to memseta.o(.text) for __aeabi_memclr4
    main.o(i.SystemClock_Config) refers to stm32f1xx_hal_rcc.o(i.HAL_RCC_OscConfig) for HAL_RCC_OscConfig
    main.o(i.SystemClock_Config) refers to stm32f1xx_hal_rcc.o(i.HAL_RCC_ClockConfig) for HAL_RCC_ClockConfig
    main.o(i.main) refers to stm32f1xx_hal.o(i.HAL_Init) for HAL_Init
    main.o(i.main) refers to main.o(i.SystemClock_Config) for SystemClock_Config
    main.o(i.main) refers to gpio.o(i.MX_GPIO_Init) for MX_GPIO_Init
    main.o(i.main) refers to usart.o(i.MX_USART1_UART_Init) for MX_USART1_UART_Init
    main.o(i.main) refers to i2c.o(i.MX_I2C1_Init) for MX_I2C1_Init
    main.o(i.main) refers to i2c.o(i.MX_I2C2_Init) for MX_I2C2_Init
    main.o(i.main) refers to usart.o(i.MX_USART2_UART_Init) for MX_USART2_UART_Init
    main.o(i.main) refers to freertos.o(i.MX_FREERTOS_Init) for MX_FREERTOS_Init
    main.o(i.main) refers to cmsis_os.o(i.osKernelStart) for osKernelStart
    gpio.o(i.MX_GPIO_Init) refers to stm32f1xx_hal_gpio.o(i.HAL_GPIO_WritePin) for HAL_GPIO_WritePin
    gpio.o(i.MX_GPIO_Init) refers to stm32f1xx_hal_gpio.o(i.HAL_GPIO_Init) for HAL_GPIO_Init
    freertos.o(i.BH1750Task) refers to bsp_bh1750.o(i.Init_BH1750) for Init_BH1750
    freertos.o(i.BH1750Task) refers to stm32f1xx_hal.o(i.HAL_Delay) for HAL_Delay
    freertos.o(i.BH1750Task) refers to bsp_bh1750.o(i.I2C_BH1750_Opecode_Write) for I2C_BH1750_Opecode_Write
    freertos.o(i.BH1750Task) refers to printfa.o(i.__0printf) for __2printf
    freertos.o(i.BH1750Task) refers to bsp_bh1750.o(i.I2C_BH1750_Data_Read) for I2C_BH1750_Data_Read
    freertos.o(i.BH1750Task) refers to fflti.o(.text) for __aeabi_i2f
    freertos.o(i.BH1750Task) refers to f2d.o(.text) for __aeabi_f2d
    freertos.o(i.BH1750Task) refers to ddiv.o(.text) for __aeabi_ddiv
    freertos.o(i.BH1750Task) refers to d2f.o(.text) for __aeabi_d2f
    freertos.o(i.BH1750Task) refers to queue.o(i.xQueueGenericSend) for xQueueGenericSend
    freertos.o(i.BH1750Task) refers to cmsis_os.o(i.osDelay) for osDelay
    freertos.o(i.BH1750Task) refers to freertos.o(.data) for .data
    freertos.o(i.INFOTask) refers to queue.o(i.xQueueReceive) for xQueueReceive
    freertos.o(i.INFOTask) refers to printfa.o(i.__0printf) for __2printf
    freertos.o(i.INFOTask) refers to cmsis_os.o(i.osDelay) for osDelay
    freertos.o(i.INFOTask) refers to freertos.o(.data) for .data
    freertos.o(i.LEDTask) refers to queue.o(i.xQueueReceive) for xQueueReceive
    freertos.o(i.LEDTask) refers to stm32f1xx_hal_gpio.o(i.HAL_GPIO_WritePin) for HAL_GPIO_WritePin
    freertos.o(i.LEDTask) refers to queue.o(i.xQueueGenericSend) for xQueueGenericSend
    freertos.o(i.LEDTask) refers to queue.o(i.xQueueSemaphoreTake) for xQueueSemaphoreTake
    freertos.o(i.LEDTask) refers to cmsis_os.o(i.osDelay) for osDelay
    freertos.o(i.LEDTask) refers to freertos.o(.data) for .data
    freertos.o(i.MX_FREERTOS_Init) refers to cmsis_os.o(i.osSemaphoreCreate) for osSemaphoreCreate
    freertos.o(i.MX_FREERTOS_Init) refers to cmsis_os.o(i.osTimerCreate) for osTimerCreate
    freertos.o(i.MX_FREERTOS_Init) refers to cmsis_os.o(i.osMessageCreate) for osMessageCreate
    freertos.o(i.MX_FREERTOS_Init) refers to memcpya.o(.text) for __aeabi_memcpy4
    freertos.o(i.MX_FREERTOS_Init) refers to cmsis_os.o(i.osThreadCreate) for osThreadCreate
[...]
    i._fp_digits                             0x08003c0c   Section        0  printfa.o(i._fp_digits)
    _fp_digits                               0x08003c0d   Thumb Code   366  printfa.o(i._fp_digits)
    i._printf_core                           0x08003d90   Section        0  printfa.o(i._printf_core)
    _printf_core                             0x08003d91   Thumb Code  1744  printfa.o(i._printf_core)
    i._printf_post_padding                   0x0800446c   Section        0  printfa.o(i._printf_post_padding)
    _printf_post_padding                     0x0800446d   Thumb Code    36  printfa.o(i._printf_post_padding)
    i._printf_pre_padding                    0x08004490   Section        0  printfa.o(i._printf_pre_padding)
    _printf_pre_padding                      0x08004491   Thumb Code    46  printfa.o(i._printf_pre_padding)
    i._sputc                                 0x080044be   Section        0  printfa.o(i._sputc)
    _sputc                                   0x080044bf   Thumb Code    10  printfa.o(i._sputc)
    i.fputc                                  0x080044c8   Section        0  usart.o(i.fputc)
    i.free                                   0x080044e0   Section        0  malloc.o(i.free)
    i.main                                   0x08004530   Section        0  main.o(i.main)
    i.makeFreeRtosPriority                   0x08004556   Section        0  cmsis_os.o(i.makeFreeRtosPriority)
    makeFreeRtosPriority                     0x08004557   Thumb Code    12  cmsis_os.o(i.makeFreeRtosPriority)
    i.malloc                                 0x08004564   Section        0  malloc.o(i.malloc)
    i.osDelay                                0x080045d0   Section        0  cmsis_os.o(i.osDelay)
    i.osKernelStart                          0x080045de   Section        0  cmsis_os.o(i.osKernelStart)
    i.osMessageCreate                        0x080045e8   Section        0  cmsis_os.o(i.osMessageCreate)
    i.osSemaphoreCreate                      0x0800460e   Section        0  cmsis_os.o(i.osSemaphoreCreate)
    i.osThreadCreate                         0x0800464c   Section        0  cmsis_os.o(i.osThreadCreate)
    i.osTimerCreate                          0x080046a0   Section        0  cmsis_os.o(i.osTimerCreate)
    i.prvAddCurrentTaskToDelayedList         0x080046e0   Section        0  tasks.o(i.prvAddCurrentTaskToDelayedList)
    prvAddCurrentTaskToDelayedList           0x080046e1   Thumb Code   110  tasks.o(i.prvAddCurrentTaskToDelayedList)
    i.prvAddNewTaskToReadyList               0x08004758   Section        0  tasks.o(i.prvAddNewTaskToReadyList)
    prvAddNewTaskToReadyList                 0x08004759   Thumb Code   194  tasks.o(i.prvAddNewTaskToReadyList)
    i.prvCheckForValidListAndQueue           0x08004828   Section        0  timers.o(i.prvCheckForValidListAndQueue)
    prvCheckForValidListAndQueue             0x08004829   Thumb Code    72  timers.o(i.prvCheckForValidListAndQueue)
    i.prvCopyDataFromQueue                   0x08004880   Section        0  queue.o(i.prvCopyDataFromQueue)
    prvCopyDataFromQueue                     0x08004881   Thumb Code    38  queue.o(i.prvCopyDataFromQueue)
    i.prvCopyDataToQueue                     0x080048a6   Section        0  queue.o(i.prvCopyDataToQueue)
    prvCopyDataToQueue                       0x080048a7   Thumb Code   108  queue.o(i.prvCopyDataToQueue)
    i.prvDeleteTCB                           0x08004912   Section        0  tasks.o(i.prvDeleteTCB)
    prvDeleteTCB                             0x08004913   Thumb Code    52  tasks.o(i.prvDeleteTCB)
    i.prvHeapInit                            0x08004948   Section        0  heap_4.o(i.prvHeapInit)
    prvHeapInit                              0x08004949   Thumb Code    66  heap_4.o(i.prvHeapInit)
    i.prvIdleTask                            0x08004994   Section        0  tasks.o(i.prvIdleTask)
    prvIdleTask                              0x08004995   Thumb Code    82  tasks.o(i.prvIdleTask)
    i.prvInitialiseNewQueue                  0x080049f4   Section        0  queue.o(i.prvInitialiseNewQueue)
    prvInitialiseNewQueue                    0x080049f5   Thumb Code    22  queue.o(i.prvInitialiseNewQueue)
    i.prvInitialiseNewTask                   0x08004a0a   Section        0  tasks.o(i.prvInitialiseNewTask)
    prvInitialiseNewTask                     0x08004a0b   Thumb Code   160  tasks.o(i.prvInitialiseNewTask)
    i.prvInitialiseNewTimer                  0x08004aaa   Section        0  timers.o(i.prvInitialiseNewTimer)
    prvInitialiseNewTimer                    0x08004aab   Thumb Code    68  timers.o(i.prvInitialiseNewTimer)
    i.prvInsertBlockIntoFreeList             0x08004af0   Section        0  heap_4.o(i.prvInsertBlockIntoFreeList)
    prvInsertBlockIntoFreeList               0x08004af1   Thumb Code    72  heap_4.o(i.prvInsertBlockIntoFreeList)
    i.prvInsertTimerInActiveList             0x08004b3c   Section        0  timers.o(i.prvInsertTimerInActiveList)
    prvInsertTimerInActiveList               0x08004b3d   Thumb Code    52  timers.o(i.prvInsertTimerInActiveList)
    i.prvIsQueueEmpty                        0x08004b74   Section        0  queue.o(i.prvIsQueueEmpty)
    prvIsQueueEmpty                          0x08004b75   Thumb Code    28  queue.o(i.prvIsQueueEmpty)
    i.prvProcessReceivedCommands             0x08004b90   Section        0  timers.o(i.prvProcessReceivedCommands)
    prvProcessReceivedCommands               0x08004b91   Thumb Code   184  timers.o(i.prvProcessReceivedCommands)
    i.prvProcessTimerOrBlockTask             0x08004c4c   Section        0  timers.o(i.prvProcessTimerOrBlockTask)
    prvProcessTimerOrBlockTask               0x08004c4d   Thumb Code   172  timers.o(i.prvProcessTimerOrBlockTask)
    i.prvResetNextTaskUnblockTime            0x08004d00   Section        0  tasks.o(i.prvResetNextTaskUnblockTime)
    prvResetNextTaskUnblockTime              0x08004d01   Thumb Code    26  tasks.o(i.prvResetNextTaskUnblockTime)
    i.prvSampleTimeNow                       0x08004d20   Section        0  timers.o(i.prvSampleTimeNow)
    prvSampleTimeNow                         0x08004d21   Thumb Code    36  timers.o(i.prvSampleTimeNow)
    i.prvSwitchTimerLists                    0x08004d48   Section        0  timers.o(i.prvSwitchTimerLists)
    prvSwitchTimerLists                      0x08004d49   Thumb Code   102  timers.o(i.prvSwitchTimerLists)
    i.prvTaskExitError                       0x08004db4   Section        0  port.o(i.prvTaskExitError)
    prvTaskExitError                         0x08004db5   Thumb Code    36  port.o(i.prvTaskExitError)
    i.prvTimerTask                           0x08004ddc   Section        0  timers.o(i.prvTimerTask)
    prvTimerTask                             0x08004ddd   Thumb Code    32  timers.o(i.prvTimerTask)
    i.prvUnlockQueue                         0x08004e00   Section        0  queue.o(i.prvUnlockQueue)
    prvUnlockQueue                           0x08004e01   Thumb Code   106  queue.o(i.prvUnlockQueue)
    i.pvPortMalloc                           0x08004e6c   Section        0  heap_4.o(i.pvPortMalloc)
    i.pvTaskIncrementMutexHeldCount          0x08004f44   Section        0  tasks.o(i.pvTaskIncrementMutexHeldCount)
    i.pxPortInitialiseStack                  0x08004f5c   Section        0  port.o(i.pxPortInitialiseStack)
    i.uxListRemove                           0x08004f80   Section        0  list.o(i.uxListRemove)
    i.vApplicationGetIdleTaskMemory          0x08004fa8   Section        0  freertos.o(i.vApplicationGetIdleTaskMemory)
    i.vApplicationGetTimerTaskMemory         0x08004fbc   Section        0  freertos.o(i.vApplicationGetTimerTaskMemory)
    i.vListInitialise                        0x08004fd4   Section        0  list.o(i.vListInitialise)
    i.vListInitialiseItem                    0x08004fea   Section        0  list.o(i.vListInitialiseItem)
    i.vListInsert                            0x08004ff0   Section        0  list.o(i.vListInsert)
    i.vListInsertEnd                         0x08005020   Section        0  list.o(i.vListInsertEnd)
    i.vPortEnterCritical                     0x08005038   Section        0  port.o(i.vPortEnterCritical)
    i.vPortExitCritical                      0x08005078   Section        0  port.o(i.vPortExitCritical)
    i.vPortFree                              0x080050a0   Section        0  heap_4.o(i.vPortFree)
    i.vPortSetupTimerInterrupt               0x080050fc   Section        0  port.o(i.vPortSetupTimerInterrupt)
    i.vPortValidateInterruptPriority         0x08005120   Section        0  port.o(i.vPortValidateInterruptPriority)
    i.vQueueAddToRegistry                    0x08005174   Section        0  queue.o(i.vQueueAddToRegistry)
    i.vQueueWaitForMessageRestricted         0x0800519c   Section        0  queue.o(i.vQueueWaitForMessageRestricted)
    i.vTaskDelay                             0x080051e0   Section        0  tasks.o(i.vTaskDelay)
    i.vTaskInternalSetTimeOutState           0x0800522c   Section        0  tasks.o(i.vTaskInternalSetTimeOutState)
    i.vTaskMissedYield                       0x0800523c   Section        0  tasks.o(i.vTaskMissedYield)
    i.vTaskPlaceOnEventList                  0x08005248   Section        0  tasks.o(i.vTaskPlaceOnEventList)
    i.vTaskPlaceOnEventListRestricted        0x08005278   Section        0  tasks.o(i.vTaskPlaceOnEventListRestricted)
    i.vTaskPriorityDisinheritAfterTimeout    0x080052b0   Section        0  tasks.o(i.vTaskPriorityDisinheritAfterTimeout)
    i.vTaskStartScheduler                    0x08005358   Section        0  tasks.o(i.vTaskStartScheduler)
    i.vTaskSuspendAll                        0x080053e0   Section        0  tasks.o(i.vTaskSuspendAll)
    i.vTaskSwitchContext                     0x080053f0   Section        0  tasks.o(i.vTaskSwitchContext)
    i.xPortStartScheduler                    0x0800544c   Section        0  port.o(i.xPortStartScheduler)
    i.xQueueGenericCreate                    0x080054f4   Section        0  queue.o(i.xQueueGenericCreate)
    i.xQueueGenericCreateStatic              0x0800553c   Section        0  queue.o(i.xQueueGenericCreateStatic)
    i.xQueueGenericReset                     0x080055a4   Section        0  queue.o(i.xQueueGenericReset)
    i.xQueueGenericSend                      0x0800562c   Section        0  queue.o(i.xQueueGenericSend)
    i.xQueueGenericSendFromISR               0x0800578c   Section        0  queue.o(i.xQueueGenericSendFromISR)
    i.xQueueReceive                          0x08005848   Section        0  queue.o(i.xQueueReceive)
    i.xQueueSemaphoreTake                    0x08005980   Section        0  queue.o(i.xQueueSemaphoreTake)
    i.xTaskCheckForTimeOut                   0x08005af8   Section        0  tasks.o(i.xTaskCheckForTimeOut)
    i.xTaskCreate                            0x08005b80   Section        0  tasks.o(i.xTaskCreate)
    i.xTaskCreateStatic                      0x08005bda   Section        0  tasks.o(i.xTaskCreateStatic)
    i.xTaskGetSchedulerState                 0x08005c30   Section        0  tasks.o(i.xTaskGetSchedulerState)
    i.xTaskGetTickCount                      0x08005c4c   Section        0  tasks.o(i.xTaskGetTickCount)
    i.xTaskIncrementTick                     0x08005c58   Section        0  tasks.o(i.xTaskIncrementTick)
    i.xTaskPriorityDisinherit                0x08005d20   Section        0  tasks.o(i.xTaskPriorityDisinherit)
    i.xTaskPriorityInherit                   0x08005db8   Section        0  tasks.o(i.xTaskPriorityInherit)
    i.xTaskRemoveFromEventList               0x08005e4c   Section        0  tasks.o(i.xTaskRemoveFromEventList)
    i.xTaskResumeAll                         0x08005ec0   Section        0  tasks.o(i.xTaskResumeAll)
    i.xTimerCreate                           0x08005f84   Section        0  timers.o(i.xTimerCreate)
    i.xTimerCreateStatic                     0x08005fb8   Section        0  timers.o(i.xTimerCreateStatic)
    i.xTimerCreateTimerTask                  0x08005fe8   Section        0  timers.o(i.xTimerCreateTimerTask)
    i.xTimerGenericCommand                   0x08006048   Section        0  timers.o(i.xTimerGenericCommand)
    .constdata                               0x080060a8   Section      152  freertos.o(.constdata)
    .constdata                               0x08006140   Section       18  stm32f1xx_hal_rcc.o(.constdata)
    aPredivFactorTable                       0x08006140   Data           2  stm32f1xx_hal_rcc.o(.constdata)
    aPLLMULFactorTable                       0x08006142   Data          16  stm32f1xx_hal_rcc.o(.constdata)
    .constdata                               0x08006152   Section       16  system_stm32f1xx.o(.constdata)
    .constdata                               0x08006162   Section        8  system_stm32f1xx.o(.constdata)
    .conststring                             0x0800616c   Section       46  freertos.o(.conststring)
    .data                                    0x20000000   Section       40  freertos.o(.data)
    .data                                    0x20000028   Section        4  bsp_esp01s.o(.data)
    .data                                    0x2000002c   Section        1  onenet.o(.data)
    .data                                    0x20000030   Section       12  stm32f1xx_hal.o(.data)
    .data                                    0x2000003c   Section        4  system_stm32f1xx.o(.data)
    .data                                    0x20000040   Section       60  tasks.o(.data)
    pxDelayedTaskList                        0x20000044   Data           4  tasks.o(.data)
    pxOverflowDelayedTaskList                0x20000048   Data           4  tasks.o(.data)
    uxDeletedTasksWaitingCleanUp             0x2000004c   Data           4  tasks.o(.data)
    uxCurrentNumberOfTasks                   0x20000050   Data           4  tasks.o(.data)
    xTickCount                               0x20000054   Data           4  tasks.o(.data)
    uxTopReadyPriority                       0x20000058   Data           4  tasks.o(.data)
    xSchedulerRunning                        0x2000005c   Data           4  tasks.o(.data)
    uxPendedTicks                            0x20000060   Data           4  tasks.o(.data)
    xYieldPending                            0x20000064   Data           4  tasks.o(.data)
    xNumOfOverflows                          0x20000068   Data           4  tasks.o(.data)
    uxTaskNumber                             0x2000006c   Data           4  tasks.o(.data)
    xNextTaskUnblockTime                     0x20000070   Data           4  tasks.o(.data)
    xIdleTaskHandle                          0x20000074   Data           4  tasks.o(.data)
    uxSchedulerSuspended                     0x20000078   Data           4  tasks.o(.data)
    .data                                    0x2000007c   Section       20  timers.o(.data)
    pxCurrentTimerList                       0x2000007c   Data           4  timers.o(.data)
    pxOverflowTimerList                      0x20000080   Data           4  timers.o(.data)
    xTimerQueue                              0x20000084   Data           4  timers.o(.data)
    xTimerTaskHandle                         0x20000088   Data           4  timers.o(.data)
    xLastTime                                0x2000008c   Data           4  timers.o(.data)
    .data                                    0x20000090   Section       24  heap_4.o(.data)
    pxEnd                                    0x20000090   Data           4  heap_4.o(.data)
    xFreeBytesRemaining                      0x20000094   Data           4  heap_4.o(.data)
    xMinimumEverFreeBytesRemaining           0x20000098   Data           4  heap_4.o(.data)
    xBlockAllocatedBit                       0x2000009c   Data           4  heap_4.o(.data)
    xStart                                   0x200000a0   Data           8  heap_4.o(.data)
    .data                                    0x200000a8   Section       12  port.o(.data)
    ucMaxSysCallPriority                     0x200000a8   Data           1  port.o(.data)
    uxCriticalNesting                        0x200000ac   Data           4  port.o(.data)
    ulMaxPRIGROUPValue                       0x200000b0   Data           4  port.o(.data)
    .data                                    0x200000b4   Section        4  stdout.o(.data)
    .data                                    0x200000b8   Section        4  mvars.o(.data)
    .data                                    0x200000bc   Section        4  mvars.o(.data)
    .bss                                     0x200000c0   Section     1704  freertos.o(.bss)
    xIdleTaskTCBBuffer                       0x200000c0   Data          84  freertos.o(.bss)
    xIdleStack                               0x20000114   Data         512  freertos.o(.bss)
    xTimerTaskTCBBuffer                      0x20000314   Data          84  freertos.o(.bss)
    xTimerStack                              0x20000368   Data        1024  freertos.o(.bss)
    .bss                                     0x20000768   Section      168  i2c.o(.bss)
    .bss                                     0x20000810   Section      144  usart.o(.bss)
    .bss                                     0x200008a0   Section       72  stm32f1xx_hal_timebase_tim.o(.bss)
    .bss                                     0x200008e8   Section      528  bsp_esp01s.o(.bss)
    .bss                                     0x20000af8   Section       16  onenet.o(.bss)
    .bss                                     0x20000b08   Section       64  queue.o(.bss)
    .bss                                     0x20000b48   Section      240  tasks.o(.bss)
    pxReadyTasksLists                        0x20000b48   Data         140  tasks.o(.bss)
    xDelayedTaskList1                        0x20000bd4   Data          20  tasks.o(.bss)
    xDelayedTaskList2                        0x20000be8   Data          20  tasks.o(.bss)
    xPendingReadyList                        0x20000bfc   Data          20  tasks.o(.bss)
    xTasksWaitingTermination                 0x20000c10   Data          20  tasks.o(.bss)
    xSuspendedTaskList                       0x20000c24   Data          20  tasks.o(.bss)
    .bss                                     0x20000c38   Section      232  timers.o(.bss)
    xActiveTimerList1                        0x20000c38   Data          20  timers.o(.bss)
    xActiveTimerList2                        0x20000c4c   Data          20  timers.o(.bss)
    xStaticTimerQueue                        0x20000c60   Data          72  timers.o(.bss)
    ucStaticTimerQueueStorage                0x20000ca8   Data         120  timers.o(.bss)
    .bss                                     0x20000d20   Section     3072  heap_4.o(.bss)
    ucHeap                                   0x20000d20   Data        3072  heap_4.o(.bss)
    HEAP                                     0x20001920   Section      512  startup_stm32f103xe.o(HEAP)
    STACK                                    0x20001b20   Section     1024  startup_stm32f103xe.o(STACK)

    Global Symbols

    Symbol Name                              Value     Ov Type        Size  Object(Section)

    BuildAttributes$$THM_ISAv4$P$D$K$B$S$PE$A:L22UL41UL21$X:L11$S22US41US21$IEEE1$IW$USESV6$~STKCKD$USESV7$~SHL$OTIME$ROPI$EBA8$MICROLIB$REQ8$PRES8$EABIv2 0x00000000   Number         0  anon$$obj.o ABSOLUTE
    __ARM_use_no_argv                        0x00000000   Number         0  main.o ABSOLUTE
    _printf_a                                0x00000000   Number         0  stubs.o ABSOLUTE
    _printf_c                                0x00000000   Number         0  stubs.o ABSOLUTE
    _printf_charcount                        0x00000000   Number         0  stubs.o ABSOLUTE
    _printf_d                                0x00000000   Number         0  stubs.o ABSOLUTE
    _printf_e                                0x00000000   Number         0  stubs.o ABSOLUTE
    _printf_f                                0x00000000   Number         0  stubs.o ABSOLUTE
    _printf_flags                            0x00000000   Number         0  stubs.o ABSOLUTE
    _printf_fp_dec                           0x00000000   Number         0  stubs.o ABSOLUTE
    _printf_fp_hex                           0x00000000   Number         0  stubs.o ABSOLUTE
    _printf_g                                0x00000000   Number         0  stubs.o ABSOLUTE
    _printf_i                                0x00000000   Number         0  stubs.o ABSOLUTE
    _printf_int_dec                          0x00000000   Number         0  stubs.o ABSOLUTE
    _printf_l                                0x00000000   Number         0  stubs.o ABSOLUTE
    _printf_lc                               0x00000000   Number         0  stubs.o ABSOLUTE
    _printf_ll                               0x00000000   Number         0  stubs.o ABSOLUTE
    _printf_lld                              0x00000000   Number         0  stubs.o ABSOLUTE
    _printf_lli                              0x00000000   Number         0  stubs.o ABSOLUTE
    _printf_llo                              0x00000000   Number         0  stubs.o ABSOLUTE
    _printf_llu                              0x00000000   Number         0  stubs.o ABSOLUTE
    _printf_llx                              0x00000000   Number         0  stubs.o ABSOLUTE
    _printf_longlong_dec                     0x00000000   Number         0  stubs.o ABSOLUTE
    _printf_longlong_hex                     0x00000000   Number         0  stubs.o ABSOLUTE
    _printf_longlong_oct                     0x00000000   Number         0  stubs.o ABSOLUTE
    _printf_ls                               0x00000000   Number         0  stubs.o ABSOLUTE
    _printf_mbtowc                           0x00000000   Number         0  stubs.o ABSOLUTE
    _printf_n                                0x00000000   Number         0  stubs.o ABSOLUTE
    _printf_o                                0x00000000   Number         0  stubs.o ABSOLUTE
    _printf_p                                0x00000000   Number         0  stubs.o ABSOLUTE
    _printf_percent                          0x00000000   Number         0  stubs.o ABSOLUTE
    _printf_pre_padding                      0x00000000   Number         0  stubs.o ABSOLUTE
    _printf_return_value                     0x00000000   Number         0  stubs.o ABSOLUTE
    _printf_s                                0x00000000   Number         0  stubs.o ABSOLUTE
    _printf_sizespec                         0x00000000   Number         0  stubs.o ABSOLUTE
    _printf_str                              0x00000000   Number         0  stubs.o ABSOLUTE
    _printf_truncate_signed                  0x00000000   Number         0  stubs.o ABSOLUTE
    _printf_truncate_unsigned                0x00000000   Number         0  stubs.o ABSOLUTE
    _printf_u                                0x00000000   Number         0  stubs.o ABSOLUTE
    _printf_wc                               0x00000000   Number         0  stubs.o ABSOLUTE
    _printf_wctomb                           0x00000000   Number         0  stubs.o ABSOLUTE
    _printf_widthprec                        0x00000000   Number         0  stubs.o ABSOLUTE
    _printf_x                                0x00000000   Number         0  stubs.o ABSOLUTE
    __cpp_initialize__aeabi_                  - Undefined Weak Reference
    __cxa_finalize                            - Undefined Weak Reference
    __decompress                              - Undefined Weak Reference
    _clock_init                               - Undefined Weak Reference
    _microlib_exit                            - Undefined Weak Reference
    __Vectors_Size                           0x00000130   Number         0  startup_stm32f103xe.o ABSOLUTE
    __Vectors                                0x08000000   Data           4  startup_stm32f103xe.o(RESET)
    __Vectors_End                            0x08000130   Data           0  startup_stm32f103xe.o(RESET)
    __main                                   0x08000131   Thumb Code     0  entry.o(.ARM.Collect$$$$00000000)
    _main_stk                                0x08000131   Thumb Code     0  entry2.o(.ARM.Collect$$$$00000001)
    _main_scatterload                        0x08000135   Thumb Code     0  entry5.o(.ARM.Collect$$$$00000004)
    __main_after_scatterload                 0x08000139   Thumb Code     0  entry5.o(.ARM.Collect$$$$00000004)
    _main_clock                              0x08000139   Thumb Code     0  entry7b.o(.ARM.Collect$$$$00000008)
    _main_cpp_init                           0x08000139   Thumb Code     0  entry8b.o(.ARM.Collect$$$$0000000A)
    _main_init                               0x08000139   Thumb Code     0  entry9a.o(.ARM.Collect$$$$0000000B)
    __rt_final_cpp                           0x08000141   Thumb Code     0  entry10a.o(.ARM.Collect$$$$0000000D)
    __rt_final_exit                          0x08000141   Thumb Code     0  entry11a.o(.ARM.Collect$$$$0000000F)
    SVC_Handler                              0x08000145   Thumb Code    32  port.o(.emb_text)
    __asm___6_port_c_39a90d8d__prvStartFirstTask 0x08000169   Thumb Code    28  port.o(.emb_text)
    PendSV_Handler                           0x08000189   Thumb Code    72  port.o(.emb_text)
    vPortGetIPSR                             0x080001d5   Thumb Code     6  port.o(.emb_text)
    Reset_Handler                            0x080001dd   Thumb Code     8  startup_stm32f103xe.o(.text)
    ADC1_2_IRQHandler                        0x080001f7   Thumb Code     0  startup_stm32f103xe.o(.text)
    ADC3_IRQHandler                          0x080001f7   Thumb Code     0  startup_stm32f103xe.o(.text)
    CAN1_RX1_IRQHandler                      0x080001f7   Thumb Code     0  startup_stm32f103xe.o(.text)
    CAN1_SCE_IRQHandler                      0x080001f7   Thumb Code     0  startup_stm32f103xe.o(.text)
    DMA1_Channel1_IRQHandler                 0x080001f7   Thumb Code     0  startup_stm32f103xe.o(.text)
    DMA1_Channel2_IRQHandler                 0x080001f7   Thumb Code     0  startup_stm32f103xe.o(.text)
    DMA1_Channel3_IRQHandler                 0x080001f7   Thumb Code     0  startup_stm32f103xe.o(.text)
    DMA1_Channel4_IRQHandler                 0x080001f7   Thumb Code     0  startup_stm32f103xe.o(.text)
    DMA1_Channel5_IRQHandler                 0x080001f7   Thumb Code     0  startup_stm32f103xe.o(.text)
    DMA1_Channel6_IRQHandler                 0x080001f7   Thumb Code     0  startup_stm32f103xe.o(.text)
    DMA1_Channel7_IRQHandler                 0x080001f7   Thumb Code     0  startup_stm32f103xe.o(.text)
    DMA2_Channel1_IRQHandler                 0x080001f7   Thumb Code     0  startup_stm32f103xe.o(.text)
    DMA2_Channel2_IRQHandler                 0x080001f7   Thumb Code     0  startup_stm32f103xe.o(.text)
    DMA2_Channel3_IRQHandler                 0x080001f7   Thumb Code     0  startup_stm32f103xe.o(.text)
    DMA2_Channel4_5_IRQHandler               0x080001f7   Thumb Code     0  startup_stm32f103xe.o(.text)
    EXTI0_IRQHandler                         0x080001f7   Thumb Code     0  startup_stm32f103xe.o(.text)
    EXTI15_10_IRQHandler                     0x080001f7   Thumb Code     0  startup_stm32f103xe.o(.text)
    EXTI1_IRQHandler                         0x080001f7   Thumb Code     0  startup_stm32f103xe.o(.text)
    EXTI2_IRQHandler                         0x080001f7   Thumb Code     0  startup_stm32f103xe.o(.text)
    EXTI3_IRQHandler                         0x080001f7   Thumb Code     0  startup_stm32f103xe.o(.text)
    EXTI4_IRQHandler                         0x080001f7   Thumb Code     0  startup_stm32f103xe.o(.text)
    EXTI9_5_IRQHandler                       0x080001f7   Thumb Code     0  startup_stm32f103xe.o(.text)
    FLASH_IRQHandler                         0x080001f7   Thumb Code     0  startup_stm32f103xe.o(.text)
    FSMC_IRQHandler                          0x080001f7   Thumb Code     0  startup_stm32f103xe.o(.text)
    I2C1_ER_IRQHandler                       0x080001f7   Thumb Code     0  startup_stm32f103xe.o(.text)
    I2C1_EV_IRQHandler                       0x080001f7   Thumb Code     0  startup_stm32f103xe.o(.text)
    I2C2_ER_IRQHandler                       0x080001f7   Thumb Code     0  startup_stm32f103xe.o(.text)
    I2C2_EV_IRQHandler                       0x080001f7   Thumb Code     0  startup_stm32f103xe.o(.text)
    PVD_IRQHandler                           0x080001f7   Thumb Code     0  startup_stm32f103xe.o(.text)
    RCC_IRQHandler                           0x080001f7   Thumb Code     0  startup_stm32f103xe.o(.text)
    RTC_Alarm_IRQHandler                     0x080001f7   Thumb Code     0  startup_stm32f103xe.o(.text)
    RTC_IRQHandler                           0x080001f7   Thumb Code     0  startup_stm32f103xe.o(.text)
    SDIO_IRQHandler                          0x080001f7   Thumb Code     0  startup_stm32f103xe.o(.text)
    SPI1_IRQHandler                          0x080001f7   Thumb Code     0  startup_stm32f103xe.o(.text)
    SPI2_IRQHandler                          0x080001f7   Thumb Code     0  startup_stm32f103xe.o(.text)
    SPI3_IRQHandler                          0x080001f7   Thumb Code     0  startup_stm32f103xe.o(.text)
    TAMPER_IRQHandler                        0x080001f7   Thumb Code     0  startup_stm32f103xe.o(.text)
    TIM1_BRK_IRQHandler                      0x080001f7   Thumb Code     0  startup_stm32f103xe.o(.text)
    TIM1_CC_IRQHandler                       0x080001f7   Thumb Code     0  startup_stm32f103xe.o(.text)
    TIM1_TRG_COM_IRQHandler                  0x080001f7   Thumb Code     0  startup_stm32f103xe.o(.text)
    TIM2_IRQHandler                          0x080001f7   Thumb Code     0  startup_stm32f103xe.o(.text)
    TIM3_IRQHandler                          0x080001f7   Thumb Code     0  startup_stm32f103xe.o(.text)
    TIM4_IRQHandler                          0x080001f7   Thumb Code     0  startup_stm32f103xe.o(.text)
    TIM5_IRQHandler                          0x080001f7   Thumb Code     0  startup_stm32f103xe.o(.text)
    TIM6_IRQHandler                          0x080001f7   Thumb Code     0  startup_stm32f103xe.o(.text)
    TIM7_IRQHandler                          0x080001f7   Thumb Code     0  startup_stm32f103xe.o(.text)
    TIM8_BRK_IRQHandler                      0x080001f7   Thumb Code     0  startup_stm32f103xe.o(.text)
    TIM8_CC_IRQHandler                       0x080001f7   Thumb Code     0  startup_stm32f103xe.o(.text)
    TIM8_TRG_COM_IRQHandler                  0x080001f7   Thumb Code     0  startup_stm32f103xe.o(.text)
    TIM8_UP_IRQHandler                       0x080001f7   Thumb Code     0  startup_stm32f103xe.o(.text)
    UART4_IRQHandler                         0x080001f7   Thumb Code     0  startup_stm32f103xe.o(.text)
    UART5_IRQHandler                         0x080001f7   Thumb Code     0  startup_stm32f103xe.o(.text)
    USART1_IRQHandler                        0x080001f7   Thumb Code     0  startup_stm32f103xe.o(.text)
    USART3_IRQHandler                        0x080001f7   Thumb Code     0  startup_stm32f103xe.o(.text)
    USBWakeUp_IRQHandler                     0x080001f7   Thumb Code     0  startup_stm32f103xe.o(.text)
    USB_HP_CAN1_TX_IRQHandler                0x080001f7   Thumb Code     0  startup_stm32f103xe.o(.text)
    USB_LP_CAN1_RX0_IRQHandler               0x080001f7   Thumb Code     0  startup_stm32f103xe.o(.text)
    WWDG_IRQHandler                          0x080001f7   Thumb Code     0  startup_stm32f103xe.o(.text)
    __aeabi_llsr                             0x08000201   Thumb Code    32  llushr.o(.text)
    _ll_ushift_r                             0x08000201   Thumb Code     0  llushr.o(.text)
    __aeabi_memcpy                           0x08000221   Thumb Code    36  memcpya.o(.text)
    __aeabi_memcpy4                          0x08000221   Thumb Code     0  memcpya.o(.text)
    __aeabi_memcpy8                          0x08000221   Thumb Code     0  memcpya.o(.text)
    __aeabi_memset                           0x08000245   Thumb Code    14  memseta.o(.text)
    __aeabi_memset4                          0x08000245   Thumb Code     0  memseta.o(.text)
    __aeabi_memset8                          0x08000245   Thumb Code     0  memseta.o(.text)
    __aeabi_memclr                           0x08000253   Thumb Code     4  memseta.o(.text)
    __aeabi_memclr4                          0x08000253   Thumb Code     0  memseta.o(.text)
    __aeabi_memclr8                          0x08000253   Thumb Code     0  memseta.o(.text)
    memset                                   0x08000257   Thumb Code    18  memseta.o(.text)
    strcat                                   0x08000269   Thumb Code    24  strcat.o(.text)
    strstr                                   0x08000281   Thumb Code    36  strstr.o(.text)
    strchr                                   0x080002a5   Thumb Code    20  strchr.o(.text)
    strlen                                   0x080002b9   Thumb Code    14  strlen.o(.text)
    strncat                                  0x080002c7   Thumb Code    40  strncat.o(.text)
    __aeabi_ddiv                             0x080002ef   Thumb Code   222  ddiv.o(.text)
    __aeabi_i2f                              0x080003cd   Thumb Code    18  fflti.o(.text)
    __aeabi_f2d                              0x080003df   Thumb Code    38  f2d.o(.text)
    __aeabi_d2f                              0x08000405   Thumb Code    56  d2f.o(.text)
    __aeabi_uidiv                            0x0800043d   Thumb Code     0  uidiv.o(.text)
    __aeabi_uidivmod                         0x0800043d   Thumb Code    44  uidiv.o(.text)
    __aeabi_uldivmod                         0x08000469   Thumb Code    98  uldiv.o(.text)
    __I$use$fp                               0x080004cb   Thumb Code     0  iusefp.o(.text)
    _float_round                             0x080004cb   Thumb Code    18  fepilogue.o(.text)
    _float_epilogue                          0x080004dd   Thumb Code    92  fepilogue.o(.text)
    _double_round                            0x08000539   Thumb Code    30  depilogue.o(.text)
    _double_epilogue                         0x08000557   Thumb Code   156  depilogue.o(.text)
    __aeabi_dadd                             0x080005f3   Thumb Code   322  dadd.o(.text)
    __aeabi_dsub                             0x08000735   Thumb Code     6  dadd.o(.text)
    __aeabi_drsub                            0x0800073b   Thumb Code     6  dadd.o(.text)
    __aeabi_dmul                             0x08000741   Thumb Code   228  dmul.o(.text)
    __aeabi_d2ulz                            0x08000825   Thumb Code    48  dfixul.o(.text)
    __aeabi_cdrcmple                         0x08000855   Thumb Code    48  cdrcmple.o(.text)
    __scatterload                            0x08000885   Thumb Code    28  init.o(.text)
    __scatterload_rt2                        0x08000885   Thumb Code     0  init.o(.text)
    __aeabi_llsl                             0x080008a9   Thumb Code    30  llshl.o(.text)
    _ll_shift_l                              0x080008a9   Thumb Code     0  llshl.o(.text)
    __aeabi_lasr                             0x080008c7   Thumb Code    36  llsshr.o(.text)
    _ll_sshift_r                             0x080008c7   Thumb Code     0  llsshr.o(.text)
    BH1750Task                               0x080008ed   Thumb Code   154  freertos.o(i.BH1750Task)
    BusFault_Handler                         0x080009d9   Thumb Code     2  stm32f1xx_it.o(i.BusFault_Handler)
    DebugMon_Handler                         0x080009db   Thumb Code     2  stm32f1xx_it.o(i.DebugMon_Handler)
    ESP8266_Clear                            0x080009dd   Thumb Code    18  bsp_esp01s.o(i.ESP8266_Clear)
    ESP8266_GetIPD                           0x080009f9   Thumb Code    50  bsp_esp01s.o(i.ESP8266_GetIPD)
    ESP8266_Init                             0x08000a39   Thumb Code   206  bsp_esp01s.o(i.ESP8266_Init)
    ESP8266_SendCmd                          0x08000c19   Thumb Code    64  bsp_esp01s.o(i.ESP8266_SendCmd)
    ESP8266_SendData                         0x08000c61   Thumb Code    48  bsp_esp01s.o(i.ESP8266_SendData)
    ESP8266_WaitRecive                       0x08000ca9   Thumb Code    28  bsp_esp01s.o(i.ESP8266_WaitRecive)
    Error_Handler                            0x08000cc9   Thumb Code     4  main.o(i.Error_Handler)
    HAL_DMA_Abort                            0x08000ccd   Thumb Code    70  stm32f1xx_hal_dma.o(i.HAL_DMA_Abort)
    HAL_DMA_Abort_IT                         0x08000d15   Thumb Code   296  stm32f1xx_hal_dma.o(i.HAL_DMA_Abort_IT)
    HAL_Delay                                0x08000e45   Thumb Code    32  stm32f1xx_hal.o(i.HAL_Delay)
    HAL_GPIO_Init                            0x08000e69   Thumb Code   462  stm32f1xx_hal_gpio.o(i.HAL_GPIO_Init)
    HAL_GPIO_WritePin                        0x08001061   Thumb Code    10  stm32f1xx_hal_gpio.o(i.HAL_GPIO_WritePin)
    HAL_GetTick                              0x0800106d   Thumb Code     6  stm32f1xx_hal.o(i.HAL_GetTick)
    HAL_I2C_Init                             0x08001079   Thumb Code   376  stm32f1xx_hal_i2c.o(i.HAL_I2C_Init)
    HAL_I2C_Master_Receive                   0x08001201   Thumb Code   576  stm32f1xx_hal_i2c.o(i.HAL_I2C_Master_Receive)
    HAL_I2C_Master_Transmit                  0x08001451   Thumb Code   290  stm32f1xx_hal_i2c.o(i.HAL_I2C_Master_Transmit)
    HAL_I2C_MspInit                          0x0800157d   Thumb Code   134  i2c.o(i.HAL_I2C_MspInit)
    HAL_IncTick                              0x08001615   Thumb Code    12  stm32f1xx_hal.o(i.HAL_IncTick)
    HAL_Init                                 0x08001625   Thumb Code    32  stm32f1xx_hal.o(i.HAL_Init)
    HAL_InitTick                             0x08001649   Thumb Code    98  stm32f1xx_hal_timebase_tim.o(i.HAL_InitTick)
    HAL_MspInit                              0x080016bd   Thumb Code    62  stm32f1xx_hal_msp.o(i.HAL_MspInit)
    HAL_NVIC_EnableIRQ                       0x08001705   Thumb Code    26  stm32f1xx_hal_cortex.o(i.HAL_NVIC_EnableIRQ)
    HAL_NVIC_SetPriority                     0x08001721   Thumb Code    60  stm32f1xx_hal_cortex.o(i.HAL_NVIC_SetPriority)
    HAL_NVIC_SetPriorityGrouping             0x08001761   Thumb Code    26  stm32f1xx_hal_cortex.o(i.HAL_NVIC_SetPriorityGrouping)
    HAL_RCC_ClockConfig                      0x08001785   Thumb Code   280  stm32f1xx_hal_rcc.o(i.HAL_RCC_ClockConfig)
    HAL_RCC_GetClockConfig                   0x080018b1   Thumb Code    54  stm32f1xx_hal_rcc.o(i.HAL_RCC_GetClockConfig)
    HAL_RCC_GetPCLK1Freq                     0x080018f1   Thumb Code    20  stm32f1xx_hal_rcc.o(i.HAL_RCC_GetPCLK1Freq)
    HAL_RCC_GetPCLK2Freq                     0x08001911   Thumb Code    20  stm32f1xx_hal_rcc.o(i.HAL_RCC_GetPCLK2Freq)
    HAL_RCC_GetSysClockFreq                  0x08001931   Thumb Code    58  stm32f1xx_hal_rcc.o(i.HAL_RCC_GetSysClockFreq)
    HAL_RCC_OscConfig                        0x0800197d   Thumb Code   778  stm32f1xx_hal_rcc.o(i.HAL_RCC_OscConfig)
    HAL_TIMEx_BreakCallback                  0x08001c9d   Thumb Code     2  stm32f1xx_hal_tim_ex.o(i.HAL_TIMEx_BreakCallback)
    HAL_TIMEx_CommutCallback                 0x08001c9f   Thumb Code     2  stm32f1xx_hal_tim_ex.o(i.HAL_TIMEx_CommutCallback)
    HAL_TIM_Base_Init                        0x08001ca1   Thumb Code    90  stm32f1xx_hal_tim.o(i.HAL_TIM_Base_Init)
    HAL_TIM_Base_MspInit                     0x08001cfb   Thumb Code     2  stm32f1xx_hal_tim.o(i.HAL_TIM_Base_MspInit)
    HAL_TIM_Base_Start_IT                    0x08001cfd   Thumb Code    88  stm32f1xx_hal_tim.o(i.HAL_TIM_Base_Start_IT)
    HAL_TIM_IC_CaptureCallback               0x08001d69   Thumb Code     2  stm32f1xx_hal_tim.o(i.HAL_TIM_IC_CaptureCallback)
    HAL_TIM_IRQHandler                       0x08001d6b   Thumb Code   358  stm32f1xx_hal_tim.o(i.HAL_TIM_IRQHandler)
    HAL_TIM_OC_DelayElapsedCallback          0x08001ed1   Thumb Code     2  stm32f1xx_hal_tim.o(i.HAL_TIM_OC_DelayElapsedCallback)
    HAL_TIM_PWM_PulseFinishedCallback        0x08001ed3   Thumb Code     2  stm32f1xx_hal_tim.o(i.HAL_TIM_PWM_PulseFinishedCallback)
    HAL_TIM_PeriodElapsedCallback            0x08001ed5   Thumb Code    14  main.o(i.HAL_TIM_PeriodElapsedCallback)
    HAL_TIM_TriggerCallback                  0x08001ee9   Thumb Code     2  stm32f1xx_hal_tim.o(i.HAL_TIM_TriggerCallback)
    HAL_UARTEx_RxEventCallback               0x08001eeb   Thumb Code     2  stm32f1xx_hal_uart.o(i.HAL_UARTEx_RxEventCallback)
    HAL_UART_ErrorCallback                   0x08001eed   Thumb Code     2  stm32f1xx_hal_uart.o(i.HAL_UART_ErrorCallback)
    HAL_UART_IRQHandler                      0x08001ef1   Thumb Code   616  stm32f1xx_hal_uart.o(i.HAL_UART_IRQHandler)
    HAL_UART_Init                            0x0800215d   Thumb Code   100  stm32f1xx_hal_uart.o(i.HAL_UART_Init)
    HAL_UART_MspInit                         0x080021c1   Thumb Code   186  usart.o(i.HAL_UART_MspInit)
    HAL_UART_Receive                         0x0800228d   Thumb Code   172  stm32f1xx_hal_uart.o(i.HAL_UART_Receive)
    HAL_UART_RxCpltCallback                  0x08002339   Thumb Code     2  stm32f1xx_hal_uart.o(i.HAL_UART_RxCpltCallback)
    HAL_UART_Transmit                        0x0800233b   Thumb Code   154  stm32f1xx_hal_uart.o(i.HAL_UART_Transmit)
    HAL_UART_TxCpltCallback                  0x080023d5   Thumb Code     2  stm32f1xx_hal_uart.o(i.HAL_UART_TxCpltCallback)
    HardFault_Handler                        0x080023d7   Thumb Code     2  stm32f1xx_it.o(i.HardFault_Handler)
    I2C_BH1750_Data_Read                     0x080023d9   Thumb Code    20  bsp_bh1750.o(i.I2C_BH1750_Data_Read)
    I2C_BH1750_Opecode_Write                 0x080023f1   Thumb Code    20  bsp_bh1750.o(i.I2C_BH1750_Opecode_Write)
    INFOTask                                 0x0800282d   Thumb Code    48  freertos.o(i.INFOTask)
    Init_BH1750                              0x08002879   Thumb Code    30  bsp_bh1750.o(i.Init_BH1750)
    LEDTask                                  0x080028c1   Thumb Code   114  freertos.o(i.LEDTask)
    MQTT_DeleteBuffer                        0x08002941   Thumb Code    28  mqttkit.o(i.MQTT_DeleteBuffer)
    MQTT_DumpLength                          0x0800295d   Thumb Code    38  mqttkit.o(i.MQTT_DumpLength)
    MQTT_NewBuffer                           0x08002983   Thumb Code    82  mqttkit.o(i.MQTT_NewBuffer)
    MQTT_PacketCmdResp                       0x080029d5   Thumb Code   114  mqttkit.o(i.MQTT_PacketCmdResp)
    MQTT_PacketConnect                       0x08002a51   Thumb Code   606  mqttkit.o(i.MQTT_PacketConnect)
    MQTT_PacketPublish                       0x08002cb5   Thumb Code   264  mqttkit.o(i.MQTT_PacketPublish)
    MQTT_PacketSaveData                      0x08002dbd   Thumb Code    76  mqttkit.o(i.MQTT_PacketSaveData)
    MQTT_ReadLength                          0x08002e0d   Thumb Code    62  mqttkit.o(i.MQTT_ReadLength)
    MQTT_UnPacketCmd                         0x08002e4b   Thumb Code   130  mqttkit.o(i.MQTT_UnPacketCmd)
    MQTT_UnPacketConnectAck                  0x08002ecd   Thumb Code    26  mqttkit.o(i.MQTT_UnPacketConnectAck)
    MQTT_UnPacketPublishAck                  0x08002ee7   Thumb Code    24  mqttkit.o(i.MQTT_UnPacketPublishAck)
    MQTT_UnPacketRecv                        0x08002f01   Thumb Code    86  mqttkit.o(i.MQTT_UnPacketRecv)
    MX_FREERTOS_Init                         0x08002f61   Thumb Code   184  freertos.o(i.MX_FREERTOS_Init)
    MX_GPIO_Init                             0x08003021   Thumb Code   118  gpio.o(i.MX_GPIO_Init)
    MX_I2C1_Init                             0x080030a1   Thumb Code    50  i2c.o(i.MX_I2C1_Init)
    MX_I2C2_Init                             0x080030e1   Thumb Code    50  i2c.o(i.MX_I2C2_Init)
    MX_USART1_UART_Init                      0x08003121   Thumb Code    48  usart.o(i.MX_USART1_UART_Init)
    MX_USART2_UART_Init                      0x08003159   Thumb Code    48  usart.o(i.MX_USART2_UART_Init)
    MemManage_Handler                        0x08003191   Thumb Code     2  stm32f1xx_it.o(i.MemManage_Handler)
    NMI_Handler                              0x08003193   Thumb Code     2  stm32f1xx_it.o(i.NMI_Handler)
    OneNET_Task                              0x08003195   Thumb Code    60  freertos.o(i.OneNET_Task)
    OneNet_DevLink                           0x080031e9   Thumb Code   196  onenet.o(i.OneNet_DevLink)
    OneNet_FillBuf                           0x08003439   Thumb Code   168  onenet.o(i.OneNet_FillBuf)
    OneNet_RevPro                            0x08003549   Thumb Code   196  onenet.o(i.OneNet_RevPro)
    OneNet_SendData                          0x0800367d   Thumb Code   118  onenet.o(i.OneNet_SendData)
    SysTick_Handler                          0x08003735   Thumb Code    38  port.o(i.SysTick_Handler)
    SystemClock_Config                       0x08003761   Thumb Code    94  main.o(i.SystemClock_Config)
    SystemInit                               0x080037bf   Thumb Code     2  system_stm32f1xx.o(i.SystemInit)
    TIM1_UP_IRQHandler                       0x080037c1   Thumb Code     6  stm32f1xx_it.o(i.TIM1_UP_IRQHandler)
    TIM_Base_SetConfig                       0x080037cd   Thumb Code   120  stm32f1xx_hal_tim.o(i.TIM_Base_SetConfig)
    Timer01_Callback                         0x08003859   Thumb Code     2  freertos.o(i.Timer01_Callback)
    USART2_IRQHandler                        0x08003aad   Thumb Code    62  stm32f1xx_it.o(i.USART2_IRQHandler)
    UsageFault_Handler                       0x08003af9   Thumb Code     2  stm32f1xx_it.o(i.UsageFault_Handler)
    UsartPrintf                              0x08003afd   Thumb Code    56  bsp_esp01s.o(i.UsartPrintf)
    Usart_SendString                         0x08003b3d   Thumb Code    32  bsp_esp01s.o(i.Usart_SendString)
    __0printf                                0x08003b61   Thumb Code    22  printfa.o(i.__0printf)
    __1printf                                0x08003b61   Thumb Code     0  printfa.o(i.__0printf)
    __2printf                                0x08003b61   Thumb Code     0  printfa.o(i.__0printf)
    __c89printf                              0x08003b61   Thumb Code     0  printfa.o(i.__0printf)
    printf                                   0x08003b61   Thumb Code     0  printfa.o(i.__0printf)
    __0sprintf                               0x08003b81   Thumb Code    34  printfa.o(i.__0sprintf)
    __1sprintf                               0x08003b81   Thumb Code     0  printfa.o(i.__0sprintf)
    __2sprintf                               0x08003b81   Thumb Code     0  printfa.o(i.__0sprintf)
    __c89sprintf                             0x08003b81   Thumb Code     0  printfa.o(i.__0sprintf)
    sprintf                                  0x08003b81   Thumb Code     0  printfa.o(i.__0sprintf)
    __0vsprintf                              0x08003ba9   Thumb Code    30  printfa.o(i.__0vsprintf)
    __1vsprintf                              0x08003ba9   Thumb Code     0  printfa.o(i.__0vsprintf)
    __2vsprintf                              0x08003ba9   Thumb Code     0  printfa.o(i.__0vsprintf)
    __c89vsprintf                            0x08003ba9   Thumb Code     0  printfa.o(i.__0vsprintf)
    vsprintf                                 0x08003ba9   Thumb Code     0  printfa.o(i.__0vsprintf)
    __scatterload_copy                       0x08003bed   Thumb Code    14  handlers.o(i.__scatterload_copy)
    __scatterload_null                       0x08003bfb   Thumb Code     2  handlers.o(i.__scatterload_null)
    __scatterload_zeroinit                   0x08003bfd   Thumb Code    14  handlers.o(i.__scatterload_zeroinit)
    fputc                                    0x080044c9   Thumb Code    20  usart.o(i.fputc)
    free                                     0x080044e1   Thumb Code    76  malloc.o(i.free)
    main                                     0x08004531   Thumb Code    38  main.o(i.main)
    malloc                                   0x08004565   Thumb Code    92  malloc.o(i.malloc)
    osDelay                                  0x080045d1   Thumb Code    14  cmsis_os.o(i.osDelay)
    osKernelStart                            0x080045df   Thumb Code    10  cmsis_os.o(i.osKernelStart)
    osMessageCreate                          0x080045e9   Thumb Code    38  cmsis_os.o(i.osMessageCreate)
    osSemaphoreCreate                        0x0800460f   Thumb Code    62  cmsis_os.o(i.osSemaphoreCreate)
    osThreadCreate                           0x0800464d   Thumb Code    84  cmsis_os.o(i.osThreadCreate)
    osTimerCreate                            0x080046a1   Thumb Code    60  cmsis_os.o(i.osTimerCreate)
    pvPortMalloc                             0x08004e6d   Thumb Code   210  heap_4.o(i.pvPortMalloc)
    pvTaskIncrementMutexHeldCount            0x08004f45   Thumb Code    18  tasks.o(i.pvTaskIncrementMutexHeldCount)
    pxPortInitialiseStack                    0x08004f5d   Thumb Code    32  port.o(i.pxPortInitialiseStack)
    uxListRemove                             0x08004f81   Thumb Code    38  list.o(i.uxListRemove)
    vApplicationGetIdleTaskMemory            0x08004fa9   Thumb Code    16  freertos.o(i.vApplicationGetIdleTaskMemory)
    vApplicationGetTimerTaskMemory           0x08004fbd   Thumb Code    18  freertos.o(i.vApplicationGetTimerTaskMemory)
    vListInitialise                          0x08004fd5   Thumb Code    22  list.o(i.vListInitialise)
    vListInitialiseItem                      0x08004feb   Thumb Code     6  list.o(i.vListInitialiseItem)
    vListInsert                              0x08004ff1   Thumb Code    48  list.o(i.vListInsert)
    vListInsertEnd                           0x08005021   Thumb Code    24  list.o(i.vListInsertEnd)
    vPortEnterCritical                       0x08005039   Thumb Code    54  port.o(i.vPortEnterCritical)
    vPortExitCritical                        0x08005079   Thumb Code    34  port.o(i.vPortExitCritical)
    vPortFree                                0x080050a1   Thumb Code    88  heap_4.o(i.vPortFree)
    vPortSetupTimerInterrupt                 0x080050fd   Thumb Code    32  port.o(i.vPortSetupTimerInterrupt)
    vPortValidateInterruptPriority           0x08005121   Thumb Code    74  port.o(i.vPortValidateInterruptPriority)
    vQueueAddToRegistry                      0x08005175   Thumb Code    34  queue.o(i.vQueueAddToRegistry)
    vQueueWaitForMessageRestricted           0x0800519d   Thumb Code    68  queue.o(i.vQueueWaitForMessageRestricted)
    vTaskDelay                               0x080051e1   Thumb Code    66  tasks.o(i.vTaskDelay)
    vTaskInternalSetTimeOutState             0x0800522d   Thumb Code    12  tasks.o(i.vTaskInternalSetTimeOutState)
    vTaskMissedYield                         0x0800523d   Thumb Code     8  tasks.o(i.vTaskMissedYield)
    vTaskPlaceOnEventList                    0x08005249   Thumb Code    44  tasks.o(i.vTaskPlaceOnEventList)
    vTaskPlaceOnEventListRestricted          0x08005279   Thumb Code    52  tasks.o(i.vTaskPlaceOnEventListRestricted)
    vTaskPriorityDisinheritAfterTimeout      0x080052b1   Thumb Code   160  tasks.o(i.vTaskPriorityDisinheritAfterTimeout)
    vTaskStartScheduler                      0x08005359   Thumb Code   118  tasks.o(i.vTaskStartScheduler)
    vTaskSuspendAll                          0x080053e1   Thumb Code    10  tasks.o(i.vTaskSuspendAll)
    vTaskSwitchContext                       0x080053f1   Thumb Code    82  tasks.o(i.vTaskSwitchContext)
    xPortStartScheduler                      0x0800544d   Thumb Code   154  port.o(i.xPortStartScheduler)
    xQueueGenericCreate                      0x080054f5   Thumb Code    72  queue.o(i.xQueueGenericCreate)
    xQueueGenericCreateStatic                0x0800553d   Thumb Code   102  queue.o(i.xQueueGenericCreateStatic)
    xQueueGenericReset                       0x080055a5   Thumb Code   132  queue.o(i.xQueueGenericReset)
    xQueueGenericSend                        0x0800562d   Thumb Code   346  queue.o(i.xQueueGenericSend)
    xQueueGenericSendFromISR                 0x0800578d   Thumb Code   188  queue.o(i.xQueueGenericSendFromISR)
    xQueueReceive                            0x08005849   Thumb Code   308  queue.o(i.xQueueReceive)
    xQueueSemaphoreTake                      0x08005981   Thumb Code   372  queue.o(i.xQueueSemaphoreTake)
    xTaskCheckForTimeOut                     0x08005af9   Thumb Code   132  tasks.o(i.xTaskCheckForTimeOut)
    xTaskCreate                              0x08005b81   Thumb Code    90  tasks.o(i.xTaskCreate)
    xTaskCreateStatic                        0x08005bdb   Thumb Code    86  tasks.o(i.xTaskCreateStatic)
    xTaskGetSchedulerState                   0x08005c31   Thumb Code    22  tasks.o(i.xTaskGetSchedulerState)
    xTaskGetTickCount                        0x08005c4d   Thumb Code     6  tasks.o(i.xTaskGetTickCount)
    xTaskIncrementTick                       0x08005c59   Thumb Code   192  tasks.o(i.xTaskIncrementTick)
    xTaskPriorityDisinherit                  0x08005d21   Thumb Code   144  tasks.o(i.xTaskPriorityDisinherit)
    xTaskPriorityInherit                     0x08005db9   Thumb Code   138  tasks.o(i.xTaskPriorityInherit)
    xTaskRemoveFromEventList                 0x08005e4d   Thumb Code   108  tasks.o(i.xTaskRemoveFromEventList)
    xTaskResumeAll                           0x08005ec1   Thumb Code   182  tasks.o(i.xTaskResumeAll)
    xTimerCreate                             0x08005f85   Thumb Code    52  timers.o(i.xTimerCreate)
    xTimerCreateStatic                       0x08005fb9   Thumb Code    46  timers.o(i.xTimerCreateStatic)
    xTimerCreateTimerTask                    0x08005fe9   Thumb Code    78  timers.o(i.xTimerCreateTimerTask)
    xTimerGenericCommand                     0x08006049   Thumb Code    92  timers.o(i.xTimerGenericCommand)
    AHBPrescTable                            0x08006152   Data          16  system_stm32f1xx.o(.constdata)
    APBPrescTable                            0x08006162   Data           8  system_stm32f1xx.o(.constdata)
    Region$$Table$$Base                      0x0800619c   Number         0  anon$$obj.o(Region$$Table)
    Region$$Table$$Limit                     0x080061bc   Number         0  anon$$obj.o(Region$$Table)
    LEDS_OneNET_buf                          0x20000000   Data           1  freertos.o(.data)
    LIGH_OneNET_buf                          0x20000004   Data           4  freertos.o(.data)
    BH1750_TaskHandle                        0x20000008   Data           4  freertos.o(.data)
    LED_TASKHandle                           0x2000000c   Data           4  freertos.o(.data)
    INFO_TaskHandle                          0x20000010   Data           4  freertos.o(.data)
    OneNETTaskHandle                         0x20000014   Data           4  freertos.o(.data)
    myQueue01Handle                          0x20000018   Data           4  freertos.o(.data)
    myQueue02Handle                          0x2000001c   Data           4  freertos.o(.data)
    myTimer01Handle                          0x20000020   Data           4  freertos.o(.data)
    LED_FLAG_SemHandle                       0x20000024   Data           4  freertos.o(.data)
    esp8266_cnt                              0x20000028   Data           2  bsp_esp01s.o(.data)
    esp8266_cntPre                           0x2000002a   Data           2  bsp_esp01s.o(.data)
    flag_change                              0x2000002c   Data           1  onenet.o(.data)
    uwTickFreq                               0x20000030   Data           1  stm32f1xx_hal.o(.data)
    uwTickPrio                               0x20000034   Data           4  stm32f1xx_hal.o(.data)
    uwTick                                   0x20000038   Data           4  stm32f1xx_hal.o(.data)
    SystemCoreClock                          0x2000003c   Data           4  system_stm32f1xx.o(.data)
    pxCurrentTCB                             0x20000040   Data           4  tasks.o(.data)
    __stdout                                 0x200000b4   Data           4  stdout.o(.data)
    __microlib_freelist                      0x200000b8   Data           4  mvars.o(.data)
    __microlib_freelist_initialised          0x200000bc   Data           4  mvars.o(.data)
    hi2c1                                    0x20000768   Data          84  i2c.o(.bss)
    hi2c2                                    0x200007bc   Data          84  i2c.o(.bss)
    huart1                                   0x20000810   Data          72  usart.o(.bss)
    huart2                                   0x20000858   Data          72  usart.o(.bss)
    htim1                                    0x200008a0   Data          72  stm32f1xx_hal_timebase_tim.o(.bss)
    USART_TX_BUF                             0x200008e8   Data         400  bsp_esp01s.o(.bss)
    esp8266_buf                              0x20000a78   Data         128  bsp_esp01s.o(.bss)
    text                                     0x20000af8   Data          16  onenet.o(.bss)
    xQueueRegistry                           0x20000b08   Data          64  queue.o(.bss)
    __heap_base                              0x20001920   Data           0  startup_stm32f103xe.o(HEAP)
    __heap_limit                             0x20001b20   Data           0  startup_stm32f103xe.o(HEAP)
    __initial_sp                             0x20001f20   Data           0  startup_stm32f103xe.o(STACK)



==============================================================================

Memory Map of the image

  Image Entry point : 0x08000131

  Load Region LR_IROM1 (Base: 0x08000000, Size: 0x0000627c, Max: 0x00040000, ABSOLUTE)

    Execution Region ER_IROM1 (Exec base: 0x08000000, Load base: 0x08000000, Size: 0x000061bc, Max: 0x00040000, ABSOLUTE)

    Exec Addr    Load Addr    Size         Type   Attr      Idx    E Section Name        Object

    0x08000000   0x08000000   0x00000130   Data   RO            3    RESET               startup_stm32f103xe.o
    0x08000130   0x08000130   0x00000000   Code   RO         5417  * .ARM.Collect$$$$00000000  mc_w.l(entry.o)
    0x08000130   0x08000130   0x00000004   Code   RO         5737    .ARM.Collect$$$$00000001  mc_w.l(entry2.o)
    0x08000134   0x08000134   0x00000004   Code   RO         5740    .ARM.Collect$$$$00000004  mc_w.l(entry5.o)
    0x08000138   0x08000138   0x00000000   Code   RO         5742    .ARM.Collect$$$$00000008  mc_w.l(entry7b.o)
    0x08000138   0x08000138   0x00000000   Code   RO         5744    .ARM.Collect$$$$0000000A  mc_w.l(entry8b.o)
    0x08000138   0x08000138   0x00000008   Code   RO         5745    .ARM.Collect$$$$0000000B  mc_w.l(entry9a.o)
    0x08000140   0x08000140   0x00000000   Code   RO         5747    .ARM.Collect$$$$0000000D  mc_w.l(entry10a.o)
    0x08000140   0x08000140   0x00000000   Code   RO         5749    .ARM.Collect$$$$0000000F  mc_w.l(entry11a.o)
    0x08000140   0x08000140   0x00000004   Code   RO         5738    .ARM.Collect$$$$00002712  mc_w.l(entry2.o)
    0x08000144   0x08000144   0x00000096   Code   RO         5303    .emb_text           port.o
    0x080001da   0x080001da   0x00000002   PAD
    0x080001dc   0x080001dc   0x00000024   Code   RO            4    .text               startup_stm32f103xe.o
    0x08000200   0x08000200   0x00000020   Code   RO         5420    .text               mc_w.l(llushr.o)
    0x08000220   0x08000220   0x00000024   Code   RO         5422    .text               mc_w.l(memcpya.o)
    0x08000244   0x08000244   0x00000024   Code   RO         5426    .text               mc_w.l(memseta.o)
    0x08000268   0x08000268   0x00000018   Code   RO         5428    .text               mc_w.l(strcat.o)
    0x08000280   0x08000280   0x00000024   Code   RO         5430    .text               mc_w.l(strstr.o)
    0x080002a4   0x080002a4   0x00000014   Code   RO         5432    .text               mc_w.l(strchr.o)
    0x080002b8   0x080002b8   0x0000000e   Code   RO         5434    .text               mc_w.l(strlen.o)
    0x080002c6   0x080002c6   0x00000028   Code   RO         5436    .text               mc_w.l(strncat.o)
    0x080002ee   0x080002ee   0x000000de   Code   RO         5729    .text               mf_w.l(ddiv.o)
    0x080003cc   0x080003cc   0x00000012   Code   RO         5731    .text               mf_w.l(fflti.o)
    0x080003de   0x080003de   0x00000026   Code   RO         5733    .text               mf_w.l(f2d.o)
    0x08000404   0x08000404   0x00000038   Code   RO         5735    .text               mf_w.l(d2f.o)
    0x0800043c   0x0800043c   0x0000002c   Code   RO         5752    .text               mc_w.l(uidiv.o)
    0x08000468   0x08000468   0x00000062   Code   RO         5754    .text               mc_w.l(uldiv.o)
    0x080004ca   0x080004ca   0x00000000   Code   RO         5758    .text               mc_w.l(iusefp.o)
    0x080004ca   0x080004ca   0x0000006e   Code   RO         5759    .text               mf_w.l(fepilogue.o)
    0x08000538   0x08000538   0x000000ba   Code   RO         5761    .text               mf_w.l(depilogue.o)
    0x080005f2   0x080005f2   0x0000014e   Code   RO         5763    .text               mf_w.l(dadd.o)
    0x08000740   0x08000740   0x000000e4   Code   RO         5765    .text               mf_w.l(dmul.o)
    0x08000824   0x08000824   0x00000030   Code   RO         5767    .text               mf_w.l(dfixul.o)
    0x08000854   0x08000854   0x00000030   Code   RO         5769    .text               mf_w.l(cdrcmple.o)
    0x08000884   0x08000884   0x00000024   Code   RO         5771    .text               mc_w.l(init.o)
    0x080008a8   0x080008a8   0x0000001e   Code   RO         5773    .text               mc_w.l(llshl.o)
    0x080008c6   0x080008c6   0x00000024   Code   RO         5775    .text               mc_w.l(llsshr.o)
    0x080008ea   0x080008ea   0x00000002   PAD
    0x080008ec   0x080008ec   0x000000ec   Code   RO          319    i.BH1750Task        freertos.o
    0x080009d8   0x080009d8   0x00000002   Code   RO          542    i.BusFault_Handler  stm32f1xx_it.o
    0x080009da   0x080009da   0x00000002   Code   RO          543    i.DebugMon_Handler  stm32f1xx_it.o
    0x080009dc   0x080009dc   0x0000001c   Code   RO          799    i.ESP8266_Clear     bsp_esp01s.o
    0x080009f8   0x080009f8   0x00000040   Code   RO          800    i.ESP8266_GetIPD    bsp_esp01s.o
    0x08000a38   0x08000a38   0x000001e0   Code   RO          801    i.ESP8266_Init      bsp_esp01s.o
    0x08000c18   0x08000c18   0x00000048   Code   RO          802    i.ESP8266_SendCmd   bsp_esp01s.o
    0x08000c60   0x08000c60   0x00000048   Code   RO          803    i.ESP8266_SendData  bsp_esp01s.o
    0x08000ca8   0x08000ca8   0x00000020   Code   RO          804    i.ESP8266_WaitRecive  bsp_esp01s.o
    0x08000cc8   0x08000cc8   0x00000004   Code   RO           13    i.Error_Handler     main.o
    0x08000ccc   0x08000ccc   0x00000046   Code   RO         1529    i.HAL_DMA_Abort     stm32f1xx_hal_dma.o
    0x08000d12   0x08000d12   0x00000002   PAD
    0x08000d14   0x08000d14   0x00000130   Code   RO         1530    i.HAL_DMA_Abort_IT  stm32f1xx_hal_dma.o
    0x08000e44   0x08000e44   0x00000024   Code   RO         1155    i.HAL_Delay         stm32f1xx_hal.o
    0x08000e68   0x08000e68   0x000001f8   Code   RO         1465    i.HAL_GPIO_Init     stm32f1xx_hal_gpio.o
    0x08001060   0x08001060   0x0000000a   Code   RO         1469    i.HAL_GPIO_WritePin  stm32f1xx_hal_gpio.o
    0x0800106a   0x0800106a   0x00000002   PAD
    0x0800106c   0x0800106c   0x0000000c   Code   RO         1159    i.HAL_GetTick       stm32f1xx_hal.o
    0x08001078   0x08001078   0x00000188   Code   RO         2136    i.HAL_I2C_Init      stm32f1xx_hal_i2c.o
    0x08001200   0x08001200   0x00000250   Code   RO         2142    i.HAL_I2C_Master_Receive  stm32f1xx_hal_i2c.o
    0x08001450   0x08001450   0x0000012c   Code   RO         2149    i.HAL_I2C_Master_Transmit  stm32f1xx_hal_i2c.o
    0x0800157c   0x0800157c   0x00000098   Code   RO          441    i.HAL_I2C_MspInit   i2c.o
    0x08001614   0x08001614   0x00000010   Code   RO         1165    i.HAL_IncTick       stm32f1xx_hal.o
    0x08001624   0x08001624   0x00000024   Code   RO         1166    i.HAL_Init          stm32f1xx_hal.o
    0x08001648   0x08001648   0x00000074   Code   RO          636    i.HAL_InitTick      stm32f1xx_hal_timebase_tim.o
    0x080016bc   0x080016bc   0x00000048   Code   RO          612    i.HAL_MspInit       stm32f1xx_hal_msp.o
    0x08001704   0x08001704   0x0000001a   Code   RO         1625    i.HAL_NVIC_EnableIRQ  stm32f1xx_hal_cortex.o
    0x0800171e   0x0800171e   0x00000002   PAD
    0x08001720   0x08001720   0x00000040   Code   RO         1631    i.HAL_NVIC_SetPriority  stm32f1xx_hal_cortex.o
    0x08001760   0x08001760   0x00000024   Code   RO         1632    i.HAL_NVIC_SetPriorityGrouping  stm32f1xx_hal_cortex.o
    0x08001784   0x08001784   0x0000012c   Code   RO         1323    i.HAL_RCC_ClockConfig  stm32f1xx_hal_rcc.o
    0x080018b0   0x080018b0   0x00000040   Code   RO         1327    i.HAL_RCC_GetClockConfig  stm32f1xx_hal_rcc.o
    0x080018f0   0x080018f0   0x00000020   Code   RO         1330    i.HAL_RCC_GetPCLK1Freq  stm32f1xx_hal_rcc.o
    0x08001910   0x08001910   0x00000020   Code   RO         1331    i.HAL_RCC_GetPCLK2Freq  stm32f1xx_hal_rcc.o
    0x08001930   0x08001930   0x0000004c   Code   RO         1332    i.HAL_RCC_GetSysClockFreq  stm32f1xx_hal_rcc.o
    0x0800197c   0x0800197c   0x00000320   Code   RO         1335    i.HAL_RCC_OscConfig  stm32f1xx_hal_rcc.o
    0x08001c9c   0x08001c9c   0x00000002   Code   RO         3268    i.HAL_TIMEx_BreakCallback  stm32f1xx_hal_tim_ex.o
    0x08001c9e   0x08001c9e   0x00000002   Code   RO         3269    i.HAL_TIMEx_CommutCallback  stm32f1xx_hal_tim_ex.o
    0x08001ca0   0x08001ca0   0x0000005a   Code   RO         2564    i.HAL_TIM_Base_Init  stm32f1xx_hal_tim.o
    0x08001cfa   0x08001cfa   0x00000002   Code   RO         2566    i.HAL_TIM_Base_MspInit  stm32f1xx_hal_tim.o
    0x08001cfc   0x08001cfc   0x0000006c   Code   RO         2569    i.HAL_TIM_Base_Start_IT  stm32f1xx_hal_tim.o
    0x08001d68   0x08001d68   0x00000002   Code   RO         2598    i.HAL_TIM_IC_CaptureCallback  stm32f1xx_hal_tim.o
    0x08001d6a   0x08001d6a   0x00000166   Code   RO         2612    i.HAL_TIM_IRQHandler  stm32f1xx_hal_tim.o
    0x08001ed0   0x08001ed0   0x00000002   Code   RO         2615    i.HAL_TIM_OC_DelayElapsedCallback  stm32f1xx_hal_tim.o
    0x08001ed2   0x08001ed2   0x00000002   Code   RO         2642    i.HAL_TIM_PWM_PulseFinishedCallback  stm32f1xx_hal_tim.o
    0x08001ed4   0x08001ed4   0x00000014   Code   RO           14    i.HAL_TIM_PeriodElapsedCallback  main.o
    0x08001ee8   0x08001ee8   0x00000002   Code   RO         2655    i.HAL_TIM_TriggerCallback  stm32f1xx_hal_tim.o
    0x08001eea   0x08001eea   0x00000002   Code   RO         3547    i.HAL_UARTEx_RxEventCallback  stm32f1xx_hal_uart.o
    0x08001eec   0x08001eec   0x00000002   Code   RO         3561    i.HAL_UART_ErrorCallback  stm32f1xx_hal_uart.o
    0x08001eee   0x08001eee   0x00000002   PAD
    0x08001ef0   0x08001ef0   0x0000026c   Code   RO         3564    i.HAL_UART_IRQHandler  stm32f1xx_hal_uart.o
    0x0800215c   0x0800215c   0x00000064   Code   RO         3565    i.HAL_UART_Init     stm32f1xx_hal_uart.o
    0x080021c0   0x080021c0   0x000000cc   Code   RO          489    i.HAL_UART_MspInit  usart.o
    0x0800228c   0x0800228c   0x000000ac   Code   RO         3568    i.HAL_UART_Receive  stm32f1xx_hal_uart.o
    0x08002338   0x08002338   0x00000002   Code   RO         3571    i.HAL_UART_RxCpltCallback  stm32f1xx_hal_uart.o
    0x0800233a   0x0800233a   0x0000009a   Code   RO         3573    i.HAL_UART_Transmit  stm32f1xx_hal_uart.o
    0x080023d4   0x080023d4   0x00000002   Code   RO         3576    i.HAL_UART_TxCpltCallback  stm32f1xx_hal_uart.o
    0x080023d6   0x080023d6   0x00000002   Code   RO          544    i.HardFault_Handler  stm32f1xx_it.o
    0x080023d8   0x080023d8   0x00000018   Code   RO          756    i.I2C_BH1750_Data_Read  bsp_bh1750.o
    0x080023f0   0x080023f0   0x00000018   Code   RO          757    i.I2C_BH1750_Opecode_Write  bsp_bh1750.o
    0x08002408   0x08002408   0x0000002e   Code   RO         2179    i.I2C_IsAcknowledgeFailed  stm32f1xx_hal_i2c.o
    0x08002436   0x08002436   0x00000002   PAD
    0x08002438   0x08002438   0x000000ec   Code   RO         2182    i.I2C_MasterRequestRead  stm32f1xx_hal_i2c.o
    0x08002524   0x08002524   0x0000009c   Code   RO         2183    i.I2C_MasterRequestWrite  stm32f1xx_hal_i2c.o
    0x080025c0   0x080025c0   0x00000056   Code   RO         2194    i.I2C_WaitOnBTFFlagUntilTimeout  stm32f1xx_hal_i2c.o
    0x08002616   0x08002616   0x00000002   PAD
    0x08002618   0x08002618   0x00000090   Code   RO         2195    i.I2C_WaitOnFlagUntilTimeout  stm32f1xx_hal_i2c.o
    0x080026a8   0x080026a8   0x000000bc   Code   RO         2196    i.I2C_WaitOnMasterAddressFlagUntilTimeout  stm32f1xx_hal_i2c.o
    0x08002764   0x08002764   0x00000070   Code   RO         2197    i.I2C_WaitOnRXNEFlagUntilTimeout  stm32f1xx_hal_i2c.o
    0x080027d4   0x080027d4   0x00000056   Code   RO         2198    i.I2C_WaitOnTXEFlagUntilTimeout  stm32f1xx_hal_i2c.o
    0x0800282a   0x0800282a   0x00000002   PAD
    0x0800282c   0x0800282c   0x0000004c   Code   RO          320    i.INFOTask          freertos.o
    0x08002878   0x08002878   0x00000048   Code   RO          758    i.Init_BH1750       bsp_bh1750.o
    0x080028c0   0x080028c0   0x00000080   Code   RO          321    i.LEDTask           freertos.o
    0x08002940   0x08002940   0x0000001c   Code   RO          878    i.MQTT_DeleteBuffer  mqttkit.o
    0x0800295c   0x0800295c   0x00000026   Code   RO          879    i.MQTT_DumpLength   mqttkit.o
    0x08002982   0x08002982   0x00000052   Code   RO          880    i.MQTT_NewBuffer    mqttkit.o
    0x080029d4   0x080029d4   0x0000007c   Code   RO          881    i.MQTT_PacketCmdResp  mqttkit.o
    0x08002a50   0x08002a50   0x00000264   Code   RO          882    i.MQTT_PacketConnect  mqttkit.o
    0x08002cb4   0x08002cb4   0x00000108   Code   RO          885    i.MQTT_PacketPublish  mqttkit.o
    0x08002dbc   0x08002dbc   0x00000050   Code   RO          890    i.MQTT_PacketSaveData  mqttkit.o
    0x08002e0c   0x08002e0c   0x0000003e   Code   RO          893    i.MQTT_ReadLength   mqttkit.o
    0x08002e4a   0x08002e4a   0x00000082   Code   RO          894    i.MQTT_UnPacketCmd  mqttkit.o
    0x08002ecc   0x08002ecc   0x0000001a   Code   RO          895    i.MQTT_UnPacketConnectAck  mqttkit.o
    0x08002ee6   0x08002ee6   0x00000018   Code   RO          897    i.MQTT_UnPacketPublishAck  mqttkit.o
    0x08002efe   0x08002efe   0x00000002   PAD
    0x08002f00   0x08002f00   0x00000060   Code   RO          901    i.MQTT_UnPacketRecv  mqttkit.o
    0x08002f60   0x08002f60   0x000000c0   Code   RO          322    i.MX_FREERTOS_Init  freertos.o
    0x08003020   0x08003020   0x00000080   Code   RO          207    i.MX_GPIO_Init      gpio.o
    0x080030a0   0x080030a0   0x00000040   Code   RO          442    i.MX_I2C1_Init      i2c.o
    0x080030e0   0x080030e0   0x00000040   Code   RO          443    i.MX_I2C2_Init      i2c.o
    0x08003120   0x08003120   0x00000038   Code   RO          490    i.MX_USART1_UART_Init  usart.o
    0x08003158   0x08003158   0x00000038   Code   RO          491    i.MX_USART2_UART_Init  usart.o
    0x08003190   0x08003190   0x00000002   Code   RO          545    i.MemManage_Handler  stm32f1xx_it.o
    0x08003192   0x08003192   0x00000002   Code   RO          546    i.NMI_Handler       stm32f1xx_it.o
    0x08003194   0x08003194   0x00000054   Code   RO          323    i.OneNET_Task       freertos.o
    0x080031e8   0x080031e8   0x00000250   Code   RO         1054    i.OneNet_DevLink    onenet.o
    0x08003438   0x08003438   0x00000110   Code   RO         1055    i.OneNet_FillBuf    onenet.o
    0x08003548   0x08003548   0x00000134   Code   RO         1057    i.OneNet_RevPro     onenet.o
    0x0800367c   0x0800367c   0x000000b8   Code   RO         1058    i.OneNet_SendData   onenet.o
    0x08003734   0x08003734   0x0000002c   Code   RO         5304    i.SysTick_Handler   port.o
    0x08003760   0x08003760   0x0000005e   Code   RO           15    i.SystemClock_Config  main.o
    0x080037be   0x080037be   0x00000002   Code   RO         3899    i.SystemInit        system_stm32f1xx.o
    0x080037c0   0x080037c0   0x0000000c   Code   RO          547    i.TIM1_UP_IRQHandler  stm32f1xx_it.o
    0x080037cc   0x080037cc   0x0000008c   Code   RO         2657    i.TIM_Base_SetConfig  stm32f1xx_hal_tim.o
    0x08003858   0x08003858   0x00000002   Code   RO          324    i.Timer01_Callback  freertos.o
    0x0800385a   0x0800385a   0x00000010   Code   RO         3578    i.UART_DMAAbortOnError  stm32f1xx_hal_uart.o
    0x0800386a   0x0800386a   0x0000004e   Code   RO         3588    i.UART_EndRxTransfer  stm32f1xx_hal_uart.o
    0x080038b8   0x080038b8   0x000000c2   Code   RO         3590    i.UART_Receive_IT   stm32f1xx_hal_uart.o
    0x0800397a   0x0800397a   0x00000002   PAD
    0x0800397c   0x0800397c   0x000000b8   Code   RO         3591    i.UART_SetConfig    stm32f1xx_hal_uart.o
    0x08003a34   0x08003a34   0x00000078   Code   RO         3594    i.UART_WaitOnFlagUntilTimeout  stm32f1xx_hal_uart.o
    0x08003aac   0x08003aac   0x0000004c   Code   RO          548    i.USART2_IRQHandler  stm32f1xx_it.o
    0x08003af8   0x08003af8   0x00000002   Code   RO          549    i.UsageFault_Handler  stm32f1xx_it.o
    0x08003afa   0x08003afa   0x00000002   PAD
    0x08003afc   0x08003afc   0x00000040   Code   RO          805    i.UsartPrintf       bsp_esp01s.o
    0x08003b3c   0x08003b3c   0x00000024   Code   RO          806    i.Usart_SendString  bsp_esp01s.o
    0x08003b60   0x08003b60   0x00000020   Code   RO         5673    i.__0printf         mc_w.l(printfa.o)
    0x08003b80   0x08003b80   0x00000028   Code   RO         5675    i.__0sprintf        mc_w.l(printfa.o)
    0x08003ba8   0x08003ba8   0x00000024   Code   RO         5679    i.__0vsprintf       mc_w.l(printfa.o)
    0x08003bcc   0x08003bcc   0x00000020   Code   RO         1638    i.__NVIC_SetPriority  stm32f1xx_hal_cortex.o
    0x08003bec   0x08003bec   0x0000000e   Code   RO         5779    i.__scatterload_copy  mc_w.l(handlers.o)
    0x08003bfa   0x08003bfa   0x00000002   Code   RO         5780    i.__scatterload_null  mc_w.l(handlers.o)
    0x08003bfc   0x08003bfc   0x0000000e   Code   RO         5781    i.__scatterload_zeroinit  mc_w.l(handlers.o)
    0x08003c0a   0x08003c0a   0x00000002   PAD
    0x08003c0c   0x08003c0c   0x00000184   Code   RO         5680    i._fp_digits        mc_w.l(printfa.o)
    0x08003d90   0x08003d90   0x000006dc   Code   RO         5681    i._printf_core      mc_w.l(printfa.o)
    0x0800446c   0x0800446c   0x00000024   Code   RO         5682    i._printf_post_padding  mc_w.l(printfa.o)
    0x08004490   0x08004490   0x0000002e   Code   RO         5683    i._printf_pre_padding  mc_w.l(printfa.o)
    0x080044be   0x080044be   0x0000000a   Code   RO         5685    i._sputc            mc_w.l(printfa.o)
    0x080044c8   0x080044c8   0x00000018   Code   RO          492    i.fputc             usart.o
    0x080044e0   0x080044e0   0x00000050   Code   RO         5701    i.free              mc_w.l(malloc.o)
    0x08004530   0x08004530   0x00000026   Code   RO           16    i.main              main.o
    0x08004556   0x08004556   0x0000000c   Code   RO         4875    i.makeFreeRtosPriority  cmsis_os.o
    0x08004562   0x08004562   0x00000002   PAD
    0x08004564   0x08004564   0x0000006c   Code   RO         5702    i.malloc            mc_w.l(malloc.o)
    0x080045d0   0x080045d0   0x0000000e   Code   RO         4877    i.osDelay           cmsis_os.o
    0x080045de   0x080045de   0x0000000a   Code   RO         4880    i.osKernelStart     cmsis_os.o
    0x080045e8   0x080045e8   0x00000026   Code   RO         4889    i.osMessageCreate   cmsis_os.o
    0x0800460e   0x0800460e   0x0000003e   Code   RO         4906    i.osSemaphoreCreate  cmsis_os.o
    0x0800464c   0x0800464c   0x00000054   Code   RO         4914    i.osThreadCreate    cmsis_os.o
    0x080046a0   0x080046a0   0x00000040   Code   RO         4927    i.osTimerCreate     cmsis_os.o
    0x080046e0   0x080046e0   0x00000078   Code   RO         4411    i.prvAddCurrentTaskToDelayedList  tasks.o
    0x08004758   0x08004758   0x000000d0   Code   RO         4412    i.prvAddNewTaskToReadyList  tasks.o
    0x08004828   0x08004828   0x00000058   Code   RO         4744    i.prvCheckForValidListAndQueue  timers.o
    0x08004880   0x08004880   0x00000026   Code   RO         4077    i.prvCopyDataFromQueue  queue.o
    0x080048a6   0x080048a6   0x0000006c   Code   RO         4078    i.prvCopyDataToQueue  queue.o
    0x08004912   0x08004912   0x00000034   Code   RO         4413    i.prvDeleteTCB      tasks.o
    0x08004946   0x08004946   0x00000002   PAD
    0x08004948   0x08004948   0x0000004c   Code   RO         5254    i.prvHeapInit       heap_4.o
    0x08004994   0x08004994   0x00000060   Code   RO         4414    i.prvIdleTask       tasks.o
    0x080049f4   0x080049f4   0x00000016   Code   RO         4080    i.prvInitialiseNewQueue  queue.o
    0x08004a0a   0x08004a0a   0x000000a0   Code   RO         4415    i.prvInitialiseNewTask  tasks.o
    0x08004aaa   0x08004aaa   0x00000044   Code   RO         4745    i.prvInitialiseNewTimer  timers.o
    0x08004aee   0x08004aee   0x00000002   PAD
    0x08004af0   0x08004af0   0x0000004c   Code   RO         5255    i.prvInsertBlockIntoFreeList  heap_4.o
    0x08004b3c   0x08004b3c   0x00000038   Code   RO         4746    i.prvInsertTimerInActiveList  timers.o
    0x08004b74   0x08004b74   0x0000001c   Code   RO         4081    i.prvIsQueueEmpty   queue.o
    0x08004b90   0x08004b90   0x000000bc   Code   RO         4747    i.prvProcessReceivedCommands  timers.o
    0x08004c4c   0x08004c4c   0x000000b4   Code   RO         4748    i.prvProcessTimerOrBlockTask  timers.o
    0x08004d00   0x08004d00   0x00000020   Code   RO         4416    i.prvResetNextTaskUnblockTime  tasks.o
    0x08004d20   0x08004d20   0x00000028   Code   RO         4749    i.prvSampleTimeNow  timers.o
    0x08004d48   0x08004d48   0x0000006c   Code   RO         4750    i.prvSwitchTimerLists  timers.o
    0x08004db4   0x08004db4   0x00000028   Code   RO         5305    i.prvTaskExitError  port.o
    0x08004ddc   0x08004ddc   0x00000024   Code   RO         4751    i.prvTimerTask      timers.o
    0x08004e00   0x08004e00   0x0000006a   Code   RO         4082    i.prvUnlockQueue    queue.o
    0x08004e6a   0x08004e6a   0x00000002   PAD
    0x08004e6c   0x08004e6c   0x000000d8   Code   RO         5256    i.pvPortMalloc      heap_4.o
    0x08004f44   0x08004f44   0x00000018   Code   RO         4419    i.pvTaskIncrementMutexHeldCount  tasks.o
    0x08004f5c   0x08004f5c   0x00000024   Code   RO         5306    i.pxPortInitialiseStack  port.o
    0x08004f80   0x08004f80   0x00000026   Code   RO         4037    i.uxListRemove      list.o
    0x08004fa6   0x08004fa6   0x00000002   PAD
    0x08004fa8   0x08004fa8   0x00000014   Code   RO          325    i.vApplicationGetIdleTaskMemory  freertos.o
    0x08004fbc   0x08004fbc   0x00000018   Code   RO          326    i.vApplicationGetTimerTaskMemory  freertos.o
    0x08004fd4   0x08004fd4   0x00000016   Code   RO         4038    i.vListInitialise   list.o
    0x08004fea   0x08004fea   0x00000006   Code   RO         4039    i.vListInitialiseItem  list.o
    0x08004ff0   0x08004ff0   0x00000030   Code   RO         4040    i.vListInsert       list.o
    0x08005020   0x08005020   0x00000018   Code   RO         4041    i.vListInsertEnd    list.o
    0x08005038   0x08005038   0x00000040   Code   RO         5308    i.vPortEnterCritical  port.o
    0x08005078   0x08005078   0x00000028   Code   RO         5309    i.vPortExitCritical  port.o
    0x080050a0   0x080050a0   0x0000005c   Code   RO         5257    i.vPortFree         heap_4.o
    0x080050fc   0x080050fc   0x00000024   Code   RO         5310    i.vPortSetupTimerInterrupt  port.o
    0x08005120   0x08005120   0x00000054   Code   RO         5311    i.vPortValidateInterruptPriority  port.o
    0x08005174   0x08005174   0x00000028   Code   RO         4086    i.vQueueAddToRegistry  queue.o
    0x0800519c   0x0800519c   0x00000044   Code   RO         4089    i.vQueueWaitForMessageRestricted  queue.o
    0x080051e0   0x080051e0   0x0000004c   Code   RO         4426    i.vTaskDelay        tasks.o
    0x0800522c   0x0800522c   0x00000010   Code   RO         4430    i.vTaskInternalSetTimeOutState  tasks.o
    0x0800523c   0x0800523c   0x0000000c   Code   RO         4431    i.vTaskMissedYield  tasks.o
    0x08005248   0x08005248   0x00000030   Code   RO         4433    i.vTaskPlaceOnEventList  tasks.o
    0x08005278   0x08005278   0x00000038   Code   RO         4434    i.vTaskPlaceOnEventListRestricted  tasks.o
    0x080052b0   0x080052b0   0x000000a8   Code   RO         4436    i.vTaskPriorityDisinheritAfterTimeout  tasks.o
    0x08005358   0x08005358   0x00000088   Code   RO         4441    i.vTaskStartScheduler  tasks.o
    0x080053e0   0x080053e0   0x00000010   Code   RO         4443    i.vTaskSuspendAll   tasks.o
    0x080053f0   0x080053f0   0x0000005c   Code   RO         4444    i.vTaskSwitchContext  tasks.o
    0x0800544c   0x0800544c   0x000000a8   Code   RO         5312    i.xPortStartScheduler  port.o
    0x080054f4   0x080054f4   0x00000048   Code   RO         4092    i.xQueueGenericCreate  queue.o
    0x0800553c   0x0800553c   0x00000066   Code   RO         4093    i.xQueueGenericCreateStatic  queue.o
    0x080055a2   0x080055a2   0x00000002   PAD
    0x080055a4   0x080055a4   0x00000088   Code   RO         4094    i.xQueueGenericReset  queue.o
    0x0800562c   0x0800562c   0x00000160   Code   RO         4095    i.xQueueGenericSend  queue.o
    0x0800578c   0x0800578c   0x000000bc   Code   RO         4096    i.xQueueGenericSendFromISR  queue.o
    0x08005848   0x08005848   0x00000138   Code   RO         4104    i.xQueueReceive     queue.o
    0x08005980   0x08005980   0x00000178   Code   RO         4106    i.xQueueSemaphoreTake  queue.o
    0x08005af8   0x08005af8   0x00000088   Code   RO         4446    i.xTaskCheckForTimeOut  tasks.o
    0x08005b80   0x08005b80   0x0000005a   Code   RO         4447    i.xTaskCreate       tasks.o
    0x08005bda   0x08005bda   0x00000056   Code   RO         4448    i.xTaskCreateStatic  tasks.o
    0x08005c30   0x08005c30   0x0000001c   Code   RO         4453    i.xTaskGetSchedulerState  tasks.o
    0x08005c4c   0x08005c4c   0x0000000c   Code   RO         4454    i.xTaskGetTickCount  tasks.o
    0x08005c58   0x08005c58   0x000000c8   Code   RO         4456    i.xTaskIncrementTick  tasks.o
    0x08005d20   0x08005d20   0x00000098   Code   RO         4459    i.xTaskPriorityDisinherit  tasks.o
    0x08005db8   0x08005db8   0x00000094   Code   RO         4460    i.xTaskPriorityInherit  tasks.o
    0x08005e4c   0x08005e4c   0x00000074   Code   RO         4461    i.xTaskRemoveFromEventList  tasks.o
    0x08005ec0   0x08005ec0   0x000000c4   Code   RO         4462    i.xTaskResumeAll    tasks.o
    0x08005f84   0x08005f84   0x00000034   Code   RO         4754    i.xTimerCreate      timers.o
    0x08005fb8   0x08005fb8   0x0000002e   Code   RO         4755    i.xTimerCreateStatic  timers.o
    0x08005fe6   0x08005fe6   0x00000002   PAD
    0x08005fe8   0x08005fe8   0x00000060   Code   RO         4756    i.xTimerCreateTimerTask  timers.o
    0x08006048   0x08006048   0x00000060   Code   RO         4757    i.xTimerGenericCommand  timers.o
    0x080060a8   0x080060a8   0x00000098   Data   RO          328    .constdata          freertos.o
    0x08006140   0x08006140   0x00000012   Data   RO         1336    .constdata          stm32f1xx_hal_rcc.o
    0x08006152   0x08006152   0x00000010   Data   RO         3900    .constdata          system_stm32f1xx.o
    0x08006162   0x08006162   0x00000008   Data   RO         3901    .constdata          system_stm32f1xx.o
    0x0800616a   0x0800616a   0x00000002   PAD
    0x0800616c   0x0800616c   0x0000002e   Data   RO          329    .conststring        freertos.o
    0x0800619a   0x0800619a   0x00000002   PAD
    0x0800619c   0x0800619c   0x00000020   Data   RO         5777    Region$$Table       anon$$obj.o


    Execution Region RW_IRAM1 (Exec base: 0x20000000, Load base: 0x080061bc, Size: 0x00001f20, Max: 0x0000c000, ABSOLUTE)

    Exec Addr    Load Addr    Size         Type   Attr      Idx    E Section Name        Object

    0x20000000   0x080061bc   0x00000028   Data   RW          330    .data               freertos.o
    0x20000028   0x080061e4   0x00000004   Data   RW          808    .data               bsp_esp01s.o
    0x2000002c   0x080061e8   0x00000001   Data   RW         1061    .data               onenet.o
    0x2000002d   0x080061e9   0x00000003   PAD
    0x20000030   0x080061ec   0x0000000c   Data   RW         1173    .data               stm32f1xx_hal.o
    0x2000003c   0x080061f8   0x00000004   Data   RW         3902    .data               system_stm32f1xx.o
    0x20000040   0x080061fc   0x0000003c   Data   RW         4465    .data               tasks.o
    0x2000007c   0x08006238   0x00000014   Data   RW         4763    .data               timers.o
    0x20000090   0x0800624c   0x00000018   Data   RW         5262    .data               heap_4.o
    0x200000a8   0x08006264   0x0000000c   Data   RW         5313    .data               port.o
    0x200000b4   0x08006270   0x00000004   Data   RW         5751    .data               mc_w.l(stdout.o)
    0x200000b8   0x08006274   0x00000004   Data   RW         5756    .data               mc_w.l(mvars.o)
    0x200000bc   0x08006278   0x00000004   Data   RW         5757    .data               mc_w.l(mvars.o)
    0x200000c0        -       0x000006a8   Zero   RW          327    .bss                freertos.o
    0x20000768        -       0x000000a8   Zero   RW          444    .bss                i2c.o
    0x20000810        -       0x00000090   Zero   RW          493    .bss                usart.o
    0x200008a0        -       0x00000048   Zero   RW          639    .bss                stm32f1xx_hal_timebase_tim.o
    0x200008e8        -       0x00000210   Zero   RW          807    .bss                bsp_esp01s.o
    0x20000af8        -       0x00000010   Zero   RW         1060    .bss                onenet.o
    0x20000b08        -       0x00000040   Zero   RW         4107    .bss                queue.o
    0x20000b48        -       0x000000f0   Zero   RW         4464    .bss                tasks.o
    0x20000c38        -       0x000000e8   Zero   RW         4762    .bss                timers.o
    0x20000d20        -       0x00000c00   Zero   RW         5261    .bss                heap_4.o
    0x20001920        -       0x00000200   Zero   RW            2    HEAP                startup_stm32f103xe.o
    0x20001b20        -       0x00000400   Zero   RW            1    STACK               startup_stm32f103xe.o


==============================================================================

Image component sizes


      Code (inc. data)   RO Data    RW Data    ZI Data      Debug   Object Name

       120         50          0          0          0       2240   bsp_bh1750.o
       848        346          0          4        528       6499   bsp_esp01s.o
       284          4          0          0          0      24731   cmsis_os.o
         0          0          0          0          0      18008   event_groups.o
       762        166        198         40       1704      13342   freertos.o
       128         10          0          0          0     416163   gpio.o
       460         24          0         24       3072       4795   heap_4.o
       280         46          0          0        168       2498   i2c.o
       138          0          0          0          0       3522   list.o
       156          6          0          0          0     510592   main.o
      1566         30          0          0          0      12339   mqttkit.o
      1356        684          0          1         16       3991   onenet.o
       662         70          0         12          0      11389   port.o
      1948         24          0          0         64      17428   queue.o
        36          8        304          0       1536        800   startup_stm32f103xe.o
       100         18          0         12          0       5982   stm32f1xx_hal.o
       158         14          0          0          0      28270   stm32f1xx_hal_cortex.o
       374          8          0          0          0       1887   stm32f1xx_hal_dma.o
       514         42          0          0          0       2956   stm32f1xx_hal_gpio.o
      2338         54          0          0          0      12790   stm32f1xx_hal_i2c.o
        72         10          0          0          0        962   stm32f1xx_hal_msp.o
      1304         94         18          0          0       5865   stm32f1xx_hal_rcc.o
       706         40          0          0          0       7276   stm32f1xx_hal_tim.o
         4          0          0          0          0       1633   stm32f1xx_hal_tim_ex.o
       116         18          0          0         72     490923   stm32f1xx_hal_timebase_tim.o
      1646         10          0          0          0      11359   stm32f1xx_hal_uart.o
       100         20          0          0          0       3714   stm32f1xx_it.o
         0          0          0          0          0        392   stream_buffer.o
         2          0         24          4          0       1167   system_stm32f1xx.o
      2476        182          0         60        240      26285   tasks.o
      1054         78          0         20        232      29403   timers.o
       340         38          0          0        144       3215   usart.o

    ----------------------------------------------------------------------
     20084       2094        580        180       7776    1682416   Object Totals
         0          0         32          0          0          0   (incl. Generated)
        36          0          4          3          0          0   (incl. Padding)

    ----------------------------------------------------------------------

      Code (inc. data)   RO Data    RW Data    ZI Data      Debug   Library Member Name

         0          0          0          0          0          0   entry.o
         0          0          0          0          0          0   entry10a.o
         0          0          0          0          0          0   entry11a.o
         8          4          0          0          0          0   entry2.o
         4          0          0          0          0          0   entry5.o
         0          0          0          0          0          0   entry7b.o
         0          0          0          0          0          0   entry8b.o
         8          4          0          0          0          0   entry9a.o
        30          0          0          0          0          0   handlers.o
        36          8          0          0          0         68   init.o
         0          0          0          0          0          0   iusefp.o
        30          0          0          0          0         68   llshl.o
        36          0          0          0          0         68   llsshr.o
        32          0          0          0          0         68   llushr.o
       188         20          0          0          0        160   malloc.o
        36          0          0          0          0         68   memcpya.o
        36          0          0          0          0        108   memseta.o
         0          0          0          8          0          0   mvars.o
      2344        102          0          0          0        684   printfa.o
         0          0          0          4          0          0   stdout.o
        24          0          0          0          0         68   strcat.o
        20          0          0          0          0         68   strchr.o
        14          0          0          0          0         68   strlen.o
        40          0          0          0          0         76   strncat.o
        36          0          0          0          0         80   strstr.o
        44          0          0          0          0         80   uidiv.o
        98          0          0          0          0         92   uldiv.o
        48          0          0          0          0         68   cdrcmple.o
        56          0          0          0          0         88   d2f.o
       334          0          0          0          0        148   dadd.o
       222          0          0          0          0        100   ddiv.o
       186          0          0          0          0        176   depilogue.o
        48          0          0          0          0         68   dfixul.o
       228          0          0          0          0         96   dmul.o
        38          0          0          0          0         68   f2d.o
       110          0          0          0          0        168   fepilogue.o
        18          0          0          0          0         68   fflti.o

    ----------------------------------------------------------------------
      4356        138          0         12          0       2872   Library Totals
         4          0          0          0          0          0   (incl. Padding)

    ----------------------------------------------------------------------

      Code (inc. data)   RO Data    RW Data    ZI Data      Debug   Library Name

      3064        138          0         12          0       1824   mc_w.l
      1288          0          0          0          0       1048   mf_w.l

    ----------------------------------------------------------------------
      4356        138          0         12          0       2872   Library Totals

    ----------------------------------------------------------------------

==============================================================================


      Code (inc. data)   RO Data    RW Data    ZI Data      Debug   

     24440       2232        580        192       7776    1674208   Grand Totals
     24440       2232        580        192       7776    1674208   ELF Image Totals
     24440       2232        580        192          0          0   ROM Totals

==============================================================================

    Total RO  Size (Code + RO Data)                25020 (  24.43kB)
    Total RW  Size (RW Data + ZI Data)              7968 (   7.78kB)
    Total ROM Size (Code + RO Data + RW Data)      25212 (  24.62kB)

==============================================================================

