Component: ARM Compiler 5.06 update 6 (build 750) Tool: armlink [4d35ed]

==============================================================================

Section Cross References

    startup_stm32f103xe.o(RESET) refers to startup_stm32f103xe.o(STACK) for __initial_sp
    startup_stm32f103xe.o(RESET) refers to startup_stm32f103xe.o(.text) for Reset_Handler
    startup_stm32f103xe.o(RESET) refers to stm32f1xx_it.o(i.NMI_Handler) for NMI_Handler
    startup_stm32f103xe.o(RESET) refers to stm32f1xx_it.o(i.HardFault_Handler) for HardFault_Handler
    startup_stm32f103xe.o(RESET) refers to stm32f1xx_it.o(i.MemManage_Handler) for MemManage_Handler
    startup_stm32f103xe.o(RESET) refers to stm32f1xx_it.o(i.BusFault_Handler) for BusFault_Handler
    startup_stm32f103xe.o(RESET) refers to stm32f1xx_it.o(i.UsageFault_Handler) for UsageFault_Handler
    startup_stm32f103xe.o(RESET) refers to port.o(.emb_text) for SVC_Handler
    startup_stm32f103xe.o(RESET) refers to stm32f1xx_it.o(i.DebugMon_Handler) for DebugMon_Handler
    startup_stm32f103xe.o(RESET) refers to port.o(i.SysTick_Handler) for SysTick_Handler
    startup_stm32f103xe.o(RESET) refers to stm32f1xx_it.o(i.WWDG_IRQHandler) for WWDG_IRQHandler
    startup_stm32f103xe.o(RESET) refers to stm32f1xx_it.o(i.EXTI0_IRQHandler) for EXTI0_IRQHandler
    startup_stm32f103xe.o(RESET) refers to stm32f1xx_it.o(i.TIM1_UP_IRQHandler) for TIM1_UP_IRQHandler
    startup_stm32f103xe.o(RESET) refers to stm32f1xx_it.o(i.USART2_IRQHandler) for USART2_IRQHandler
    startup_stm32f103xe.o(.text) refers to system_stm32f1xx.o(i.SystemInit) for SystemInit
    startup_stm32f103xe.o(.text) refers to entry.o(.ARM.Collect$$$$00000000) for __main
    main.o(i.HAL_TIM_PeriodElapsedCallback) refers to stm32f1xx_hal.o(i.HAL_IncTick) for HAL_IncTick
    main.o(i.SystemClock_Config) refers to memseta.o(.text) for __aeabi_memclr4
    main.o(i.SystemClock_Config) refers to stm32f1xx_hal_rcc.o(i.HAL_RCC_OscConfig) for HAL_RCC_OscConfig
    main.o(i.SystemClock_Config) refers to stm32f1xx_hal_rcc.o(i.HAL_RCC_ClockConfig) for HAL_RCC_ClockConfig
    main.o(i.SystemClock_Config) refers to stm32f1xx_hal_rcc_ex.o(i.HAL_RCCEx_PeriphCLKConfig) for HAL_RCCEx_PeriphCLKConfig
    main.o(i.main) refers to stm32f1xx_hal.o(i.HAL_Init) for HAL_Init
    main.o(i.main) refers to main.o(i.SystemClock_Config) for SystemClock_Config
    main.o(i.main) refers to gpio.o(i.MX_GPIO_Init) for MX_GPIO_Init
    main.o(i.main) refers to usart.o(i.MX_USART1_UART_Init) for MX_USART1_UART_Init
    main.o(i.main) refers to i2c.o(i.MX_I2C1_Init) for MX_I2C1_Init
    main.o(i.main) refers to i2c.o(i.MX_I2C2_Init) for MX_I2C2_Init
    main.o(i.main) refers to usart.o(i.MX_USART2_UART_Init) for MX_USART2_UART_Init
    main.o(i.main) refers to rtc.o(i.MX_RTC_Init) for MX_RTC_Init
    main.o(i.main) refers to wwdg.o(i.MX_WWDG_Init) for MX_WWDG_Init
    main.o(i.main) refers to freertos.o(i.MX_FREERTOS_Init) for MX_FREERTOS_Init
    main.o(i.main) refers to cmsis_os.o(i.osKernelStart) for osKernelStart
    gpio.o(i.MX_GPIO_Init) refers to stm32f1xx_hal_gpio.o(i.HAL_GPIO_WritePin) for HAL_GPIO_WritePin
    gpio.o(i.MX_GPIO_Init) refers to stm32f1xx_hal_gpio.o(i.HAL_GPIO_Init) for HAL_GPIO_Init
    gpio.o(i.MX_GPIO_Init) refers to stm32f1xx_hal_cortex.o(i.HAL_NVIC_SetPriority) for HAL_NVIC_SetPriority
    gpio.o(i.MX_GPIO_Init) refers to stm32f1xx_hal_cortex.o(i.HAL_NVIC_EnableIRQ) for HAL_NVIC_EnableIRQ
    freertos.o(i.BH1750Task) refers to bsp_bh1750.o(i.Init_BH1750) for Init_BH1750
    freertos.o(i.BH1750Task) refers to stm32f1xx_hal.o(i.HAL_Delay) for HAL_Delay
    freertos.o(i.BH1750Task) refers to bsp_bh1750.o(i.I2C_BH1750_Opecode_Write) for I2C_BH1750_Opecode_Write
    freertos.o(i.BH1750Task) refers to printfa.o(i.__0printf) for __2printf
    freertos.o(i.BH1750Task) refers to bsp_bh1750.o(i.I2C_BH1750_Data_Read) for I2C_BH1750_Data_Read
    freertos.o(i.BH1750Task) refers to fflti.o(.text) for __aeabi_i2f
    freertos.o(i.BH1750Task) refers to f2d.o(.text) for __aeabi_f2d
    freertos.o(i.BH1750Task) refers to ddiv.o(.text) for __aeabi_ddiv
    freertos.o(i.BH1750Task) refers to d2f.o(.text) for __aeabi_d2f
    freertos.o(i.BH1750Task) refers to queue.o(i.xQueueGenericSend) for xQueueGenericSend
    freertos.o(i.BH1750Task) refers to cmsis_os.o(i.osDelay) for osDelay
    freertos.o(i.BH1750Task) refers to freertos.o(.data) for .data
    freertos.o(i.INFOTask) refers to queue.o(i.xQueueReceive) for xQueueReceive
    freertos.o(i.INFOTask) refers to printfa.o(i.__0printf) for __2printf
    freertos.o(i.INFOTask) refers to cmsis_os.o(i.osDelay) for osDelay
    freertos.o(i.INFOTask) refers to freertos.o(.data) for .data
    freertos.o(i.LEDTask) refers to queue.o(i.xQueueReceive) for xQueueReceive
    freertos.o(i.LEDTask) refers to stm32f1xx_hal_gpio.o(i.HAL_GPIO_WritePin) for HAL_GPIO_WritePin
    freertos.o(i.LEDTask) refers to queue.o(i.xQueueGenericSend) for xQueueGenericSend
[...]
    pxOverflowTimerList                      0x20000094   Data           4  timers.o(.data)
    xTimerQueue                              0x20000098   Data           4  timers.o(.data)
    xTimerTaskHandle                         0x2000009c   Data           4  timers.o(.data)
    xLastTime                                0x200000a0   Data           4  timers.o(.data)
    .data                                    0x200000a4   Section       24  heap_4.o(.data)
    pxEnd                                    0x200000a4   Data           4  heap_4.o(.data)
    xFreeBytesRemaining                      0x200000a8   Data           4  heap_4.o(.data)
    xMinimumEverFreeBytesRemaining           0x200000ac   Data           4  heap_4.o(.data)
    xBlockAllocatedBit                       0x200000b0   Data           4  heap_4.o(.data)
    xStart                                   0x200000b4   Data           8  heap_4.o(.data)
    .data                                    0x200000bc   Section       12  port.o(.data)
    ucMaxSysCallPriority                     0x200000bc   Data           1  port.o(.data)
    uxCriticalNesting                        0x200000c0   Data           4  port.o(.data)
    ulMaxPRIGROUPValue                       0x200000c4   Data           4  port.o(.data)
    .data                                    0x200000c8   Section        4  stdout.o(.data)
    .data                                    0x200000cc   Section        4  mvars.o(.data)
    .data                                    0x200000d0   Section        4  mvars.o(.data)
    .bss                                     0x200000d4   Section      600  freertos.o(.bss)
    .bss                                     0x2000032c   Section      600  freertos.o(.bss)
    .bss                                     0x20000584   Section     1704  freertos.o(.bss)
    xIdleTaskTCBBuffer                       0x20000584   Data          84  freertos.o(.bss)
    xIdleStack                               0x200005d8   Data         512  freertos.o(.bss)
    xTimerTaskTCBBuffer                      0x200007d8   Data          84  freertos.o(.bss)
    xTimerStack                              0x2000082c   Data        1024  freertos.o(.bss)
    .bss                                     0x20000c2c   Section      168  i2c.o(.bss)
    .bss                                     0x20000cd4   Section       20  rtc.o(.bss)
    .bss                                     0x20000ce8   Section      144  usart.o(.bss)
    .bss                                     0x20000d78   Section       20  wwdg.o(.bss)
    .bss                                     0x20000d8c   Section       72  stm32f1xx_hal_timebase_tim.o(.bss)
    .bss                                     0x20000dd4   Section      528  bsp_esp01s.o(.bss)
    .bss                                     0x20000fe4   Section       16  onenet.o(.bss)
    .bss                                     0x20000ff4   Section      256  bsp_max30102_fir.o(.bss)
    firStateF32_ir                           0x2000100c   Data         116  bsp_max30102_fir.o(.bss)
    firStateF32_red                          0x20001080   Data         116  bsp_max30102_fir.o(.bss)
    .bss                                     0x200010f4   Section       64  queue.o(.bss)
    .bss                                     0x20001134   Section      240  tasks.o(.bss)
    pxReadyTasksLists                        0x20001134   Data         140  tasks.o(.bss)
    xDelayedTaskList1                        0x200011c0   Data          20  tasks.o(.bss)
    xDelayedTaskList2                        0x200011d4   Data          20  tasks.o(.bss)
    xPendingReadyList                        0x200011e8   Data          20  tasks.o(.bss)
    xTasksWaitingTermination                 0x200011fc   Data          20  tasks.o(.bss)
    xSuspendedTaskList                       0x20001210   Data          20  tasks.o(.bss)
    .bss                                     0x20001224   Section      432  timers.o(.bss)
    xActiveTimerList1                        0x20001224   Data          20  timers.o(.bss)
    xActiveTimerList2                        0x20001238   Data          20  timers.o(.bss)
    xStaticTimerQueue                        0x2000124c   Data          72  timers.o(.bss)
    ucStaticTimerQueueStorage                0x20001294   Data         320  timers.o(.bss)
    .bss                                     0x200013d4   Section     4000  heap_4.o(.bss)
    ucHeap                                   0x200013d4   Data        4000  heap_4.o(.bss)
    HEAP                                     0x20002378   Section      512  startup_stm32f103xe.o(HEAP)
    STACK                                    0x20002578   Section     2048  startup_stm32f103xe.o(STACK)

    Global Symbols

    Symbol Name                              Value     Ov Type        Size  Object(Section)

    BuildAttributes$$THM_ISAv4$P$D$K$B$S$PE$A:L22UL41UL21$X:L11$S22US41US21$IEEE1$IW$USESV6$~STKCKD$USESV7$~SHL$OTIME$ROPI$EBA8$MICROLIB$REQ8$PRES8$EABIv2 0x00000000   Number         0  anon$$obj.o ABSOLUTE
    __ARM_use_no_argv                        0x00000000   Number         0  main.o ABSOLUTE
    _printf_a                                0x00000000   Number         0  stubs.o ABSOLUTE
    _printf_c                                0x00000000   Number         0  stubs.o ABSOLUTE
    _printf_charcount                        0x00000000   Number         0  stubs.o ABSOLUTE
    _printf_d                                0x00000000   Number         0  stubs.o ABSOLUTE
    _printf_e                                0x00000000   Number         0  stubs.o ABSOLUTE
    _printf_f                                0x00000000   Number         0  stubs.o ABSOLUTE
    _printf_flags                            0x00000000   Number         0  stubs.o ABSOLUTE
    _printf_fp_dec                           0x00000000   Number         0  stubs.o ABSOLUTE
    _printf_fp_hex                           0x00000000   Number         0  stubs.o ABSOLUTE
    _printf_g                                0x00000000   Number         0  stubs.o ABSOLUTE
    _printf_i                                0x00000000   Number         0  stubs.o ABSOLUTE
    _printf_int_dec                          0x00000000   Number         0  stubs.o ABSOLUTE
    _printf_l                                0x00000000   Number         0  stubs.o ABSOLUTE
    _printf_lc                               0x00000000   Number         0  stubs.o ABSOLUTE
    _printf_ll                               0x00000000   Number         0  stubs.o ABSOLUTE
    _printf_lld                              0x00000000   Number         0  stubs.o ABSOLUTE
    _printf_lli                              0x00000000   Number         0  stubs.o ABSOLUTE
    _printf_llo                              0x00000000   Number         0  stubs.o ABSOLUTE
    _printf_llu                              0x00000000   Number         0  stubs.o ABSOLUTE
    _printf_llx                              0x00000000   Number         0  stubs.o ABSOLUTE
    _printf_longlong_dec                     0x00000000   Number         0  stubs.o ABSOLUTE
    _printf_longlong_hex                     0x00000000   Number         0  stubs.o ABSOLUTE
    _printf_longlong_oct                     0x00000000   Number         0  stubs.o ABSOLUTE
    _printf_ls                               0x00000000   Number         0  stubs.o ABSOLUTE
    _printf_mbtowc                           0x00000000   Number         0  stubs.o ABSOLUTE
    _printf_n                                0x00000000   Number         0  stubs.o ABSOLUTE
    _printf_o                                0x00000000   Number         0  stubs.o ABSOLUTE
    _printf_p                                0x00000000   Number         0  stubs.o ABSOLUTE
    _printf_percent                          0x00000000   Number         0  stubs.o ABSOLUTE
    _printf_pre_padding                      0x00000000   Number         0  stubs.o ABSOLUTE
    _printf_return_value                     0x00000000   Number         0  stubs.o ABSOLUTE
    _printf_s                                0x00000000   Number         0  stubs.o ABSOLUTE
    _printf_sizespec                         0x00000000   Number         0  stubs.o ABSOLUTE
    _printf_str                              0x00000000   Number         0  stubs.o ABSOLUTE
    _printf_truncate_signed                  0x00000000   Number         0  stubs.o ABSOLUTE
    _printf_truncate_unsigned                0x00000000   Number         0  stubs.o ABSOLUTE
    _printf_u                                0x00000000   Number         0  stubs.o ABSOLUTE
    _printf_wc                               0x00000000   Number         0  stubs.o ABSOLUTE
    _printf_wctomb                           0x00000000   Number         0  stubs.o ABSOLUTE
    _printf_widthprec                        0x00000000   Number         0  stubs.o ABSOLUTE
    _printf_x                                0x00000000   Number         0  stubs.o ABSOLUTE
    __cpp_initialize__aeabi_                  - Undefined Weak Reference
    __cxa_finalize                            - Undefined Weak Reference
    __decompress                              - Undefined Weak Reference
    _clock_init                               - Undefined Weak Reference
    _microlib_exit                            - Undefined Weak Reference
    __Vectors_Size                           0x00000130   Number         0  startup_stm32f103xe.o ABSOLUTE
    __Vectors                                0x08000000   Data           4  startup_stm32f103xe.o(RESET)
    __Vectors_End                            0x08000130   Data           0  startup_stm32f103xe.o(RESET)
    __main                                   0x08000131   Thumb Code     0  entry.o(.ARM.Collect$$$$00000000)
    _main_stk                                0x08000131   Thumb Code     0  entry2.o(.ARM.Collect$$$$00000001)
    _main_scatterload                        0x08000135   Thumb Code     0  entry5.o(.ARM.Collect$$$$00000004)
    __main_after_scatterload                 0x08000139   Thumb Code     0  entry5.o(.ARM.Collect$$$$00000004)
    _main_clock                              0x08000139   Thumb Code     0  entry7b.o(.ARM.Collect$$$$00000008)
    _main_cpp_init                           0x08000139   Thumb Code     0  entry8b.o(.ARM.Collect$$$$0000000A)
    _main_init                               0x08000139   Thumb Code     0  entry9a.o(.ARM.Collect$$$$0000000B)
    __rt_final_cpp                           0x08000141   Thumb Code     0  entry10a.o(.ARM.Collect$$$$0000000D)
    __rt_final_exit                          0x08000141   Thumb Code     0  entry11a.o(.ARM.Collect$$$$0000000F)
    SVC_Handler                              0x08000145   Thumb Code    32  port.o(.emb_text)
    __asm___6_port_c_39a90d8d__prvStartFirstTask 0x08000169   Thumb Code    28  port.o(.emb_text)
    PendSV_Handler                           0x08000189   Thumb Code    72  port.o(.emb_text)
    vPortGetIPSR                             0x080001d5   Thumb Code     6  port.o(.emb_text)
    Reset_Handler                            0x080001dd   Thumb Code     8  startup_stm32f103xe.o(.text)
    ADC1_2_IRQHandler                        0x080001f7   Thumb Code     0  startup_stm32f103xe.o(.text)
    ADC3_IRQHandler                          0x080001f7   Thumb Code     0  startup_stm32f103xe.o(.text)
    CAN1_RX1_IRQHandler                      0x080001f7   Thumb Code     0  startup_stm32f103xe.o(.text)
    CAN1_SCE_IRQHandler                      0x080001f7   Thumb Code     0  startup_stm32f103xe.o(.text)
    DMA1_Channel1_IRQHandler                 0x080001f7   Thumb Code     0  startup_stm32f103xe.o(.text)
    DMA1_Channel2_IRQHandler                 0x080001f7   Thumb Code     0  startup_stm32f103xe.o(.text)
    DMA1_Channel3_IRQHandler                 0x080001f7   Thumb Code     0  startup_stm32f103xe.o(.text)
    DMA1_Channel4_IRQHandler                 0x080001f7   Thumb Code     0  startup_stm32f103xe.o(.text)
    DMA1_Channel5_IRQHandler                 0x080001f7   Thumb Code     0  startup_stm32f103xe.o(.text)
    DMA1_Channel6_IRQHandler                 0x080001f7   Thumb Code     0  startup_stm32f103xe.o(.text)
    DMA1_Channel7_IRQHandler                 0x080001f7   Thumb Code     0  startup_stm32f103xe.o(.text)
    DMA2_Channel1_IRQHandler                 0x080001f7   Thumb Code     0  startup_stm32f103xe.o(.text)
    DMA2_Channel2_IRQHandler                 0x080001f7   Thumb Code     0  startup_stm32f103xe.o(.text)
    DMA2_Channel3_IRQHandler                 0x080001f7   Thumb Code     0  startup_stm32f103xe.o(.text)
    DMA2_Channel4_5_IRQHandler               0x080001f7   Thumb Code     0  startup_stm32f103xe.o(.text)
    EXTI15_10_IRQHandler                     0x080001f7   Thumb Code     0  startup_stm32f103xe.o(.text)
    EXTI1_IRQHandler                         0x080001f7   Thumb Code     0  startup_stm32f103xe.o(.text)
    EXTI2_IRQHandler                         0x080001f7   Thumb Code     0  startup_stm32f103xe.o(.text)
    EXTI3_IRQHandler                         0x080001f7   Thumb Code     0  startup_stm32f103xe.o(.text)
    EXTI4_IRQHandler                         0x080001f7   Thumb Code     0  startup_stm32f103xe.o(.text)
    EXTI9_5_IRQHandler                       0x080001f7   Thumb Code     0  startup_stm32f103xe.o(.text)
    FLASH_IRQHandler                         0x080001f7   Thumb Code     0  startup_stm32f103xe.o(.text)
    FSMC_IRQHandler                          0x080001f7   Thumb Code     0  startup_stm32f103xe.o(.text)
    I2C1_ER_IRQHandler                       0x080001f7   Thumb Code     0  startup_stm32f103xe.o(.text)
    I2C1_EV_IRQHandler                       0x080001f7   Thumb Code     0  startup_stm32f103xe.o(.text)
    I2C2_ER_IRQHandler                       0x080001f7   Thumb Code     0  startup_stm32f103xe.o(.text)
    I2C2_EV_IRQHandler                       0x080001f7   Thumb Code     0  startup_stm32f103xe.o(.text)
    PVD_IRQHandler                           0x080001f7   Thumb Code     0  startup_stm32f103xe.o(.text)
    RCC_IRQHandler                           0x080001f7   Thumb Code     0  startup_stm32f103xe.o(.text)
    RTC_Alarm_IRQHandler                     0x080001f7   Thumb Code     0  startup_stm32f103xe.o(.text)
    RTC_IRQHandler                           0x080001f7   Thumb Code     0  startup_stm32f103xe.o(.text)
    SDIO_IRQHandler                          0x080001f7   Thumb Code     0  startup_stm32f103xe.o(.text)
    SPI1_IRQHandler                          0x080001f7   Thumb Code     0  startup_stm32f103xe.o(.text)
    SPI2_IRQHandler                          0x080001f7   Thumb Code     0  startup_stm32f103xe.o(.text)
    SPI3_IRQHandler                          0x080001f7   Thumb Code     0  startup_stm32f103xe.o(.text)
    TAMPER_IRQHandler                        0x080001f7   Thumb Code     0  startup_stm32f103xe.o(.text)
    TIM1_BRK_IRQHandler                      0x080001f7   Thumb Code     0  startup_stm32f103xe.o(.text)
    TIM1_CC_IRQHandler                       0x080001f7   Thumb Code     0  startup_stm32f103xe.o(.text)
    TIM1_TRG_COM_IRQHandler                  0x080001f7   Thumb Code     0  startup_stm32f103xe.o(.text)
    TIM2_IRQHandler                          0x080001f7   Thumb Code     0  startup_stm32f103xe.o(.text)
    TIM3_IRQHandler                          0x080001f7   Thumb Code     0  startup_stm32f103xe.o(.text)
    TIM4_IRQHandler                          0x080001f7   Thumb Code     0  startup_stm32f103xe.o(.text)
    TIM5_IRQHandler                          0x080001f7   Thumb Code     0  startup_stm32f103xe.o(.text)
    TIM6_IRQHandler                          0x080001f7   Thumb Code     0  startup_stm32f103xe.o(.text)
    TIM7_IRQHandler                          0x080001f7   Thumb Code     0  startup_stm32f103xe.o(.text)
    TIM8_BRK_IRQHandler                      0x080001f7   Thumb Code     0  startup_stm32f103xe.o(.text)
    TIM8_CC_IRQHandler                       0x080001f7   Thumb Code     0  startup_stm32f103xe.o(.text)
    TIM8_TRG_COM_IRQHandler                  0x080001f7   Thumb Code     0  startup_stm32f103xe.o(.text)
    TIM8_UP_IRQHandler                       0x080001f7   Thumb Code     0  startup_stm32f103xe.o(.text)
    UART4_IRQHandler                         0x080001f7   Thumb Code     0  startup_stm32f103xe.o(.text)
    UART5_IRQHandler                         0x080001f7   Thumb Code     0  startup_stm32f103xe.o(.text)
    USART1_IRQHandler                        0x080001f7   Thumb Code     0  startup_stm32f103xe.o(.text)
    USART3_IRQHandler                        0x080001f7   Thumb Code     0  startup_stm32f103xe.o(.text)
    USBWakeUp_IRQHandler                     0x080001f7   Thumb Code     0  startup_stm32f103xe.o(.text)
    USB_HP_CAN1_TX_IRQHandler                0x080001f7   Thumb Code     0  startup_stm32f103xe.o(.text)
    USB_LP_CAN1_RX0_IRQHandler               0x080001f7   Thumb Code     0  startup_stm32f103xe.o(.text)
    __aeabi_llsr                             0x08000201   Thumb Code    32  llushr.o(.text)
    _ll_ushift_r                             0x08000201   Thumb Code     0  llushr.o(.text)
    __aeabi_memcpy                           0x08000221   Thumb Code    36  memcpya.o(.text)
    __aeabi_memcpy4                          0x08000221   Thumb Code     0  memcpya.o(.text)
    __aeabi_memcpy8                          0x08000221   Thumb Code     0  memcpya.o(.text)
    __aeabi_memset                           0x08000245   Thumb Code    14  memseta.o(.text)
    __aeabi_memset4                          0x08000245   Thumb Code     0  memseta.o(.text)
    __aeabi_memset8                          0x08000245   Thumb Code     0  memseta.o(.text)
    __aeabi_memclr                           0x08000253   Thumb Code     4  memseta.o(.text)
    __aeabi_memclr4                          0x08000253   Thumb Code     0  memseta.o(.text)
    __aeabi_memclr8                          0x08000253   Thumb Code     0  memseta.o(.text)
    memset                                   0x08000257   Thumb Code    18  memseta.o(.text)
    strcat                                   0x08000269   Thumb Code    24  strcat.o(.text)
    strstr                                   0x08000281   Thumb Code    36  strstr.o(.text)
    strchr                                   0x080002a5   Thumb Code    20  strchr.o(.text)
    strlen                                   0x080002b9   Thumb Code    14  strlen.o(.text)
    strncat                                  0x080002c7   Thumb Code    40  strncat.o(.text)
    __aeabi_fadd                             0x080002ef   Thumb Code   164  fadd.o(.text)
    __aeabi_fsub                             0x08000393   Thumb Code     6  fadd.o(.text)
    __aeabi_frsub                            0x08000399   Thumb Code     6  fadd.o(.text)
    __aeabi_fmul                             0x0800039f   Thumb Code   100  fmul.o(.text)
    __aeabi_fdiv                             0x08000403   Thumb Code   124  fdiv.o(.text)
    __aeabi_dadd                             0x0800047f   Thumb Code   322  dadd.o(.text)
    __aeabi_dsub                             0x080005c1   Thumb Code     6  dadd.o(.text)
    __aeabi_drsub                            0x080005c7   Thumb Code     6  dadd.o(.text)
    __aeabi_dmul                             0x080005cd   Thumb Code   228  dmul.o(.text)
    __aeabi_ddiv                             0x080006b1   Thumb Code   222  ddiv.o(.text)
    __aeabi_i2f                              0x0800078f   Thumb Code    18  fflti.o(.text)
    __aeabi_ui2f                             0x080007a1   Thumb Code    10  ffltui.o(.text)
    __aeabi_f2d                              0x080007ab   Thumb Code    38  f2d.o(.text)
    __aeabi_d2f                              0x080007d1   Thumb Code    56  d2f.o(.text)
    __aeabi_cfcmpeq                          0x08000809   Thumb Code     0  cfcmple.o(.text)
    __aeabi_cfcmple                          0x08000809   Thumb Code    20  cfcmple.o(.text)
    __aeabi_cfrcmple                         0x0800081d   Thumb Code    20  cfrcmple.o(.text)
    __aeabi_uidiv                            0x08000831   Thumb Code     0  uidiv.o(.text)
    __aeabi_uidivmod                         0x08000831   Thumb Code    44  uidiv.o(.text)
    __aeabi_uldivmod                         0x0800085d   Thumb Code    98  uldiv.o(.text)
    __aeabi_llsl                             0x080008bf   Thumb Code    30  llshl.o(.text)
    _ll_shift_l                              0x080008bf   Thumb Code     0  llshl.o(.text)
    __aeabi_lasr                             0x080008dd   Thumb Code    36  llsshr.o(.text)
    _ll_sshift_r                             0x080008dd   Thumb Code     0  llsshr.o(.text)
    __I$use$fp                               0x08000901   Thumb Code     0  iusefp.o(.text)
    _float_round                             0x08000901   Thumb Code    18  fepilogue.o(.text)
    _float_epilogue                          0x08000913   Thumb Code    92  fepilogue.o(.text)
    _double_round                            0x0800096f   Thumb Code    30  depilogue.o(.text)
    _double_epilogue                         0x0800098d   Thumb Code   156  depilogue.o(.text)
    __aeabi_d2ulz                            0x08000a29   Thumb Code    48  dfixul.o(.text)
    __aeabi_cdrcmple                         0x08000a59   Thumb Code    48  cdrcmple.o(.text)
    __scatterload                            0x08000a89   Thumb Code    28  init.o(.text)
    __scatterload_rt2                        0x08000a89   Thumb Code     0  init.o(.text)
    arm_fir_f32                              0x08000aad   Thumb Code  2122  arm_fir_f32.o(.text.arm_fir_f32)
    arm_fir_init_f32                         0x080012f7   Thumb Code    32  arm_fir_init_f32.o(.text.arm_fir_init_f32)
    BH1750Task                               0x08001319   Thumb Code   152  freertos.o(i.BH1750Task)
    BusFault_Handler                         0x08001401   Thumb Code     2  stm32f1xx_it.o(i.BusFault_Handler)
    DebugMon_Handler                         0x08001403   Thumb Code     2  stm32f1xx_it.o(i.DebugMon_Handler)
    ESP8266_Clear                            0x08001405   Thumb Code    18  bsp_esp01s.o(i.ESP8266_Clear)
    ESP8266_GetIPD                           0x08001421   Thumb Code    50  bsp_esp01s.o(i.ESP8266_GetIPD)
    ESP8266_Init                             0x08001461   Thumb Code   198  bsp_esp01s.o(i.ESP8266_Init)
    ESP8266_SendCmd                          0x0800163d   Thumb Code    64  bsp_esp01s.o(i.ESP8266_SendCmd)
    ESP8266_SendData                         0x08001685   Thumb Code    48  bsp_esp01s.o(i.ESP8266_SendData)
    ESP8266_WaitRecive                       0x080016cd   Thumb Code    28  bsp_esp01s.o(i.ESP8266_WaitRecive)
    EXTI0_IRQHandler                         0x080016ed   Thumb Code     6  stm32f1xx_it.o(i.EXTI0_IRQHandler)
    Error_Handler                            0x080016f3   Thumb Code     4  main.o(i.Error_Handler)
    HAL_DMA_Abort                            0x080016f7   Thumb Code    70  stm32f1xx_hal_dma.o(i.HAL_DMA_Abort)
    HAL_DMA_Abort_IT                         0x0800173d   Thumb Code   296  stm32f1xx_hal_dma.o(i.HAL_DMA_Abort_IT)
    HAL_Delay                                0x0800186d   Thumb Code    32  stm32f1xx_hal.o(i.HAL_Delay)
    HAL_GPIO_EXTI_Callback                   0x08001891   Thumb Code    10  bsp_max30102.o(i.HAL_GPIO_EXTI_Callback)
    HAL_GPIO_EXTI_IRQHandler                 0x080018a1   Thumb Code    18  stm32f1xx_hal_gpio.o(i.HAL_GPIO_EXTI_IRQHandler)
    HAL_GPIO_Init                            0x080018b9   Thumb Code   462  stm32f1xx_hal_gpio.o(i.HAL_GPIO_Init)
    HAL_GPIO_WritePin                        0x08001ab1   Thumb Code    10  stm32f1xx_hal_gpio.o(i.HAL_GPIO_WritePin)
    HAL_GetTick                              0x08001abd   Thumb Code     6  stm32f1xx_hal.o(i.HAL_GetTick)
    HAL_I2C_Init                             0x08001ac9   Thumb Code   376  stm32f1xx_hal_i2c.o(i.HAL_I2C_Init)
    HAL_I2C_Master_Receive                   0x08001c51   Thumb Code   576  stm32f1xx_hal_i2c.o(i.HAL_I2C_Master_Receive)
    HAL_I2C_Master_Transmit                  0x08001ea1   Thumb Code   290  stm32f1xx_hal_i2c.o(i.HAL_I2C_Master_Transmit)
    HAL_I2C_MspInit                          0x08001fcd   Thumb Code   134  i2c.o(i.HAL_I2C_MspInit)
    HAL_IncTick                              0x08002065   Thumb Code    12  stm32f1xx_hal.o(i.HAL_IncTick)
    HAL_Init                                 0x08002075   Thumb Code    32  stm32f1xx_hal.o(i.HAL_Init)
    HAL_InitTick                             0x08002099   Thumb Code    98  stm32f1xx_hal_timebase_tim.o(i.HAL_InitTick)
    HAL_MspInit                              0x0800210d   Thumb Code    62  stm32f1xx_hal_msp.o(i.HAL_MspInit)
    HAL_NVIC_EnableIRQ                       0x08002155   Thumb Code    26  stm32f1xx_hal_cortex.o(i.HAL_NVIC_EnableIRQ)
    HAL_NVIC_SetPriority                     0x08002171   Thumb Code    60  stm32f1xx_hal_cortex.o(i.HAL_NVIC_SetPriority)
    HAL_NVIC_SetPriorityGrouping             0x080021b1   Thumb Code    26  stm32f1xx_hal_cortex.o(i.HAL_NVIC_SetPriorityGrouping)
    HAL_PWR_EnableBkUpAccess                 0x080021d5   Thumb Code     8  stm32f1xx_hal_pwr.o(i.HAL_PWR_EnableBkUpAccess)
    HAL_RCCEx_GetPeriphCLKFreq               0x080021e1   Thumb Code   166  stm32f1xx_hal_rcc_ex.o(i.HAL_RCCEx_GetPeriphCLKFreq)
    HAL_RCCEx_PeriphCLKConfig                0x08002299   Thumb Code   224  stm32f1xx_hal_rcc_ex.o(i.HAL_RCCEx_PeriphCLKConfig)
    HAL_RCC_ClockConfig                      0x08002385   Thumb Code   280  stm32f1xx_hal_rcc.o(i.HAL_RCC_ClockConfig)
    HAL_RCC_GetClockConfig                   0x080024b1   Thumb Code    54  stm32f1xx_hal_rcc.o(i.HAL_RCC_GetClockConfig)
    HAL_RCC_GetPCLK1Freq                     0x080024f1   Thumb Code    20  stm32f1xx_hal_rcc.o(i.HAL_RCC_GetPCLK1Freq)
    HAL_RCC_GetPCLK2Freq                     0x08002511   Thumb Code    20  stm32f1xx_hal_rcc.o(i.HAL_RCC_GetPCLK2Freq)
    HAL_RCC_GetSysClockFreq                  0x08002531   Thumb Code    58  stm32f1xx_hal_rcc.o(i.HAL_RCC_GetSysClockFreq)
    HAL_RCC_OscConfig                        0x0800257d   Thumb Code   778  stm32f1xx_hal_rcc.o(i.HAL_RCC_OscConfig)
    HAL_RTC_GetDate                          0x0800289d   Thumb Code    78  stm32f1xx_hal_rtc.o(i.HAL_RTC_GetDate)
    HAL_RTC_GetTime                          0x080028eb   Thumb Code   216  stm32f1xx_hal_rtc.o(i.HAL_RTC_GetTime)
    HAL_RTC_Init                             0x080029c5   Thumb Code   144  stm32f1xx_hal_rtc.o(i.HAL_RTC_Init)
    HAL_RTC_MspInit                          0x08002a59   Thumb Code    40  rtc.o(i.HAL_RTC_MspInit)
    HAL_RTC_SetDate                          0x08002a8d   Thumb Code   192  stm32f1xx_hal_rtc.o(i.HAL_RTC_SetDate)
    HAL_RTC_SetTime                          0x08002b51   Thumb Code   168  stm32f1xx_hal_rtc.o(i.HAL_RTC_SetTime)
    HAL_RTC_WaitForSynchro                   0x08002bfd   Thumb Code    58  stm32f1xx_hal_rtc.o(i.HAL_RTC_WaitForSynchro)
    HAL_TIMEx_BreakCallback                  0x08002c37   Thumb Code     2  stm32f1xx_hal_tim_ex.o(i.HAL_TIMEx_BreakCallback)
    HAL_TIMEx_CommutCallback                 0x08002c39   Thumb Code     2  stm32f1xx_hal_tim_ex.o(i.HAL_TIMEx_CommutCallback)
    HAL_TIM_Base_Init                        0x08002c3b   Thumb Code    90  stm32f1xx_hal_tim.o(i.HAL_TIM_Base_Init)
    HAL_TIM_Base_MspInit                     0x08002c95   Thumb Code     2  stm32f1xx_hal_tim.o(i.HAL_TIM_Base_MspInit)
    HAL_TIM_Base_Start_IT                    0x08002c99   Thumb Code    88  stm32f1xx_hal_tim.o(i.HAL_TIM_Base_Start_IT)
    HAL_TIM_IC_CaptureCallback               0x08002d05   Thumb Code     2  stm32f1xx_hal_tim.o(i.HAL_TIM_IC_CaptureCallback)
    HAL_TIM_IRQHandler                       0x08002d07   Thumb Code   358  stm32f1xx_hal_tim.o(i.HAL_TIM_IRQHandler)
    HAL_TIM_OC_DelayElapsedCallback          0x08002e6d   Thumb Code     2  stm32f1xx_hal_tim.o(i.HAL_TIM_OC_DelayElapsedCallback)
    HAL_TIM_PWM_PulseFinishedCallback        0x08002e6f   Thumb Code     2  stm32f1xx_hal_tim.o(i.HAL_TIM_PWM_PulseFinishedCallback)
    HAL_TIM_PeriodElapsedCallback            0x08002e71   Thumb Code    14  main.o(i.HAL_TIM_PeriodElapsedCallback)
    HAL_TIM_TriggerCallback                  0x08002e85   Thumb Code     2  stm32f1xx_hal_tim.o(i.HAL_TIM_TriggerCallback)
    HAL_UARTEx_RxEventCallback               0x08002e87   Thumb Code     2  stm32f1xx_hal_uart.o(i.HAL_UARTEx_RxEventCallback)
    HAL_UART_ErrorCallback                   0x08002e89   Thumb Code     2  stm32f1xx_hal_uart.o(i.HAL_UART_ErrorCallback)
    HAL_UART_IRQHandler                      0x08002e8d   Thumb Code   616  stm32f1xx_hal_uart.o(i.HAL_UART_IRQHandler)
    HAL_UART_Init                            0x080030f9   Thumb Code   100  stm32f1xx_hal_uart.o(i.HAL_UART_Init)
    HAL_UART_MspInit                         0x0800315d   Thumb Code   186  usart.o(i.HAL_UART_MspInit)
    HAL_UART_Receive                         0x08003229   Thumb Code   172  stm32f1xx_hal_uart.o(i.HAL_UART_Receive)
    HAL_UART_RxCpltCallback                  0x080032d5   Thumb Code     2  stm32f1xx_hal_uart.o(i.HAL_UART_RxCpltCallback)
    HAL_UART_Transmit                        0x080032d7   Thumb Code   154  stm32f1xx_hal_uart.o(i.HAL_UART_Transmit)
    HAL_UART_TxCpltCallback                  0x08003371   Thumb Code     2  stm32f1xx_hal_uart.o(i.HAL_UART_TxCpltCallback)
    HAL_WWDG_EarlyWakeupCallback             0x08003375   Thumb Code    10  wwdg.o(i.HAL_WWDG_EarlyWakeupCallback)
    HAL_WWDG_IRQHandler                      0x08003385   Thumb Code    30  stm32f1xx_hal_wwdg.o(i.HAL_WWDG_IRQHandler)
    HAL_WWDG_Init                            0x080033a3   Thumb Code    42  stm32f1xx_hal_wwdg.o(i.HAL_WWDG_Init)
    HAL_WWDG_MspInit                         0x080033cd   Thumb Code    50  wwdg.o(i.HAL_WWDG_MspInit)
    HAL_WWDG_Refresh                         0x08003409   Thumb Code    10  stm32f1xx_hal_wwdg.o(i.HAL_WWDG_Refresh)
    HardFault_Handler                        0x08003413   Thumb Code     2  stm32f1xx_it.o(i.HardFault_Handler)
    I2C_BH1750_Data_Read                     0x08003415   Thumb Code    20  bsp_bh1750.o(i.I2C_BH1750_Data_Read)
    I2C_BH1750_Opecode_Write                 0x0800342d   Thumb Code    20  bsp_bh1750.o(i.I2C_BH1750_Opecode_Write)
    INFOTask                                 0x08003869   Thumb Code    52  freertos.o(i.INFOTask)
    Init_BH1750                              0x080038b9   Thumb Code    30  bsp_bh1750.o(i.Init_BH1750)
    LEDTask                                  0x08003901   Thumb Code   118  freertos.o(i.LEDTask)
    MAX30102Task                             0x08003985   Thumb Code   114  freertos.o(i.MAX30102Task)
    MAX30102_Get_DATA                        0x08003a65   Thumb Code   134  bsp_max30102.o(i.MAX30102_Get_DATA)
    MQTT_DeleteBuffer                        0x08003b01   Thumb Code    28  mqttkit.o(i.MQTT_DeleteBuffer)
    MQTT_DumpLength                          0x08003b1d   Thumb Code    38  mqttkit.o(i.MQTT_DumpLength)
    MQTT_NewBuffer                           0x08003b43   Thumb Code    82  mqttkit.o(i.MQTT_NewBuffer)
    MQTT_PacketCmdResp                       0x08003b95   Thumb Code   114  mqttkit.o(i.MQTT_PacketCmdResp)
    MQTT_PacketConnect                       0x08003c11   Thumb Code   606  mqttkit.o(i.MQTT_PacketConnect)
    MQTT_PacketPublish                       0x08003e75   Thumb Code   264  mqttkit.o(i.MQTT_PacketPublish)
    MQTT_PacketSaveData                      0x08003f7d   Thumb Code    76  mqttkit.o(i.MQTT_PacketSaveData)
    MQTT_ReadLength                          0x08003fcd   Thumb Code    62  mqttkit.o(i.MQTT_ReadLength)
    MQTT_UnPacketCmd                         0x0800400b   Thumb Code   130  mqttkit.o(i.MQTT_UnPacketCmd)
    MQTT_UnPacketConnectAck                  0x0800408d   Thumb Code    26  mqttkit.o(i.MQTT_UnPacketConnectAck)
    MQTT_UnPacketPublishAck                  0x080040a7   Thumb Code    24  mqttkit.o(i.MQTT_UnPacketPublishAck)
    MQTT_UnPacketRecv                        0x080040c1   Thumb Code    86  mqttkit.o(i.MQTT_UnPacketRecv)
    MX_FREERTOS_Init                         0x08004121   Thumb Code   214  freertos.o(i.MX_FREERTOS_Init)
    MX_GPIO_Init                             0x08004201   Thumb Code   150  gpio.o(i.MX_GPIO_Init)
    MX_I2C1_Init                             0x080042a5   Thumb Code    50  i2c.o(i.MX_I2C1_Init)
    MX_I2C2_Init                             0x080042e5   Thumb Code    50  i2c.o(i.MX_I2C2_Init)
    MX_RTC_Init                              0x08004325   Thumb Code   100  rtc.o(i.MX_RTC_Init)
    MX_USART1_UART_Init                      0x08004391   Thumb Code    48  usart.o(i.MX_USART1_UART_Init)
    MX_USART2_UART_Init                      0x080043c9   Thumb Code    48  usart.o(i.MX_USART2_UART_Init)
    MX_WWDG_Init                             0x08004401   Thumb Code    46  wwdg.o(i.MX_WWDG_Init)
    MemManage_Handler                        0x08004439   Thumb Code     2  stm32f1xx_it.o(i.MemManage_Handler)
    NMI_Handler                              0x0800443b   Thumb Code     2  stm32f1xx_it.o(i.NMI_Handler)
    OneNET_Task                              0x0800443d   Thumb Code    60  freertos.o(i.OneNET_Task)
    OneNet_DevLink                           0x08004491   Thumb Code   196  onenet.o(i.OneNet_DevLink)
    OneNet_FillBuf                           0x080046ed   Thumb Code   168  onenet.o(i.OneNet_FillBuf)
    OneNet_RevPro                            0x080047fd   Thumb Code   196  onenet.o(i.OneNet_RevPro)
    OneNet_SendData                          0x08004935   Thumb Code   108  onenet.o(i.OneNet_SendData)
    SysTick_Handler                          0x08004be9   Thumb Code    38  port.o(i.SysTick_Handler)
    SystemClock_Config                       0x08004c15   Thumb Code   128  main.o(i.SystemClock_Config)
    SystemInit                               0x08004c95   Thumb Code     2  system_stm32f1xx.o(i.SystemInit)
    TIM1_UP_IRQHandler                       0x08004c99   Thumb Code     6  stm32f1xx_it.o(i.TIM1_UP_IRQHandler)
    TIM_Base_SetConfig                       0x08004ca5   Thumb Code   120  stm32f1xx_hal_tim.o(i.TIM_Base_SetConfig)
    Timer01_Callback                         0x08004d31   Thumb Code    76  freertos.o(i.Timer01_Callback)
    USART2_IRQHandler                        0x08004ffd   Thumb Code    62  stm32f1xx_it.o(i.USART2_IRQHandler)
    UsageFault_Handler                       0x08005049   Thumb Code     2  stm32f1xx_it.o(i.UsageFault_Handler)
    UsartPrintf                              0x0800504d   Thumb Code    56  bsp_esp01s.o(i.UsartPrintf)
    Usart_SendString                         0x0800508d   Thumb Code    32  bsp_esp01s.o(i.Usart_SendString)
    WWDG_IRQHandler                          0x080050b1   Thumb Code     6  stm32f1xx_it.o(i.WWDG_IRQHandler)
    __0printf                                0x080050bd   Thumb Code    22  printfa.o(i.__0printf)
    __1printf                                0x080050bd   Thumb Code     0  printfa.o(i.__0printf)
    __2printf                                0x080050bd   Thumb Code     0  printfa.o(i.__0printf)
    __c89printf                              0x080050bd   Thumb Code     0  printfa.o(i.__0printf)
    printf                                   0x080050bd   Thumb Code     0  printfa.o(i.__0printf)
    __0sprintf                               0x080050dd   Thumb Code    34  printfa.o(i.__0sprintf)
    __1sprintf                               0x080050dd   Thumb Code     0  printfa.o(i.__0sprintf)
    __2sprintf                               0x080050dd   Thumb Code     0  printfa.o(i.__0sprintf)
    __c89sprintf                             0x080050dd   Thumb Code     0  printfa.o(i.__0sprintf)
    sprintf                                  0x080050dd   Thumb Code     0  printfa.o(i.__0sprintf)
    __0vsprintf                              0x08005105   Thumb Code    30  printfa.o(i.__0vsprintf)
    __1vsprintf                              0x08005105   Thumb Code     0  printfa.o(i.__0vsprintf)
    __2vsprintf                              0x08005105   Thumb Code     0  printfa.o(i.__0vsprintf)
    __c89vsprintf                            0x08005105   Thumb Code     0  printfa.o(i.__0vsprintf)
    vsprintf                                 0x08005105   Thumb Code     0  printfa.o(i.__0vsprintf)
    __scatterload_copy                       0x08005149   Thumb Code    14  handlers.o(i.__scatterload_copy)
    __scatterload_null                       0x08005157   Thumb Code     2  handlers.o(i.__scatterload_null)
    __scatterload_zeroinit                   0x08005159   Thumb Code    14  handlers.o(i.__scatterload_zeroinit)
    fputc                                    0x08005a25   Thumb Code    20  usart.o(i.fputc)
    free                                     0x08005a3d   Thumb Code    76  malloc.o(i.free)
    ir_max30102_fir                          0x08005a99   Thumb Code    14  bsp_max30102_fir.o(i.ir_max30102_fir)
    main                                     0x08005ab1   Thumb Code    46  main.o(i.main)
    malloc                                   0x08005aed   Thumb Code    92  malloc.o(i.malloc)
    max30102_fifo_read                       0x08005b59   Thumb Code    78  bsp_max30102.o(i.max30102_fifo_read)
    max30102_fir_init                        0x08005ba9   Thumb Code    44  bsp_max30102_fir.o(i.max30102_fir_init)
    max30102_getHeartRate                    0x08005be1   Thumb Code   156  bsp_max30102.o(i.max30102_getHeartRate)
    max30102_getSpO2                         0x08005c7d   Thumb Code   220  bsp_max30102.o(i.max30102_getSpO2)
    max30102_i2c_read                        0x08005d71   Thumb Code    42  bsp_max30102.o(i.max30102_i2c_read)
    max30102_i2c_write                       0x08005da1   Thumb Code    28  bsp_max30102.o(i.max30102_i2c_write)
    max30102_init                            0x08005dc1   Thumb Code   126  bsp_max30102.o(i.max30102_init)
    osDelay                                  0x08005e3f   Thumb Code    14  cmsis_os.o(i.osDelay)
    osKernelStart                            0x08005e4d   Thumb Code    10  cmsis_os.o(i.osKernelStart)
    osMessageCreate                          0x08005e57   Thumb Code    38  cmsis_os.o(i.osMessageCreate)
    osSemaphoreCreate                        0x08005e7d   Thumb Code    62  cmsis_os.o(i.osSemaphoreCreate)
    osThreadCreate                           0x08005ebb   Thumb Code    84  cmsis_os.o(i.osThreadCreate)
    osTimerCreate                            0x08005f11   Thumb Code    60  cmsis_os.o(i.osTimerCreate)
    osTimerStart                             0x08005f51   Thumb Code    88  cmsis_os.o(i.osTimerStart)
    pvPortMalloc                             0x08006749   Thumb Code   210  heap_4.o(i.pvPortMalloc)
    pvTaskIncrementMutexHeldCount            0x08006821   Thumb Code    18  tasks.o(i.pvTaskIncrementMutexHeldCount)
    pxPortInitialiseStack                    0x08006839   Thumb Code    32  port.o(i.pxPortInitialiseStack)
    red_max30102_fir                         0x0800685d   Thumb Code    14  bsp_max30102_fir.o(i.red_max30102_fir)
    uxListRemove                             0x08006875   Thumb Code    38  list.o(i.uxListRemove)
    vApplicationGetIdleTaskMemory            0x0800689d   Thumb Code    16  freertos.o(i.vApplicationGetIdleTaskMemory)
    vApplicationGetTimerTaskMemory           0x080068b1   Thumb Code    18  freertos.o(i.vApplicationGetTimerTaskMemory)
    vListInitialise                          0x080068c9   Thumb Code    22  list.o(i.vListInitialise)
    vListInitialiseItem                      0x080068df   Thumb Code     6  list.o(i.vListInitialiseItem)
    vListInsert                              0x080068e5   Thumb Code    48  list.o(i.vListInsert)
    vListInsertEnd                           0x08006915   Thumb Code    24  list.o(i.vListInsertEnd)
    vPortEnterCritical                       0x0800692d   Thumb Code    54  port.o(i.vPortEnterCritical)
    vPortExitCritical                        0x0800696d   Thumb Code    34  port.o(i.vPortExitCritical)
    vPortFree                                0x08006995   Thumb Code    88  heap_4.o(i.vPortFree)
    vPortSetupTimerInterrupt                 0x080069f1   Thumb Code    32  port.o(i.vPortSetupTimerInterrupt)
    vPortValidateInterruptPriority           0x08006a15   Thumb Code    74  port.o(i.vPortValidateInterruptPriority)
    vQueueAddToRegistry                      0x08006a69   Thumb Code    34  queue.o(i.vQueueAddToRegistry)
    vQueueWaitForMessageRestricted           0x08006a91   Thumb Code    68  queue.o(i.vQueueWaitForMessageRestricted)
    vTaskDelay                               0x08006ad5   Thumb Code    66  tasks.o(i.vTaskDelay)
    vTaskInternalSetTimeOutState             0x08006b21   Thumb Code    12  tasks.o(i.vTaskInternalSetTimeOutState)
    vTaskMissedYield                         0x08006b31   Thumb Code     8  tasks.o(i.vTaskMissedYield)
    vTaskPlaceOnEventList                    0x08006b3d   Thumb Code    44  tasks.o(i.vTaskPlaceOnEventList)
    vTaskPlaceOnEventListRestricted          0x08006b6d   Thumb Code    52  tasks.o(i.vTaskPlaceOnEventListRestricted)
    vTaskPriorityDisinheritAfterTimeout      0x08006ba5   Thumb Code   160  tasks.o(i.vTaskPriorityDisinheritAfterTimeout)
    vTaskStartScheduler                      0x08006c4d   Thumb Code   118  tasks.o(i.vTaskStartScheduler)
    vTaskSuspendAll                          0x08006cd5   Thumb Code    10  tasks.o(i.vTaskSuspendAll)
    vTaskSwitchContext                       0x08006ce5   Thumb Code    82  tasks.o(i.vTaskSwitchContext)
    xPortStartScheduler                      0x08006d41   Thumb Code   154  port.o(i.xPortStartScheduler)
    xQueueGenericCreate                      0x08006de9   Thumb Code    72  queue.o(i.xQueueGenericCreate)
    xQueueGenericCreateStatic                0x08006e31   Thumb Code   102  queue.o(i.xQueueGenericCreateStatic)
    xQueueGenericReset                       0x08006e99   Thumb Code   132  queue.o(i.xQueueGenericReset)
    xQueueGenericSend                        0x08006f21   Thumb Code   346  queue.o(i.xQueueGenericSend)
    xQueueGenericSendFromISR                 0x08007081   Thumb Code   188  queue.o(i.xQueueGenericSendFromISR)
    xQueueReceive                            0x0800713d   Thumb Code   308  queue.o(i.xQueueReceive)
    xQueueSemaphoreTake                      0x08007275   Thumb Code   372  queue.o(i.xQueueSemaphoreTake)
    xTaskCheckForTimeOut                     0x080073ed   Thumb Code   132  tasks.o(i.xTaskCheckForTimeOut)
    xTaskCreate                              0x08007475   Thumb Code    90  tasks.o(i.xTaskCreate)
    xTaskCreateStatic                        0x080074cf   Thumb Code    86  tasks.o(i.xTaskCreateStatic)
    xTaskGetSchedulerState                   0x08007525   Thumb Code    22  tasks.o(i.xTaskGetSchedulerState)
    xTaskGetTickCount                        0x08007541   Thumb Code     6  tasks.o(i.xTaskGetTickCount)
    xTaskIncrementTick                       0x0800754d   Thumb Code   192  tasks.o(i.xTaskIncrementTick)
    xTaskPriorityDisinherit                  0x08007615   Thumb Code   144  tasks.o(i.xTaskPriorityDisinherit)
    xTaskPriorityInherit                     0x080076ad   Thumb Code   138  tasks.o(i.xTaskPriorityInherit)
    xTaskRemoveFromEventList                 0x08007741   Thumb Code   108  tasks.o(i.xTaskRemoveFromEventList)
    xTaskResumeAll                           0x080077b5   Thumb Code   182  tasks.o(i.xTaskResumeAll)
    xTimerCreate                             0x08007879   Thumb Code    52  timers.o(i.xTimerCreate)
    xTimerCreateStatic                       0x080078ad   Thumb Code    46  timers.o(i.xTimerCreateStatic)
    xTimerCreateTimerTask                    0x080078dd   Thumb Code    78  timers.o(i.xTimerCreateTimerTask)
    xTimerGenericCommand                     0x0800793d   Thumb Code    98  timers.o(i.xTimerGenericCommand)
    firCoeffs32LP                            0x08007a58   Data         116  bsp_max30102_fir.o(.constdata)
    AHBPrescTable                            0x08007af0   Data          16  system_stm32f1xx.o(.constdata)
    APBPrescTable                            0x08007b00   Data           8  system_stm32f1xx.o(.constdata)
    Region$$Table$$Base                      0x08007b48   Number         0  anon$$obj.o(Region$$Table)
    Region$$Table$$Limit                     0x08007b68   Number         0  anon$$obj.o(Region$$Table)
    FeedDog_Flag                             0x20000000   Data           1  freertos.o(.data)
    LEDS_OneNET_buf                          0x20000001   Data           1  freertos.o(.data)
    HeartRateold                             0x20000002   Data           2  freertos.o(.data)
    GetTime                                  0x20000004   Data           3  freertos.o(.data)
    GetData                                  0x20000007   Data           4  freertos.o(.data)
    LIGH_OneNET_buf                          0x2000000c   Data           4  freertos.o(.data)
    BH1750_TaskHandle                        0x20000010   Data           4  freertos.o(.data)
    LED_TASKHandle                           0x20000014   Data           4  freertos.o(.data)
    INFO_TaskHandle                          0x20000018   Data           4  freertos.o(.data)
    OneNETTaskHandle                         0x2000001c   Data           4  freertos.o(.data)
    MAX30102_TaskHandle                      0x20000020   Data           4  freertos.o(.data)
    myQueue01Handle                          0x20000024   Data           4  freertos.o(.data)
    myQueue02Handle                          0x20000028   Data           4  freertos.o(.data)
    myTimer01Handle                          0x2000002c   Data           4  freertos.o(.data)
    LED_FLAG_SemHandle                       0x20000030   Data           4  freertos.o(.data)
    max30102_int_flag                        0x20000034   Data           1  freertos.o(.data)
    cache_counter                            0x20000036   Data           2  freertos.o(.data)
    esp8266_cnt                              0x20000038   Data           2  bsp_esp01s.o(.data)
    esp8266_cntPre                           0x2000003a   Data           2  bsp_esp01s.o(.data)
    flag_change                              0x2000003c   Data           1  onenet.o(.data)
    blockSize                                0x20000040   Data           4  bsp_max30102_fir.o(.data)
    uwTickFreq                               0x20000044   Data           1  stm32f1xx_hal.o(.data)
    uwTickPrio                               0x20000048   Data           4  stm32f1xx_hal.o(.data)
    uwTick                                   0x2000004c   Data           4  stm32f1xx_hal.o(.data)
    SystemCoreClock                          0x20000050   Data           4  system_stm32f1xx.o(.data)
    pxCurrentTCB                             0x20000054   Data           4  tasks.o(.data)
    __stdout                                 0x200000c8   Data           4  stdout.o(.data)
    __microlib_freelist                      0x200000cc   Data           4  mvars.o(.data)
    __microlib_freelist_initialised          0x200000d0   Data           4  mvars.o(.data)
    ppg_data_cache_RED                       0x200000d4   Data         600  freertos.o(.bss)
    ppg_data_cache_IR                        0x2000032c   Data         600  freertos.o(.bss)
    hi2c1                                    0x20000c2c   Data          84  i2c.o(.bss)
    hi2c2                                    0x20000c80   Data          84  i2c.o(.bss)
    hrtc                                     0x20000cd4   Data          20  rtc.o(.bss)
    huart1                                   0x20000ce8   Data          72  usart.o(.bss)
    huart2                                   0x20000d30   Data          72  usart.o(.bss)
    hwwdg                                    0x20000d78   Data          20  wwdg.o(.bss)
    htim1                                    0x20000d8c   Data          72  stm32f1xx_hal_timebase_tim.o(.bss)
    USART_TX_BUF                             0x20000dd4   Data         400  bsp_esp01s.o(.bss)
    esp8266_buf                              0x20000f64   Data         128  bsp_esp01s.o(.bss)
    text                                     0x20000fe4   Data          16  onenet.o(.bss)
    S_ir                                     0x20000ff4   Data          12  bsp_max30102_fir.o(.bss)
    S_red                                    0x20001000   Data          12  bsp_max30102_fir.o(.bss)
    xQueueRegistry                           0x200010f4   Data          64  queue.o(.bss)
    __heap_base                              0x20002378   Data           0  startup_stm32f103xe.o(HEAP)
    __heap_limit                             0x20002578   Data           0  startup_stm32f103xe.o(HEAP)
    __initial_sp                             0x20002d78   Data           0  startup_stm32f103xe.o(STACK)



==============================================================================

Memory Map of the image

  Image Entry point : 0x08000131

  Load Region LR_IROM1 (Base: 0x08000000, Size: 0x00007c3c, Max: 0x00040000, ABSOLUTE)

    Execution Region ER_IROM1 (Exec base: 0x08000000, Load base: 0x08000000, Size: 0x00007b68, Max: 0x00040000, ABSOLUTE)

    Exec Addr    Load Addr    Size         Type   Attr      Idx    E Section Name        Object

    0x08000000   0x08000000   0x00000130   Data   RO            3    RESET               startup_stm32f103xe.o
    0x08000130   0x08000130   0x00000000   Code   RO         5860  * .ARM.Collect$$$$00000000  mc_w.l(entry.o)
    0x08000130   0x08000130   0x00000004   Code   RO         6196    .ARM.Collect$$$$00000001  mc_w.l(entry2.o)
    0x08000134   0x08000134   0x00000004   Code   RO         6199    .ARM.Collect$$$$00000004  mc_w.l(entry5.o)
    0x08000138   0x08000138   0x00000000   Code   RO         6201    .ARM.Collect$$$$00000008  mc_w.l(entry7b.o)
    0x08000138   0x08000138   0x00000000   Code   RO         6203    .ARM.Collect$$$$0000000A  mc_w.l(entry8b.o)
    0x08000138   0x08000138   0x00000008   Code   RO         6204    .ARM.Collect$$$$0000000B  mc_w.l(entry9a.o)
    0x08000140   0x08000140   0x00000000   Code   RO         6206    .ARM.Collect$$$$0000000D  mc_w.l(entry10a.o)
    0x08000140   0x08000140   0x00000000   Code   RO         6208    .ARM.Collect$$$$0000000F  mc_w.l(entry11a.o)
    0x08000140   0x08000140   0x00000004   Code   RO         6197    .ARM.Collect$$$$00002712  mc_w.l(entry2.o)
    0x08000144   0x08000144   0x00000096   Code   RO         5726    .emb_text           port.o
    0x080001da   0x080001da   0x00000002   PAD
    0x080001dc   0x080001dc   0x00000024   Code   RO            4    .text               startup_stm32f103xe.o
    0x08000200   0x08000200   0x00000020   Code   RO         5863    .text               mc_w.l(llushr.o)
    0x08000220   0x08000220   0x00000024   Code   RO         5865    .text               mc_w.l(memcpya.o)
    0x08000244   0x08000244   0x00000024   Code   RO         5869    .text               mc_w.l(memseta.o)
    0x08000268   0x08000268   0x00000018   Code   RO         5871    .text               mc_w.l(strcat.o)
    0x08000280   0x08000280   0x00000024   Code   RO         5873    .text               mc_w.l(strstr.o)
    0x080002a4   0x080002a4   0x00000014   Code   RO         5875    .text               mc_w.l(strchr.o)
    0x080002b8   0x080002b8   0x0000000e   Code   RO         5877    .text               mc_w.l(strlen.o)
    0x080002c6   0x080002c6   0x00000028   Code   RO         5879    .text               mc_w.l(strncat.o)
    0x080002ee   0x080002ee   0x000000b0   Code   RO         6172    .text               mf_w.l(fadd.o)
    0x0800039e   0x0800039e   0x00000064   Code   RO         6174    .text               mf_w.l(fmul.o)
    0x08000402   0x08000402   0x0000007c   Code   RO         6176    .text               mf_w.l(fdiv.o)
    0x0800047e   0x0800047e   0x0000014e   Code   RO         6178    .text               mf_w.l(dadd.o)
    0x080005cc   0x080005cc   0x000000e4   Code   RO         6180    .text               mf_w.l(dmul.o)
    0x080006b0   0x080006b0   0x000000de   Code   RO         6182    .text               mf_w.l(ddiv.o)
    0x0800078e   0x0800078e   0x00000012   Code   RO         6184    .text               mf_w.l(fflti.o)
    0x080007a0   0x080007a0   0x0000000a   Code   RO         6186    .text               mf_w.l(ffltui.o)
    0x080007aa   0x080007aa   0x00000026   Code   RO         6188    .text               mf_w.l(f2d.o)
    0x080007d0   0x080007d0   0x00000038   Code   RO         6190    .text               mf_w.l(d2f.o)
    0x08000808   0x08000808   0x00000014   Code   RO         6192    .text               mf_w.l(cfcmple.o)
    0x0800081c   0x0800081c   0x00000014   Code   RO         6194    .text               mf_w.l(cfrcmple.o)
    0x08000830   0x08000830   0x0000002c   Code   RO         6211    .text               mc_w.l(uidiv.o)
    0x0800085c   0x0800085c   0x00000062   Code   RO         6213    .text               mc_w.l(uldiv.o)
    0x080008be   0x080008be   0x0000001e   Code   RO         6215    .text               mc_w.l(llshl.o)
    0x080008dc   0x080008dc   0x00000024   Code   RO         6217    .text               mc_w.l(llsshr.o)
    0x08000900   0x08000900   0x00000000   Code   RO         6221    .text               mc_w.l(iusefp.o)
    0x08000900   0x08000900   0x0000006e   Code   RO         6222    .text               mf_w.l(fepilogue.o)
    0x0800096e   0x0800096e   0x000000ba   Code   RO         6224    .text               mf_w.l(depilogue.o)
    0x08000a28   0x08000a28   0x00000030   Code   RO         6226    .text               mf_w.l(dfixul.o)
    0x08000a58   0x08000a58   0x00000030   Code   RO         6228    .text               mf_w.l(cdrcmple.o)
    0x08000a88   0x08000a88   0x00000024   Code   RO         6230    .text               mc_w.l(init.o)
    0x08000aac   0x08000aac   0x0000084a   Code   RO         5841    .text.arm_fir_f32   arm_cortexM3l_math.lib(arm_fir_f32.o)
    0x080012f6   0x080012f6   0x00000020   Code   RO         5851    .text.arm_fir_init_f32  arm_cortexM3l_math.lib(arm_fir_init_f32.o)
    0x08001316   0x08001316   0x00000002   PAD
    0x08001318   0x08001318   0x000000e8   Code   RO          300    i.BH1750Task        freertos.o
    0x08001400   0x08001400   0x00000002   Code   RO          583    i.BusFault_Handler  stm32f1xx_it.o
    0x08001402   0x08001402   0x00000002   Code   RO          584    i.DebugMon_Handler  stm32f1xx_it.o
    0x08001404   0x08001404   0x0000001c   Code   RO          767    i.ESP8266_Clear     bsp_esp01s.o
    0x08001420   0x08001420   0x00000040   Code   RO          768    i.ESP8266_GetIPD    bsp_esp01s.o
    0x08001460   0x08001460   0x000001dc   Code   RO          769    i.ESP8266_Init      bsp_esp01s.o
    0x0800163c   0x0800163c   0x00000048   Code   RO          770    i.ESP8266_SendCmd   bsp_esp01s.o
    0x08001684   0x08001684   0x00000048   Code   RO          771    i.ESP8266_SendData  bsp_esp01s.o
    0x080016cc   0x080016cc   0x00000020   Code   RO          772    i.ESP8266_WaitRecive  bsp_esp01s.o
    0x080016ec   0x080016ec   0x00000006   Code   RO          585    i.EXTI0_IRQHandler  stm32f1xx_it.o
    0x080016f2   0x080016f2   0x00000004   Code   RO           13    i.Error_Handler     main.o
    0x080016f6   0x080016f6   0x00000046   Code   RO         1629    i.HAL_DMA_Abort     stm32f1xx_hal_dma.o
    0x0800173c   0x0800173c   0x00000130   Code   RO         1630    i.HAL_DMA_Abort_IT  stm32f1xx_hal_dma.o
    0x0800186c   0x0800186c   0x00000024   Code   RO         1255    i.HAL_Delay         stm32f1xx_hal.o
    0x08001890   0x08001890   0x00000010   Code   RO         1080    i.HAL_GPIO_EXTI_Callback  bsp_max30102.o
    0x080018a0   0x080018a0   0x00000018   Code   RO         1564    i.HAL_GPIO_EXTI_IRQHandler  stm32f1xx_hal_gpio.o
    0x080018b8   0x080018b8   0x000001f8   Code   RO         1565    i.HAL_GPIO_Init     stm32f1xx_hal_gpio.o
    0x08001ab0   0x08001ab0   0x0000000a   Code   RO         1569    i.HAL_GPIO_WritePin  stm32f1xx_hal_gpio.o
    0x08001aba   0x08001aba   0x00000002   PAD
    0x08001abc   0x08001abc   0x0000000c   Code   RO         1259    i.HAL_GetTick       stm32f1xx_hal.o
    0x08001ac8   0x08001ac8   0x00000188   Code   RO         2236    i.HAL_I2C_Init      stm32f1xx_hal_i2c.o
    0x08001c50   0x08001c50   0x00000250   Code   RO         2242    i.HAL_I2C_Master_Receive  stm32f1xx_hal_i2c.o
    0x08001ea0   0x08001ea0   0x0000012c   Code   RO         2249    i.HAL_I2C_Master_Transmit  stm32f1xx_hal_i2c.o
    0x08001fcc   0x08001fcc   0x00000098   Code   RO          394    i.HAL_I2C_MspInit   i2c.o
    0x08002064   0x08002064   0x00000010   Code   RO         1265    i.HAL_IncTick       stm32f1xx_hal.o
    0x08002074   0x08002074   0x00000024   Code   RO         1266    i.HAL_Init          stm32f1xx_hal.o
    0x08002098   0x08002098   0x00000074   Code   RO          692    i.HAL_InitTick      stm32f1xx_hal_timebase_tim.o
    0x0800210c   0x0800210c   0x00000048   Code   RO          668    i.HAL_MspInit       stm32f1xx_hal_msp.o
    0x08002154   0x08002154   0x0000001a   Code   RO         1725    i.HAL_NVIC_EnableIRQ  stm32f1xx_hal_cortex.o
    0x0800216e   0x0800216e   0x00000002   PAD
    0x08002170   0x08002170   0x00000040   Code   RO         1731    i.HAL_NVIC_SetPriority  stm32f1xx_hal_cortex.o
    0x080021b0   0x080021b0   0x00000024   Code   RO         1732    i.HAL_NVIC_SetPriorityGrouping  stm32f1xx_hal_cortex.o
    0x080021d4   0x080021d4   0x0000000c   Code   RO         1847    i.HAL_PWR_EnableBkUpAccess  stm32f1xx_hal_pwr.o
    0x080021e0   0x080021e0   0x000000b8   Code   RO         1526    i.HAL_RCCEx_GetPeriphCLKFreq  stm32f1xx_hal_rcc_ex.o
    0x08002298   0x08002298   0x000000ec   Code   RO         1527    i.HAL_RCCEx_PeriphCLKConfig  stm32f1xx_hal_rcc_ex.o
    0x08002384   0x08002384   0x0000012c   Code   RO         1423    i.HAL_RCC_ClockConfig  stm32f1xx_hal_rcc.o
    0x080024b0   0x080024b0   0x00000040   Code   RO         1427    i.HAL_RCC_GetClockConfig  stm32f1xx_hal_rcc.o
    0x080024f0   0x080024f0   0x00000020   Code   RO         1430    i.HAL_RCC_GetPCLK1Freq  stm32f1xx_hal_rcc.o
    0x08002510   0x08002510   0x00000020   Code   RO         1431    i.HAL_RCC_GetPCLK2Freq  stm32f1xx_hal_rcc.o
    0x08002530   0x08002530   0x0000004c   Code   RO         1432    i.HAL_RCC_GetSysClockFreq  stm32f1xx_hal_rcc.o
    0x0800257c   0x0800257c   0x00000320   Code   RO         1435    i.HAL_RCC_OscConfig  stm32f1xx_hal_rcc.o
    0x0800289c   0x0800289c   0x0000004e   Code   RO         2667    i.HAL_RTC_GetDate   stm32f1xx_hal_rtc.o
    0x080028ea   0x080028ea   0x000000d8   Code   RO         2669    i.HAL_RTC_GetTime   stm32f1xx_hal_rtc.o
    0x080029c2   0x080029c2   0x00000002   PAD
    0x080029c4   0x080029c4   0x00000094   Code   RO         2670    i.HAL_RTC_Init      stm32f1xx_hal_rtc.o
    0x08002a58   0x08002a58   0x00000034   Code   RO          442    i.HAL_RTC_MspInit   rtc.o
    0x08002a8c   0x08002a8c   0x000000c4   Code   RO         2676    i.HAL_RTC_SetDate   stm32f1xx_hal_rtc.o
    0x08002b50   0x08002b50   0x000000ac   Code   RO         2677    i.HAL_RTC_SetTime   stm32f1xx_hal_rtc.o
    0x08002bfc   0x08002bfc   0x0000003a   Code   RO         2678    i.HAL_RTC_WaitForSynchro  stm32f1xx_hal_rtc.o
    0x08002c36   0x08002c36   0x00000002   Code   RO         3640    i.HAL_TIMEx_BreakCallback  stm32f1xx_hal_tim_ex.o
    0x08002c38   0x08002c38   0x00000002   Code   RO         3641    i.HAL_TIMEx_CommutCallback  stm32f1xx_hal_tim_ex.o
    0x08002c3a   0x08002c3a   0x0000005a   Code   RO         2936    i.HAL_TIM_Base_Init  stm32f1xx_hal_tim.o
    0x08002c94   0x08002c94   0x00000002   Code   RO         2938    i.HAL_TIM_Base_MspInit  stm32f1xx_hal_tim.o
    0x08002c96   0x08002c96   0x00000002   PAD
    0x08002c98   0x08002c98   0x0000006c   Code   RO         2941    i.HAL_TIM_Base_Start_IT  stm32f1xx_hal_tim.o
    0x08002d04   0x08002d04   0x00000002   Code   RO         2970    i.HAL_TIM_IC_CaptureCallback  stm32f1xx_hal_tim.o
    0x08002d06   0x08002d06   0x00000166   Code   RO         2984    i.HAL_TIM_IRQHandler  stm32f1xx_hal_tim.o
    0x08002e6c   0x08002e6c   0x00000002   Code   RO         2987    i.HAL_TIM_OC_DelayElapsedCallback  stm32f1xx_hal_tim.o
    0x08002e6e   0x08002e6e   0x00000002   Code   RO         3014    i.HAL_TIM_PWM_PulseFinishedCallback  stm32f1xx_hal_tim.o
    0x08002e70   0x08002e70   0x00000014   Code   RO           14    i.HAL_TIM_PeriodElapsedCallback  main.o
    0x08002e84   0x08002e84   0x00000002   Code   RO         3027    i.HAL_TIM_TriggerCallback  stm32f1xx_hal_tim.o
    0x08002e86   0x08002e86   0x00000002   Code   RO         3919    i.HAL_UARTEx_RxEventCallback  stm32f1xx_hal_uart.o
    0x08002e88   0x08002e88   0x00000002   Code   RO         3933    i.HAL_UART_ErrorCallback  stm32f1xx_hal_uart.o
    0x08002e8a   0x08002e8a   0x00000002   PAD
    0x08002e8c   0x08002e8c   0x0000026c   Code   RO         3936    i.HAL_UART_IRQHandler  stm32f1xx_hal_uart.o
    0x080030f8   0x080030f8   0x00000064   Code   RO         3937    i.HAL_UART_Init     stm32f1xx_hal_uart.o
    0x0800315c   0x0800315c   0x000000cc   Code   RO          484    i.HAL_UART_MspInit  usart.o
    0x08003228   0x08003228   0x000000ac   Code   RO         3940    i.HAL_UART_Receive  stm32f1xx_hal_uart.o
    0x080032d4   0x080032d4   0x00000002   Code   RO         3943    i.HAL_UART_RxCpltCallback  stm32f1xx_hal_uart.o
    0x080032d6   0x080032d6   0x0000009a   Code   RO         3945    i.HAL_UART_Transmit  stm32f1xx_hal_uart.o
    0x08003370   0x08003370   0x00000002   Code   RO         3948    i.HAL_UART_TxCpltCallback  stm32f1xx_hal_uart.o
    0x08003372   0x08003372   0x00000002   PAD
    0x08003374   0x08003374   0x00000010   Code   RO          541    i.HAL_WWDG_EarlyWakeupCallback  wwdg.o
    0x08003384   0x08003384   0x0000001e   Code   RO         4271    i.HAL_WWDG_IRQHandler  stm32f1xx_hal_wwdg.o
    0x080033a2   0x080033a2   0x0000002a   Code   RO         4272    i.HAL_WWDG_Init     stm32f1xx_hal_wwdg.o
    0x080033cc   0x080033cc   0x0000003c   Code   RO          542    i.HAL_WWDG_MspInit  wwdg.o
    0x08003408   0x08003408   0x0000000a   Code   RO         4274    i.HAL_WWDG_Refresh  stm32f1xx_hal_wwdg.o
    0x08003412   0x08003412   0x00000002   Code   RO          586    i.HardFault_Handler  stm32f1xx_it.o
    0x08003414   0x08003414   0x00000018   Code   RO          731    i.I2C_BH1750_Data_Read  bsp_bh1750.o
    0x0800342c   0x0800342c   0x00000018   Code   RO          732    i.I2C_BH1750_Opecode_Write  bsp_bh1750.o
    0x08003444   0x08003444   0x0000002e   Code   RO         2279    i.I2C_IsAcknowledgeFailed  stm32f1xx_hal_i2c.o
    0x08003472   0x08003472   0x00000002   PAD
    0x08003474   0x08003474   0x000000ec   Code   RO         2282    i.I2C_MasterRequestRead  stm32f1xx_hal_i2c.o
    0x08003560   0x08003560   0x0000009c   Code   RO         2283    i.I2C_MasterRequestWrite  stm32f1xx_hal_i2c.o
    0x080035fc   0x080035fc   0x00000056   Code   RO         2294    i.I2C_WaitOnBTFFlagUntilTimeout  stm32f1xx_hal_i2c.o
    0x08003652   0x08003652   0x00000002   PAD
    0x08003654   0x08003654   0x00000090   Code   RO         2295    i.I2C_WaitOnFlagUntilTimeout  stm32f1xx_hal_i2c.o
    0x080036e4   0x080036e4   0x000000bc   Code   RO         2296    i.I2C_WaitOnMasterAddressFlagUntilTimeout  stm32f1xx_hal_i2c.o
    0x080037a0   0x080037a0   0x00000070   Code   RO         2297    i.I2C_WaitOnRXNEFlagUntilTimeout  stm32f1xx_hal_i2c.o
    0x08003810   0x08003810   0x00000056   Code   RO         2298    i.I2C_WaitOnTXEFlagUntilTimeout  stm32f1xx_hal_i2c.o
    0x08003866   0x08003866   0x00000002   PAD
    0x08003868   0x08003868   0x00000050   Code   RO          301    i.INFOTask          freertos.o
    0x080038b8   0x080038b8   0x00000048   Code   RO          733    i.Init_BH1750       bsp_bh1750.o
    0x08003900   0x08003900   0x00000084   Code   RO          302    i.LEDTask           freertos.o
    0x08003984   0x08003984   0x000000e0   Code   RO          303    i.MAX30102Task      freertos.o
    0x08003a64   0x08003a64   0x0000009c   Code   RO         1081    i.MAX30102_Get_DATA  bsp_max30102.o
    0x08003b00   0x08003b00   0x0000001c   Code   RO          846    i.MQTT_DeleteBuffer  mqttkit.o
    0x08003b1c   0x08003b1c   0x00000026   Code   RO          847    i.MQTT_DumpLength   mqttkit.o
    0x08003b42   0x08003b42   0x00000052   Code   RO          848    i.MQTT_NewBuffer    mqttkit.o
    0x08003b94   0x08003b94   0x0000007c   Code   RO          849    i.MQTT_PacketCmdResp  mqttkit.o
    0x08003c10   0x08003c10   0x00000264   Code   RO          850    i.MQTT_PacketConnect  mqttkit.o
    0x08003e74   0x08003e74   0x00000108   Code   RO          853    i.MQTT_PacketPublish  mqttkit.o
    0x08003f7c   0x08003f7c   0x00000050   Code   RO          858    i.MQTT_PacketSaveData  mqttkit.o
    0x08003fcc   0x08003fcc   0x0000003e   Code   RO          861    i.MQTT_ReadLength   mqttkit.o
    0x0800400a   0x0800400a   0x00000082   Code   RO          862    i.MQTT_UnPacketCmd  mqttkit.o
    0x0800408c   0x0800408c   0x0000001a   Code   RO          863    i.MQTT_UnPacketConnectAck  mqttkit.o
    0x080040a6   0x080040a6   0x00000018   Code   RO          865    i.MQTT_UnPacketPublishAck  mqttkit.o
    0x080040be   0x080040be   0x00000002   PAD
    0x080040c0   0x080040c0   0x00000060   Code   RO          869    i.MQTT_UnPacketRecv  mqttkit.o
    0x08004120   0x08004120   0x000000e0   Code   RO          304    i.MX_FREERTOS_Init  freertos.o
    0x08004200   0x08004200   0x000000a4   Code   RO          276    i.MX_GPIO_Init      gpio.o
    0x080042a4   0x080042a4   0x00000040   Code   RO          395    i.MX_I2C1_Init      i2c.o
    0x080042e4   0x080042e4   0x00000040   Code   RO          396    i.MX_I2C2_Init      i2c.o
    0x08004324   0x08004324   0x0000006c   Code   RO          443    i.MX_RTC_Init       rtc.o
    0x08004390   0x08004390   0x00000038   Code   RO          485    i.MX_USART1_UART_Init  usart.o
    0x080043c8   0x080043c8   0x00000038   Code   RO          486    i.MX_USART2_UART_Init  usart.o
    0x08004400   0x08004400   0x00000038   Code   RO          543    i.MX_WWDG_Init      wwdg.o
    0x08004438   0x08004438   0x00000002   Code   RO          587    i.MemManage_Handler  stm32f1xx_it.o
    0x0800443a   0x0800443a   0x00000002   Code   RO          588    i.NMI_Handler       stm32f1xx_it.o
    0x0800443c   0x0800443c   0x00000054   Code   RO          305    i.OneNET_Task       freertos.o
    0x08004490   0x08004490   0x0000025c   Code   RO         1022    i.OneNet_DevLink    onenet.o
    0x080046ec   0x080046ec   0x00000110   Code   RO         1023    i.OneNet_FillBuf    onenet.o
    0x080047fc   0x080047fc   0x00000138   Code   RO         1025    i.OneNet_RevPro     onenet.o
    0x08004934   0x08004934   0x0000009c   Code   RO         1026    i.OneNet_SendData   onenet.o
    0x080049d0   0x080049d0   0x00000012   Code   RO         2679    i.RTC_Bcd2ToByte    stm32f1xx_hal_rtc.o
    0x080049e2   0x080049e2   0x00000016   Code   RO         2680    i.RTC_ByteToBcd2    stm32f1xx_hal_rtc.o
    0x080049f8   0x080049f8   0x000000ae   Code   RO         2681    i.RTC_DateUpdate    stm32f1xx_hal_rtc.o
    0x08004aa6   0x08004aa6   0x00000034   Code   RO         2682    i.RTC_EnterInitMode  stm32f1xx_hal_rtc.o
    0x08004ada   0x08004ada   0x00000002   PAD
    0x08004adc   0x08004adc   0x00000036   Code   RO         2683    i.RTC_ExitInitMode  stm32f1xx_hal_rtc.o
    0x08004b12   0x08004b12   0x0000000e   Code   RO         2684    i.RTC_ReadAlarmCounter  stm32f1xx_hal_rtc.o
    0x08004b20   0x08004b20   0x00000020   Code   RO         2685    i.RTC_ReadTimeCounter  stm32f1xx_hal_rtc.o
    0x08004b40   0x08004b40   0x00000056   Code   RO         2686    i.RTC_WeekDayNum    stm32f1xx_hal_rtc.o
    0x08004b96   0x08004b96   0x00000028   Code   RO         2687    i.RTC_WriteAlarmCounter  stm32f1xx_hal_rtc.o
    0x08004bbe   0x08004bbe   0x00000028   Code   RO         2688    i.RTC_WriteTimeCounter  stm32f1xx_hal_rtc.o
    0x08004be6   0x08004be6   0x00000002   PAD
    0x08004be8   0x08004be8   0x0000002c   Code   RO         5727    i.SysTick_Handler   port.o
    0x08004c14   0x08004c14   0x00000080   Code   RO           15    i.SystemClock_Config  main.o
    0x08004c94   0x08004c94   0x00000002   Code   RO         4319    i.SystemInit        system_stm32f1xx.o
    0x08004c96   0x08004c96   0x00000002   PAD
    0x08004c98   0x08004c98   0x0000000c   Code   RO          589    i.TIM1_UP_IRQHandler  stm32f1xx_it.o
    0x08004ca4   0x08004ca4   0x0000008c   Code   RO         3029    i.TIM_Base_SetConfig  stm32f1xx_hal_tim.o
    0x08004d30   0x08004d30   0x0000007c   Code   RO          306    i.Timer01_Callback  freertos.o
    0x08004dac   0x08004dac   0x00000010   Code   RO         3950    i.UART_DMAAbortOnError  stm32f1xx_hal_uart.o
    0x08004dbc   0x08004dbc   0x0000004e   Code   RO         3960    i.UART_EndRxTransfer  stm32f1xx_hal_uart.o
    0x08004e0a   0x08004e0a   0x000000c2   Code   RO         3962    i.UART_Receive_IT   stm32f1xx_hal_uart.o
    0x08004ecc   0x08004ecc   0x000000b8   Code   RO         3963    i.UART_SetConfig    stm32f1xx_hal_uart.o
    0x08004f84   0x08004f84   0x00000078   Code   RO         3966    i.UART_WaitOnFlagUntilTimeout  stm32f1xx_hal_uart.o
    0x08004ffc   0x08004ffc   0x0000004c   Code   RO          590    i.USART2_IRQHandler  stm32f1xx_it.o
    0x08005048   0x08005048   0x00000002   Code   RO          591    i.UsageFault_Handler  stm32f1xx_it.o
    0x0800504a   0x0800504a   0x00000002   PAD
    0x0800504c   0x0800504c   0x00000040   Code   RO          773    i.UsartPrintf       bsp_esp01s.o
    0x0800508c   0x0800508c   0x00000024   Code   RO          774    i.Usart_SendString  bsp_esp01s.o
    0x080050b0   0x080050b0   0x0000000c   Code   RO          592    i.WWDG_IRQHandler   stm32f1xx_it.o
    0x080050bc   0x080050bc   0x00000020   Code   RO         6116    i.__0printf         mc_w.l(printfa.o)
    0x080050dc   0x080050dc   0x00000028   Code   RO         6118    i.__0sprintf        mc_w.l(printfa.o)
    0x08005104   0x08005104   0x00000024   Code   RO         6122    i.__0vsprintf       mc_w.l(printfa.o)
    0x08005128   0x08005128   0x00000020   Code   RO         1738    i.__NVIC_SetPriority  stm32f1xx_hal_cortex.o
    0x08005148   0x08005148   0x0000000e   Code   RO         6234    i.__scatterload_copy  mc_w.l(handlers.o)
    0x08005156   0x08005156   0x00000002   Code   RO         6235    i.__scatterload_null  mc_w.l(handlers.o)
    0x08005158   0x08005158   0x0000000e   Code   RO         6236    i.__scatterload_zeroinit  mc_w.l(handlers.o)
    0x08005166   0x08005166   0x00000002   PAD
    0x08005168   0x08005168   0x00000184   Code   RO         6123    i._fp_digits        mc_w.l(printfa.o)
    0x080052ec   0x080052ec   0x000006dc   Code   RO         6124    i._printf_core      mc_w.l(printfa.o)
    0x080059c8   0x080059c8   0x00000024   Code   RO         6125    i._printf_post_padding  mc_w.l(printfa.o)
    0x080059ec   0x080059ec   0x0000002e   Code   RO         6126    i._printf_pre_padding  mc_w.l(printfa.o)
    0x08005a1a   0x08005a1a   0x0000000a   Code   RO         6128    i._sputc            mc_w.l(printfa.o)
    0x08005a24   0x08005a24   0x00000018   Code   RO          487    i.fputc             usart.o
    0x08005a3c   0x08005a3c   0x00000050   Code   RO         6144    i.free              mc_w.l(malloc.o)
    0x08005a8c   0x08005a8c   0x0000000c   Code   RO         5296    i.inHandlerMode     cmsis_os.o
    0x08005a98   0x08005a98   0x00000018   Code   RO         1145    i.ir_max30102_fir   bsp_max30102_fir.o
    0x08005ab0   0x08005ab0   0x0000002e   Code   RO           16    i.main              main.o
    0x08005ade   0x08005ade   0x0000000c   Code   RO         5298    i.makeFreeRtosPriority  cmsis_os.o
    0x08005aea   0x08005aea   0x00000002   PAD
    0x08005aec   0x08005aec   0x0000006c   Code   RO         6145    i.malloc            mc_w.l(malloc.o)
    0x08005b58   0x08005b58   0x0000004e   Code   RO         1082    i.max30102_fifo_read  bsp_max30102.o
    0x08005ba6   0x08005ba6   0x00000002   PAD
    0x08005ba8   0x08005ba8   0x00000038   Code   RO         1146    i.max30102_fir_init  bsp_max30102_fir.o
    0x08005be0   0x08005be0   0x0000009c   Code   RO         1083    i.max30102_getHeartRate  bsp_max30102.o
    0x08005c7c   0x08005c7c   0x000000f4   Code   RO         1084    i.max30102_getSpO2  bsp_max30102.o
    0x08005d70   0x08005d70   0x00000030   Code   RO         1085    i.max30102_i2c_read  bsp_max30102.o
    0x08005da0   0x08005da0   0x00000020   Code   RO         1086    i.max30102_i2c_write  bsp_max30102.o
    0x08005dc0   0x08005dc0   0x0000007e   Code   RO         1087    i.max30102_init     bsp_max30102.o
    0x08005e3e   0x08005e3e   0x0000000e   Code   RO         5300    i.osDelay           cmsis_os.o
    0x08005e4c   0x08005e4c   0x0000000a   Code   RO         5303    i.osKernelStart     cmsis_os.o
    0x08005e56   0x08005e56   0x00000026   Code   RO         5312    i.osMessageCreate   cmsis_os.o
    0x08005e7c   0x08005e7c   0x0000003e   Code   RO         5329    i.osSemaphoreCreate  cmsis_os.o
    0x08005eba   0x08005eba   0x00000054   Code   RO         5337    i.osThreadCreate    cmsis_os.o
    0x08005f0e   0x08005f0e   0x00000002   PAD
    0x08005f10   0x08005f10   0x00000040   Code   RO         5350    i.osTimerCreate     cmsis_os.o
    0x08005f50   0x08005f50   0x0000005c   Code   RO         5352    i.osTimerStart      cmsis_os.o
    0x08005fac   0x08005fac   0x00000078   Code   RO         4822    i.prvAddCurrentTaskToDelayedList  tasks.o
    0x08006024   0x08006024   0x000000d0   Code   RO         4823    i.prvAddNewTaskToReadyList  tasks.o
    0x080060f4   0x080060f4   0x00000058   Code   RO         5155    i.prvCheckForValidListAndQueue  timers.o
    0x0800614c   0x0800614c   0x00000026   Code   RO         4497    i.prvCopyDataFromQueue  queue.o
    0x08006172   0x08006172   0x0000006c   Code   RO         4498    i.prvCopyDataToQueue  queue.o
    0x080061de   0x080061de   0x00000034   Code   RO         4824    i.prvDeleteTCB      tasks.o
    0x08006212   0x08006212   0x00000002   PAD
    0x08006214   0x08006214   0x0000004c   Code   RO         5677    i.prvHeapInit       heap_4.o
    0x08006260   0x08006260   0x00000060   Code   RO         4825    i.prvIdleTask       tasks.o
    0x080062c0   0x080062c0   0x00000016   Code   RO         4500    i.prvInitialiseNewQueue  queue.o
    0x080062d6   0x080062d6   0x000000a0   Code   RO         4826    i.prvInitialiseNewTask  tasks.o
    0x08006376   0x08006376   0x00000044   Code   RO         5156    i.prvInitialiseNewTimer  timers.o
    0x080063ba   0x080063ba   0x00000002   PAD
    0x080063bc   0x080063bc   0x0000004c   Code   RO         5678    i.prvInsertBlockIntoFreeList  heap_4.o
    0x08006408   0x08006408   0x00000038   Code   RO         5157    i.prvInsertTimerInActiveList  timers.o
    0x08006440   0x08006440   0x0000001c   Code   RO         4501    i.prvIsQueueEmpty   queue.o
    0x0800645c   0x0800645c   0x000000cc   Code   RO         5158    i.prvProcessReceivedCommands  timers.o
    0x08006528   0x08006528   0x000000b4   Code   RO         5159    i.prvProcessTimerOrBlockTask  timers.o
    0x080065dc   0x080065dc   0x00000020   Code   RO         4827    i.prvResetNextTaskUnblockTime  tasks.o
    0x080065fc   0x080065fc   0x00000028   Code   RO         5160    i.prvSampleTimeNow  timers.o
    0x08006624   0x08006624   0x0000006c   Code   RO         5161    i.prvSwitchTimerLists  timers.o
    0x08006690   0x08006690   0x00000028   Code   RO         5728    i.prvTaskExitError  port.o
    0x080066b8   0x080066b8   0x00000024   Code   RO         5162    i.prvTimerTask      timers.o
    0x080066dc   0x080066dc   0x0000006a   Code   RO         4502    i.prvUnlockQueue    queue.o
    0x08006746   0x08006746   0x00000002   PAD
    0x08006748   0x08006748   0x000000d8   Code   RO         5679    i.pvPortMalloc      heap_4.o
    0x08006820   0x08006820   0x00000018   Code   RO         4830    i.pvTaskIncrementMutexHeldCount  tasks.o
    0x08006838   0x08006838   0x00000024   Code   RO         5729    i.pxPortInitialiseStack  port.o
    0x0800685c   0x0800685c   0x00000018   Code   RO         1147    i.red_max30102_fir  bsp_max30102_fir.o
    0x08006874   0x08006874   0x00000026   Code   RO         4457    i.uxListRemove      list.o
    0x0800689a   0x0800689a   0x00000002   PAD
    0x0800689c   0x0800689c   0x00000014   Code   RO          307    i.vApplicationGetIdleTaskMemory  freertos.o
    0x080068b0   0x080068b0   0x00000018   Code   RO          308    i.vApplicationGetTimerTaskMemory  freertos.o
    0x080068c8   0x080068c8   0x00000016   Code   RO         4458    i.vListInitialise   list.o
    0x080068de   0x080068de   0x00000006   Code   RO         4459    i.vListInitialiseItem  list.o
    0x080068e4   0x080068e4   0x00000030   Code   RO         4460    i.vListInsert       list.o
    0x08006914   0x08006914   0x00000018   Code   RO         4461    i.vListInsertEnd    list.o
    0x0800692c   0x0800692c   0x00000040   Code   RO         5731    i.vPortEnterCritical  port.o
    0x0800696c   0x0800696c   0x00000028   Code   RO         5732    i.vPortExitCritical  port.o
    0x08006994   0x08006994   0x0000005c   Code   RO         5680    i.vPortFree         heap_4.o
    0x080069f0   0x080069f0   0x00000024   Code   RO         5733    i.vPortSetupTimerInterrupt  port.o
    0x08006a14   0x08006a14   0x00000054   Code   RO         5734    i.vPortValidateInterruptPriority  port.o
    0x08006a68   0x08006a68   0x00000028   Code   RO         4506    i.vQueueAddToRegistry  queue.o
    0x08006a90   0x08006a90   0x00000044   Code   RO         4509    i.vQueueWaitForMessageRestricted  queue.o
    0x08006ad4   0x08006ad4   0x0000004c   Code   RO         4837    i.vTaskDelay        tasks.o
    0x08006b20   0x08006b20   0x00000010   Code   RO         4841    i.vTaskInternalSetTimeOutState  tasks.o
    0x08006b30   0x08006b30   0x0000000c   Code   RO         4842    i.vTaskMissedYield  tasks.o
    0x08006b3c   0x08006b3c   0x00000030   Code   RO         4844    i.vTaskPlaceOnEventList  tasks.o
    0x08006b6c   0x08006b6c   0x00000038   Code   RO         4845    i.vTaskPlaceOnEventListRestricted  tasks.o
    0x08006ba4   0x08006ba4   0x000000a8   Code   RO         4847    i.vTaskPriorityDisinheritAfterTimeout  tasks.o
    0x08006c4c   0x08006c4c   0x00000088   Code   RO         4852    i.vTaskStartScheduler  tasks.o
    0x08006cd4   0x08006cd4   0x00000010   Code   RO         4854    i.vTaskSuspendAll   tasks.o
    0x08006ce4   0x08006ce4   0x0000005c   Code   RO         4855    i.vTaskSwitchContext  tasks.o
    0x08006d40   0x08006d40   0x000000a8   Code   RO         5735    i.xPortStartScheduler  port.o
    0x08006de8   0x08006de8   0x00000048   Code   RO         4512    i.xQueueGenericCreate  queue.o
    0x08006e30   0x08006e30   0x00000066   Code   RO         4513    i.xQueueGenericCreateStatic  queue.o
    0x08006e96   0x08006e96   0x00000002   PAD
    0x08006e98   0x08006e98   0x00000088   Code   RO         4514    i.xQueueGenericReset  queue.o
    0x08006f20   0x08006f20   0x00000160   Code   RO         4515    i.xQueueGenericSend  queue.o
    0x08007080   0x08007080   0x000000bc   Code   RO         4516    i.xQueueGenericSendFromISR  queue.o
    0x0800713c   0x0800713c   0x00000138   Code   RO         4524    i.xQueueReceive     queue.o
    0x08007274   0x08007274   0x00000178   Code   RO         4526    i.xQueueSemaphoreTake  queue.o
    0x080073ec   0x080073ec   0x00000088   Code   RO         4857    i.xTaskCheckForTimeOut  tasks.o
    0x08007474   0x08007474   0x0000005a   Code   RO         4858    i.xTaskCreate       tasks.o
    0x080074ce   0x080074ce   0x00000056   Code   RO         4859    i.xTaskCreateStatic  tasks.o
    0x08007524   0x08007524   0x0000001c   Code   RO         4864    i.xTaskGetSchedulerState  tasks.o
    0x08007540   0x08007540   0x0000000c   Code   RO         4865    i.xTaskGetTickCount  tasks.o
    0x0800754c   0x0800754c   0x000000c8   Code   RO         4867    i.xTaskIncrementTick  tasks.o
    0x08007614   0x08007614   0x00000098   Code   RO         4870    i.xTaskPriorityDisinherit  tasks.o
    0x080076ac   0x080076ac   0x00000094   Code   RO         4871    i.xTaskPriorityInherit  tasks.o
    0x08007740   0x08007740   0x00000074   Code   RO         4872    i.xTaskRemoveFromEventList  tasks.o
    0x080077b4   0x080077b4   0x000000c4   Code   RO         4873    i.xTaskResumeAll    tasks.o
    0x08007878   0x08007878   0x00000034   Code   RO         5165    i.xTimerCreate      timers.o
    0x080078ac   0x080078ac   0x0000002e   Code   RO         5166    i.xTimerCreateStatic  timers.o
    0x080078da   0x080078da   0x00000002   PAD
    0x080078dc   0x080078dc   0x00000060   Code   RO         5167    i.xTimerCreateTimerTask  timers.o
    0x0800793c   0x0800793c   0x00000068   Code   RO         5168    i.xTimerGenericCommand  timers.o
    0x080079a4   0x080079a4   0x000000b4   Data   RO          312    .constdata          freertos.o
    0x08007a58   0x08007a58   0x00000074   Data   RO         1149    .constdata          bsp_max30102_fir.o
    0x08007acc   0x08007acc   0x00000012   Data   RO         1436    .constdata          stm32f1xx_hal_rcc.o
    0x08007ade   0x08007ade   0x00000012   Data   RO         1528    .constdata          stm32f1xx_hal_rcc_ex.o
    0x08007af0   0x08007af0   0x00000010   Data   RO         4320    .constdata          system_stm32f1xx.o
    0x08007b00   0x08007b00   0x00000008   Data   RO         4321    .constdata          system_stm32f1xx.o
    0x08007b08   0x08007b08   0x0000003e   Data   RO          313    .conststring        freertos.o
    0x08007b46   0x08007b46   0x00000002   PAD
    0x08007b48   0x08007b48   0x00000020   Data   RO         6232    Region$$Table       anon$$obj.o


    Execution Region RW_IRAM1 (Exec base: 0x20000000, Load base: 0x08007b68, Size: 0x00002d78, Max: 0x0000c000, ABSOLUTE)

    Exec Addr    Load Addr    Size         Type   Attr      Idx    E Section Name        Object

    0x20000000   0x08007b68   0x00000034   Data   RW          314    .data               freertos.o
    0x20000034   0x08007b9c   0x00000001   Data   RW          315    .data               freertos.o
    0x20000035   0x08007b9d   0x00000001   PAD
    0x20000036   0x08007b9e   0x00000002   Data   RW          316    .data               freertos.o
    0x20000038   0x08007ba0   0x00000004   Data   RW          776    .data               bsp_esp01s.o
    0x2000003c   0x08007ba4   0x00000001   Data   RW         1029    .data               onenet.o
    0x2000003d   0x08007ba5   0x00000003   PAD
    0x20000040   0x08007ba8   0x00000004   Data   RW         1150    .data               bsp_max30102_fir.o
    0x20000044   0x08007bac   0x0000000c   Data   RW         1273    .data               stm32f1xx_hal.o
    0x20000050   0x08007bb8   0x00000004   Data   RW         4322    .data               system_stm32f1xx.o
    0x20000054   0x08007bbc   0x0000003c   Data   RW         4876    .data               tasks.o
    0x20000090   0x08007bf8   0x00000014   Data   RW         5176    .data               timers.o
    0x200000a4   0x08007c0c   0x00000018   Data   RW         5685    .data               heap_4.o
    0x200000bc   0x08007c24   0x0000000c   Data   RW         5736    .data               port.o
    0x200000c8   0x08007c30   0x00000004   Data   RW         6210    .data               mc_w.l(stdout.o)
    0x200000cc   0x08007c34   0x00000004   Data   RW         6219    .data               mc_w.l(mvars.o)
    0x200000d0   0x08007c38   0x00000004   Data   RW         6220    .data               mc_w.l(mvars.o)
    0x200000d4        -       0x00000258   Zero   RW          309    .bss                freertos.o
    0x2000032c        -       0x00000258   Zero   RW          310    .bss                freertos.o
    0x20000584        -       0x000006a8   Zero   RW          311    .bss                freertos.o
    0x20000c2c        -       0x000000a8   Zero   RW          397    .bss                i2c.o
    0x20000cd4        -       0x00000014   Zero   RW          444    .bss                rtc.o
    0x20000ce8        -       0x00000090   Zero   RW          488    .bss                usart.o
    0x20000d78        -       0x00000014   Zero   RW          544    .bss                wwdg.o
    0x20000d8c        -       0x00000048   Zero   RW          695    .bss                stm32f1xx_hal_timebase_tim.o
    0x20000dd4        -       0x00000210   Zero   RW          775    .bss                bsp_esp01s.o
    0x20000fe4        -       0x00000010   Zero   RW         1028    .bss                onenet.o
    0x20000ff4        -       0x00000100   Zero   RW         1148    .bss                bsp_max30102_fir.o
    0x200010f4        -       0x00000040   Zero   RW         4527    .bss                queue.o
    0x20001134        -       0x000000f0   Zero   RW         4875    .bss                tasks.o
    0x20001224        -       0x000001b0   Zero   RW         5175    .bss                timers.o
    0x200013d4        -       0x00000fa0   Zero   RW         5684    .bss                heap_4.o
    0x20002374   0x08007c3c   0x00000004   PAD
    0x20002378        -       0x00000200   Zero   RW            2    HEAP                startup_stm32f103xe.o
    0x20002578        -       0x00000800   Zero   RW            1    STACK               startup_stm32f103xe.o


==============================================================================

Image component sizes


      Code (inc. data)   RO Data    RW Data    ZI Data      Debug   Object Name

       120         50          0          0          0       2144   bsp_bh1750.o
       844        350          0          4        528       6495   bsp_esp01s.o
       856         62          0          0          0       6493   bsp_max30102.o
       104         32        116          4        256       2988   bsp_max30102_fir.o
       388          8          0          0          0      29610   cmsis_os.o
         0          0          0          0          0      17972   event_groups.o
      1144        324        242         55       2904       7928   freertos.o
       164         14          0          0          0       1003   gpio.o
       460         24          0         24       4000       4795   heap_4.o
       280         46          0          0        168       2378   i2c.o
       138          0          0          0          0       3522   list.o
       198          6          0          0          0     552760   main.o
      1566         30          0          0          0      12339   mqttkit.o
      1344        682          0          1         16       3987   onenet.o
       662         70          0         12          0      11389   port.o
      1948         24          0          0         64      17428   queue.o
       160         20          0          0         20       1667   rtc.o
        36          8        304          0       2560        804   startup_stm32f103xe.o
       100         18          0         12          0       5998   stm32f1xx_hal.o
       158         14          0          0          0      28290   stm32f1xx_hal_cortex.o
       374          8          0          0          0       1895   stm32f1xx_hal_dma.o
       538         48          0          0          0       3583   stm32f1xx_hal_gpio.o
      2338         54          0          0          0      12838   stm32f1xx_hal_i2c.o
        72         10          0          0          0        914   stm32f1xx_hal_msp.o
        12          4          0          0          0        535   stm32f1xx_hal_pwr.o
      1304         94         18          0          0       5881   stm32f1xx_hal_rcc.o
       420         30         18          0          0       2581   stm32f1xx_hal_rcc_ex.o
      1400         12          0          0          0      13072   stm32f1xx_hal_rtc.o
       706         40          0          0          0       7300   stm32f1xx_hal_tim.o
         4          0          0          0          0       1641   stm32f1xx_hal_tim_ex.o
       116         18          0          0         72       1479   stm32f1xx_hal_timebase_tim.o
      1646         10          0          0          0      11411   stm32f1xx_hal_uart.o
        82          0          0          0          0       2249   stm32f1xx_hal_wwdg.o
       118         26          0          0          0       4619   stm32f1xx_it.o
         2          0         24          4          0       1179   system_stm32f1xx.o
      2476        182          0         60        240      26285   tasks.o
      1078         82          0         20        432      29487   timers.o
       340         38          0          0        144       4311   usart.o
       132         26          0          0         20       2145   wwdg.o

    ----------------------------------------------------------------------
     23876       2464        756        200      11428     853395   Object Totals
         0          0         32          0          0          0   (incl. Generated)
        48          0          2          4          4          0   (incl. Padding)

    ----------------------------------------------------------------------

      Code (inc. data)   RO Data    RW Data    ZI Data      Debug   Library Member Name

      2122          0          0          0          0       4744   arm_fir_f32.o
        32          0          0          0          0       1066   arm_fir_init_f32.o
         0          0          0          0          0          0   entry.o
         0          0          0          0          0          0   entry10a.o
         0          0          0          0          0          0   entry11a.o
         8          4          0          0          0          0   entry2.o
         4          0          0          0          0          0   entry5.o
         0          0          0          0          0          0   entry7b.o
         0          0          0          0          0          0   entry8b.o
         8          4          0          0          0          0   entry9a.o
        30          0          0          0          0          0   handlers.o
        36          8          0          0          0         68   init.o
         0          0          0          0          0          0   iusefp.o
        30          0          0          0          0         68   llshl.o
        36          0          0          0          0         68   llsshr.o
        32          0          0          0          0         68   llushr.o
       188         20          0          0          0        160   malloc.o
        36          0          0          0          0         68   memcpya.o
        36          0          0          0          0        108   memseta.o
         0          0          0          8          0          0   mvars.o
      2344        102          0          0          0        684   printfa.o
         0          0          0          4          0          0   stdout.o
        24          0          0          0          0         68   strcat.o
        20          0          0          0          0         68   strchr.o
        14          0          0          0          0         68   strlen.o
        40          0          0          0          0         76   strncat.o
        36          0          0          0          0         80   strstr.o
        44          0          0          0          0         80   uidiv.o
        98          0          0          0          0         92   uldiv.o
        48          0          0          0          0         68   cdrcmple.o
        20          0          0          0          0         68   cfcmple.o
        20          0          0          0          0         68   cfrcmple.o
        56          0          0          0          0         88   d2f.o
       334          0          0          0          0        148   dadd.o
       222          0          0          0          0        100   ddiv.o
       186          0          0          0          0        176   depilogue.o
        48          0          0          0          0         68   dfixul.o
       228          0          0          0          0         96   dmul.o
        38          0          0          0          0         68   f2d.o
       176          0          0          0          0        140   fadd.o
       124          0          0          0          0         88   fdiv.o
       110          0          0          0          0        168   fepilogue.o
        18          0          0          0          0         68   fflti.o
        10          0          0          0          0         68   ffltui.o
       100          0          0          0          0         76   fmul.o

    ----------------------------------------------------------------------
      6960        138          0         12          0       9190   Library Totals
         4          0          0          0          0          0   (incl. Padding)

    ----------------------------------------------------------------------

      Code (inc. data)   RO Data    RW Data    ZI Data      Debug   Library Name

      2154          0          0          0          0       5810   arm_cortexM3l_math.lib
      3064        138          0         12          0       1824   mc_w.l
      1738          0          0          0          0       1556   mf_w.l

    ----------------------------------------------------------------------
      6960        138          0         12          0       9190   Library Totals

    ----------------------------------------------------------------------

==============================================================================


      Code (inc. data)   RO Data    RW Data    ZI Data      Debug   

     30836       2602        756        212      11428     848889   Grand Totals
     30836       2602        756        212      11428     848889   ELF Image Totals
     30836       2602        756        212          0          0   ROM Totals

==============================================================================

    Total RO  Size (Code + RO Data)                31592 (  30.85kB)
    Total RW  Size (RW Data + ZI Data)             11640 (  11.37kB)
    Total ROM Size (Code + RO Data + RW Data)      31804 (  31.06kB)

==============================================================================

