Component: ARM Compiler 5.06 update 6 (build 750) Tool: armlink [4d35ed]

==============================================================================

Section Cross References

    startup_stm32f103xe.o(RESET) refers to startup_stm32f103xe.o(STACK) for __initial_sp
    startup_stm32f103xe.o(RESET) refers to startup_stm32f103xe.o(.text) for Reset_Handler
    startup_stm32f103xe.o(RESET) refers to stm32f1xx_it.o(i.NMI_Handler) for NMI_Handler
    startup_stm32f103xe.o(RESET) refers to stm32f1xx_it.o(i.HardFault_Handler) for HardFault_Handler
    startup_stm32f103xe.o(RESET) refers to stm32f1xx_it.o(i.MemManage_Handler) for MemManage_Handler
    startup_stm32f103xe.o(RESET) refers to stm32f1xx_it.o(i.BusFault_Handler) for BusFault_Handler
    startup_stm32f103xe.o(RESET) refers to stm32f1xx_it.o(i.UsageFault_Handler) for UsageFault_Handler
    startup_stm32f103xe.o(RESET) refers to port.o(.emb_text) for SVC_Handler
    startup_stm32f103xe.o(RESET) refers to stm32f1xx_it.o(i.DebugMon_Handler) for DebugMon_Handler
    startup_stm32f103xe.o(RESET) refers to port.o(i.SysTick_Handler) for SysTick_Handler
    startup_stm32f103xe.o(RESET) refers to stm32f1xx_it.o(i.TIM1_UP_IRQHandler) for TIM1_UP_IRQHandler
    startup_stm32f103xe.o(.text) refers to system_stm32f1xx.o(i.SystemInit) for SystemInit
    startup_stm32f103xe.o(.text) refers to entry.o(.ARM.Collect$$$$00000000) for __main
    main.o(i.HAL_TIM_PeriodElapsedCallback) refers to stm32f1xx_hal.o(i.HAL_IncTick) for HAL_IncTick
    main.o(i.SystemClock_Config) refers to memseta.o(.text) for __aeabi_memclr4
    main.o(i.SystemClock_Config) refers to stm32f1xx_hal_rcc.o(i.HAL_RCC_OscConfig) for HAL_RCC_OscConfig
    main.o(i.SystemClock_Config) refers to stm32f1xx_hal_rcc.o(i.HAL_RCC_ClockConfig) for HAL_RCC_ClockConfig
    main.o(i.main) refers to stm32f1xx_hal.o(i.HAL_Init) for HAL_Init
    main.o(i.main) refers to main.o(i.SystemClock_Config) for SystemClock_Config
    main.o(i.main) refers to gpio.o(i.MX_GPIO_Init) for MX_GPIO_Init
    main.o(i.main) refers to usart.o(i.MX_USART1_UART_Init) for MX_USART1_UART_Init
    main.o(i.main) refers to i2c.o(i.MX_I2C1_Init) for MX_I2C1_Init
    main.o(i.main) refers to freertos.o(i.MX_FREERTOS_Init) for MX_FREERTOS_Init
    main.o(i.main) refers to cmsis_os.o(i.osKernelStart) for osKernelStart
    gpio.o(i.MX_GPIO_Init) refers to stm32f1xx_hal_gpio.o(i.HAL_GPIO_WritePin) for HAL_GPIO_WritePin
    gpio.o(i.MX_GPIO_Init) refers to stm32f1xx_hal_gpio.o(i.HAL_GPIO_Init) for HAL_GPIO_Init
    freertos.o(i.BH1750Task) refers to stm32f1xx_hal.o(i.HAL_Delay) for HAL_Delay
    freertos.o(i.BH1750Task) refers to bsp_bh1750.o(i.Init_BH1750) for Init_BH1750
    freertos.o(i.BH1750Task) refers to bsp_bh1750.o(i.I2C_BH1750_Opecode_Write) for I2C_BH1750_Opecode_Write
    freertos.o(i.BH1750Task) refers to printf8.o(i.__0printf$8) for __2printf
    freertos.o(i.BH1750Task) refers to bsp_bh1750.o(i.I2C_BH1750_Data_Read) for I2C_BH1750_Data_Read
    freertos.o(i.BH1750Task) refers to fflti.o(.text) for __aeabi_i2f
    freertos.o(i.BH1750Task) refers to f2d.o(.text) for __aeabi_f2d
    freertos.o(i.BH1750Task) refers to ddiv.o(.text) for __aeabi_ddiv
    freertos.o(i.BH1750Task) refers to d2f.o(.text) for __aeabi_d2f
    freertos.o(i.BH1750Task) refers to queue.o(i.xQueueGenericSend) for xQueueGenericSend
    freertos.o(i.BH1750Task) refers to cmsis_os.o(i.osDelay) for osDelay
    freertos.o(i.BH1750Task) refers to freertos.o(.data) for .data
    freertos.o(i.INFOTask) refers to queue.o(i.xQueueReceive) for xQueueReceive
    freertos.o(i.INFOTask) refers to printf8.o(i.__0printf$8) for __2printf
    freertos.o(i.INFOTask) refers to cmsis_os.o(i.osDelay) for osDelay
    freertos.o(i.INFOTask) refers to freertos.o(.data) for .data
    freertos.o(i.LEDTask) refers to queue.o(i.xQueueReceive) for xQueueReceive
    freertos.o(i.LEDTask) refers to stm32f1xx_hal_gpio.o(i.HAL_GPIO_WritePin) for HAL_GPIO_WritePin
    freertos.o(i.LEDTask) refers to queue.o(i.xQueueGenericSend) for xQueueGenericSend
    freertos.o(i.LEDTask) refers to queue.o(i.xQueueSemaphoreTake) for xQueueSemaphoreTake
    freertos.o(i.LEDTask) refers to cmsis_os.o(i.osDelay) for osDelay
    freertos.o(i.LEDTask) refers to freertos.o(.data) for .data
    freertos.o(i.MX_FREERTOS_Init) refers to cmsis_os.o(i.osSemaphoreCreate) for osSemaphoreCreate
    freertos.o(i.MX_FREERTOS_Init) refers to cmsis_os.o(i.osTimerCreate) for osTimerCreate
    freertos.o(i.MX_FREERTOS_Init) refers to cmsis_os.o(i.osMessageCreate) for osMessageCreate
    freertos.o(i.MX_FREERTOS_Init) refers to memcpya.o(.text) for __aeabi_memcpy4
    freertos.o(i.MX_FREERTOS_Init) refers to cmsis_os.o(i.osThreadCreate) for osThreadCreate
    freertos.o(i.MX_FREERTOS_Init) refers to freertos.o(.data) for .data
    freertos.o(i.MX_FREERTOS_Init) refers to freertos.o(.constdata) for .constdata
    freertos.o(i.vApplicationGetIdleTaskMemory) refers to freertos.o(.bss) for .bss
[...]
    ../clib/microlib/string/strlen.c         0x00000000   Number         0  strlen.o ABSOLUTE
    ../clib/microlib/stubs.s                 0x00000000   Number         0  iusefp.o ABSOLUTE
    ../fplib/microlib/d2f.c                  0x00000000   Number         0  d2f.o ABSOLUTE
    ../fplib/microlib/f2d.c                  0x00000000   Number         0  f2d.o ABSOLUTE
    ../fplib/microlib/fpadd.c                0x00000000   Number         0  dadd.o ABSOLUTE
    ../fplib/microlib/fpdiv.c                0x00000000   Number         0  ddiv.o ABSOLUTE
    ../fplib/microlib/fpepilogue.c           0x00000000   Number         0  fepilogue.o ABSOLUTE
    ../fplib/microlib/fpepilogue.c           0x00000000   Number         0  depilogue.o ABSOLUTE
    ../fplib/microlib/fpfix.c                0x00000000   Number         0  dfixul.o ABSOLUTE
    ../fplib/microlib/fpflt.c                0x00000000   Number         0  fflti.o ABSOLUTE
    ../fplib/microlib/fpmul.c                0x00000000   Number         0  dmul.o ABSOLUTE
    ..\BSP_Device\BH1750\bsp_bh1750.c        0x00000000   Number         0  bsp_bh1750.o ABSOLUTE
    ..\Core\Src\freertos.c                   0x00000000   Number         0  freertos.o ABSOLUTE
    ..\Core\Src\gpio.c                       0x00000000   Number         0  gpio.o ABSOLUTE
    ..\Core\Src\i2c.c                        0x00000000   Number         0  i2c.o ABSOLUTE
    ..\Core\Src\main.c                       0x00000000   Number         0  main.o ABSOLUTE
    ..\Core\Src\stm32f1xx_hal_msp.c          0x00000000   Number         0  stm32f1xx_hal_msp.o ABSOLUTE
    ..\Core\Src\stm32f1xx_hal_timebase_tim.c 0x00000000   Number         0  stm32f1xx_hal_timebase_tim.o ABSOLUTE
    ..\Core\Src\stm32f1xx_it.c               0x00000000   Number         0  stm32f1xx_it.o ABSOLUTE
    ..\Core\Src\system_stm32f1xx.c           0x00000000   Number         0  system_stm32f1xx.o ABSOLUTE
    ..\Core\Src\usart.c                      0x00000000   Number         0  usart.o ABSOLUTE
    ..\Drivers\STM32F1xx_HAL_Driver\Src\stm32f1xx_hal.c 0x00000000   Number         0  stm32f1xx_hal.o ABSOLUTE
    ..\Drivers\STM32F1xx_HAL_Driver\Src\stm32f1xx_hal_cortex.c 0x00000000   Number         0  stm32f1xx_hal_cortex.o ABSOLUTE
    ..\Drivers\STM32F1xx_HAL_Driver\Src\stm32f1xx_hal_dma.c 0x00000000   Number         0  stm32f1xx_hal_dma.o ABSOLUTE
    ..\Drivers\STM32F1xx_HAL_Driver\Src\stm32f1xx_hal_exti.c 0x00000000   Number         0  stm32f1xx_hal_exti.o ABSOLUTE
    ..\Drivers\STM32F1xx_HAL_Driver\Src\stm32f1xx_hal_flash.c 0x00000000   Number         0  stm32f1xx_hal_flash.o ABSOLUTE
    ..\Drivers\STM32F1xx_HAL_Driver\Src\stm32f1xx_hal_flash_ex.c 0x00000000   Number         0  stm32f1xx_hal_flash_ex.o ABSOLUTE
    ..\Drivers\STM32F1xx_HAL_Driver\Src\stm32f1xx_hal_gpio.c 0x00000000   Number         0  stm32f1xx_hal_gpio.o ABSOLUTE
    ..\Drivers\STM32F1xx_HAL_Driver\Src\stm32f1xx_hal_gpio_ex.c 0x00000000   Number         0  stm32f1xx_hal_gpio_ex.o ABSOLUTE
    ..\Drivers\STM32F1xx_HAL_Driver\Src\stm32f1xx_hal_i2c.c 0x00000000   Number         0  stm32f1xx_hal_i2c.o ABSOLUTE
    ..\Drivers\STM32F1xx_HAL_Driver\Src\stm32f1xx_hal_pwr.c 0x00000000   Number         0  stm32f1xx_hal_pwr.o ABSOLUTE
    ..\Drivers\STM32F1xx_HAL_Driver\Src\stm32f1xx_hal_rcc.c 0x00000000   Number         0  stm32f1xx_hal_rcc.o ABSOLUTE
    ..\Drivers\STM32F1xx_HAL_Driver\Src\stm32f1xx_hal_rcc_ex.c 0x00000000   Number         0  stm32f1xx_hal_rcc_ex.o ABSOLUTE
    ..\Drivers\STM32F1xx_HAL_Driver\Src\stm32f1xx_hal_tim.c 0x00000000   Number         0  stm32f1xx_hal_tim.o ABSOLUTE
    ..\Drivers\STM32F1xx_HAL_Driver\Src\stm32f1xx_hal_tim_ex.c 0x00000000   Number         0  stm32f1xx_hal_tim_ex.o ABSOLUTE
    ..\Drivers\STM32F1xx_HAL_Driver\Src\stm32f1xx_hal_uart.c 0x00000000   Number         0  stm32f1xx_hal_uart.o ABSOLUTE
    ..\Middlewares\Third_Party\FreeRTOS\Source\CMSIS_RTOS\cmsis_os.c 0x00000000   Number         0  cmsis_os.o ABSOLUTE
    ..\Middlewares\Third_Party\FreeRTOS\Source\portable\RVDS\ARM_CM3\port.c 0x00000000   Number         0  port.o ABSOLUTE
    ..\\BSP_Device\\BH1750\\bsp_bh1750.c     0x00000000   Number         0  bsp_bh1750.o ABSOLUTE
    cdrcmple.s                               0x00000000   Number         0  cdrcmple.o ABSOLUTE
    dc.s                                     0x00000000   Number         0  dc.o ABSOLUTE
    handlers.s                               0x00000000   Number         0  handlers.o ABSOLUTE
    init.s                                   0x00000000   Number         0  init.o ABSOLUTE
    startup_stm32f103xe.s                    0x00000000   Number         0  startup_stm32f103xe.o ABSOLUTE
    RESET                                    0x08000000   Section      304  startup_stm32f103xe.o(RESET)
    .ARM.Collect$$$$00000000                 0x08000130   Section        0  entry.o(.ARM.Collect$$$$00000000)
    .ARM.Collect$$$$00000001                 0x08000130   Section        4  entry2.o(.ARM.Collect$$$$00000001)
    .ARM.Collect$$$$00000004                 0x08000134   Section        4  entry5.o(.ARM.Collect$$$$00000004)
    .ARM.Collect$$$$00000008                 0x08000138   Section        0  entry7b.o(.ARM.Collect$$$$00000008)
    .ARM.Collect$$$$0000000A                 0x08000138   Section        0  entry8b.o(.ARM.Collect$$$$0000000A)
    .ARM.Collect$$$$0000000B                 0x08000138   Section        8  entry9a.o(.ARM.Collect$$$$0000000B)
    .ARM.Collect$$$$0000000D                 0x08000140   Section        0  entry10a.o(.ARM.Collect$$$$0000000D)
    .ARM.Collect$$$$0000000F                 0x08000140   Section        0  entry11a.o(.ARM.Collect$$$$0000000F)
    .ARM.Collect$$$$00002712                 0x08000140   Section        4  entry2.o(.ARM.Collect$$$$00002712)
    __lit__00000000                          0x08000140   Data           4  entry2.o(.ARM.Collect$$$$00002712)
    .emb_text                                0x08000144   Section      150  port.o(.emb_text)
    .text                                    0x080001dc   Section       36  startup_stm32f103xe.o(.text)
    .text                                    0x08000200   Section        0  llushr.o(.text)
    .text                                    0x08000220   Section        0  memcpya.o(.text)
    .text                                    0x08000244   Section        0  memseta.o(.text)
    .text                                    0x08000268   Section        0  ddiv.o(.text)
    .text                                    0x08000346   Section        0  fflti.o(.text)
    .text                                    0x08000358   Section        0  f2d.o(.text)
    .text                                    0x0800037e   Section        0  d2f.o(.text)
    .text                                    0x080003b6   Section        0  uldiv.o(.text)
    .text                                    0x08000418   Section        0  fepilogue.o(.text)
    .text                                    0x08000418   Section        0  iusefp.o(.text)
    .text                                    0x08000486   Section        0  depilogue.o(.text)
    .text                                    0x08000540   Section       36  init.o(.text)
    .text                                    0x08000564   Section        0  llshl.o(.text)
    i.BH1750Task                             0x08000584   Section        0  freertos.o(i.BH1750Task)
    i.BusFault_Handler                       0x0800066c   Section        0  stm32f1xx_it.o(i.BusFault_Handler)
    i.DebugMon_Handler                       0x0800066e   Section        0  stm32f1xx_it.o(i.DebugMon_Handler)
    i.Error_Handler                          0x08000670   Section        0  main.o(i.Error_Handler)
    i.HAL_Delay                              0x08000674   Section        0  stm32f1xx_hal.o(i.HAL_Delay)
    i.HAL_GPIO_Init                          0x08000698   Section        0  stm32f1xx_hal_gpio.o(i.HAL_GPIO_Init)
    i.HAL_GPIO_WritePin                      0x08000890   Section        0  stm32f1xx_hal_gpio.o(i.HAL_GPIO_WritePin)
    i.HAL_GetTick                            0x0800089c   Section        0  stm32f1xx_hal.o(i.HAL_GetTick)
    i.HAL_I2C_Init                           0x080008a8   Section        0  stm32f1xx_hal_i2c.o(i.HAL_I2C_Init)
    i.HAL_I2C_Master_Receive                 0x08000a30   Section        0  stm32f1xx_hal_i2c.o(i.HAL_I2C_Master_Receive)
    i.HAL_I2C_Master_Transmit                0x08000c80   Section        0  stm32f1xx_hal_i2c.o(i.HAL_I2C_Master_Transmit)
    i.HAL_I2C_MspInit                        0x08000dac   Section        0  i2c.o(i.HAL_I2C_MspInit)
    i.HAL_IncTick                            0x08000e08   Section        0  stm32f1xx_hal.o(i.HAL_IncTick)
    i.HAL_Init                               0x08000e18   Section        0  stm32f1xx_hal.o(i.HAL_Init)
    i.HAL_InitTick                           0x08000e3c   Section        0  stm32f1xx_hal_timebase_tim.o(i.HAL_InitTick)
    i.HAL_MspInit                            0x08000eb0   Section        0  stm32f1xx_hal_msp.o(i.HAL_MspInit)
    i.HAL_NVIC_EnableIRQ                     0x08000ef8   Section        0  stm32f1xx_hal_cortex.o(i.HAL_NVIC_EnableIRQ)
    i.HAL_NVIC_SetPriority                   0x08000f14   Section        0  stm32f1xx_hal_cortex.o(i.HAL_NVIC_SetPriority)
    i.HAL_NVIC_SetPriorityGrouping           0x08000f54   Section        0  stm32f1xx_hal_cortex.o(i.HAL_NVIC_SetPriorityGrouping)
    i.HAL_RCC_ClockConfig                    0x08000f78   Section        0  stm32f1xx_hal_rcc.o(i.HAL_RCC_ClockConfig)
    i.HAL_RCC_GetClockConfig                 0x080010a4   Section        0  stm32f1xx_hal_rcc.o(i.HAL_RCC_GetClockConfig)
    i.HAL_RCC_GetPCLK1Freq                   0x080010e4   Section        0  stm32f1xx_hal_rcc.o(i.HAL_RCC_GetPCLK1Freq)
    i.HAL_RCC_GetPCLK2Freq                   0x08001104   Section        0  stm32f1xx_hal_rcc.o(i.HAL_RCC_GetPCLK2Freq)
    i.HAL_RCC_GetSysClockFreq                0x08001124   Section        0  stm32f1xx_hal_rcc.o(i.HAL_RCC_GetSysClockFreq)
    i.HAL_RCC_OscConfig                      0x08001170   Section        0  stm32f1xx_hal_rcc.o(i.HAL_RCC_OscConfig)
    i.HAL_TIMEx_BreakCallback                0x08001490   Section        0  stm32f1xx_hal_tim_ex.o(i.HAL_TIMEx_BreakCallback)
    i.HAL_TIMEx_CommutCallback               0x08001492   Section        0  stm32f1xx_hal_tim_ex.o(i.HAL_TIMEx_CommutCallback)
    i.HAL_TIM_Base_Init                      0x08001494   Section        0  stm32f1xx_hal_tim.o(i.HAL_TIM_Base_Init)
    i.HAL_TIM_Base_MspInit                   0x080014ee   Section        0  stm32f1xx_hal_tim.o(i.HAL_TIM_Base_MspInit)
    i.HAL_TIM_Base_Start_IT                  0x080014f0   Section        0  stm32f1xx_hal_tim.o(i.HAL_TIM_Base_Start_IT)
    i.HAL_TIM_IC_CaptureCallback             0x0800155c   Section        0  stm32f1xx_hal_tim.o(i.HAL_TIM_IC_CaptureCallback)
    i.HAL_TIM_IRQHandler                     0x0800155e   Section        0  stm32f1xx_hal_tim.o(i.HAL_TIM_IRQHandler)
    i.HAL_TIM_OC_DelayElapsedCallback        0x080016c4   Section        0  stm32f1xx_hal_tim.o(i.HAL_TIM_OC_DelayElapsedCallback)
    i.HAL_TIM_PWM_PulseFinishedCallback      0x080016c6   Section        0  stm32f1xx_hal_tim.o(i.HAL_TIM_PWM_PulseFinishedCallback)
    i.HAL_TIM_PeriodElapsedCallback          0x080016c8   Section        0  main.o(i.HAL_TIM_PeriodElapsedCallback)
    i.HAL_TIM_TriggerCallback                0x080016dc   Section        0  stm32f1xx_hal_tim.o(i.HAL_TIM_TriggerCallback)
    i.HAL_UART_Init                          0x080016de   Section        0  stm32f1xx_hal_uart.o(i.HAL_UART_Init)
    i.HAL_UART_MspInit                       0x08001744   Section        0  usart.o(i.HAL_UART_MspInit)
    i.HAL_UART_Transmit                      0x080017b4   Section        0  stm32f1xx_hal_uart.o(i.HAL_UART_Transmit)
    i.HardFault_Handler                      0x0800184e   Section        0  stm32f1xx_it.o(i.HardFault_Handler)
    i.I2C_BH1750_Data_Read                   0x08001850   Section        0  bsp_bh1750.o(i.I2C_BH1750_Data_Read)
    i.I2C_BH1750_Opecode_Write               0x08001868   Section        0  bsp_bh1750.o(i.I2C_BH1750_Opecode_Write)
    i.I2C_IsAcknowledgeFailed                0x08001880   Section        0  stm32f1xx_hal_i2c.o(i.I2C_IsAcknowledgeFailed)
    I2C_IsAcknowledgeFailed                  0x08001881   Thumb Code    46  stm32f1xx_hal_i2c.o(i.I2C_IsAcknowledgeFailed)
    i.I2C_MasterRequestRead                  0x080018b0   Section        0  stm32f1xx_hal_i2c.o(i.I2C_MasterRequestRead)
    I2C_MasterRequestRead                    0x080018b1   Thumb Code   230  stm32f1xx_hal_i2c.o(i.I2C_MasterRequestRead)
    i.I2C_MasterRequestWrite                 0x0800199c   Section        0  stm32f1xx_hal_i2c.o(i.I2C_MasterRequestWrite)
    I2C_MasterRequestWrite                   0x0800199d   Thumb Code   150  stm32f1xx_hal_i2c.o(i.I2C_MasterRequestWrite)
    i.I2C_WaitOnBTFFlagUntilTimeout          0x08001a38   Section        0  stm32f1xx_hal_i2c.o(i.I2C_WaitOnBTFFlagUntilTimeout)
    I2C_WaitOnBTFFlagUntilTimeout            0x08001a39   Thumb Code    86  stm32f1xx_hal_i2c.o(i.I2C_WaitOnBTFFlagUntilTimeout)
    i.I2C_WaitOnFlagUntilTimeout             0x08001a90   Section        0  stm32f1xx_hal_i2c.o(i.I2C_WaitOnFlagUntilTimeout)
    I2C_WaitOnFlagUntilTimeout               0x08001a91   Thumb Code   144  stm32f1xx_hal_i2c.o(i.I2C_WaitOnFlagUntilTimeout)
    i.I2C_WaitOnMasterAddressFlagUntilTimeout 0x08001b20   Section        0  stm32f1xx_hal_i2c.o(i.I2C_WaitOnMasterAddressFlagUntilTimeout)
    I2C_WaitOnMasterAddressFlagUntilTimeout  0x08001b21   Thumb Code   188  stm32f1xx_hal_i2c.o(i.I2C_WaitOnMasterAddressFlagUntilTimeout)
    i.I2C_WaitOnRXNEFlagUntilTimeout         0x08001bdc   Section        0  stm32f1xx_hal_i2c.o(i.I2C_WaitOnRXNEFlagUntilTimeout)
    I2C_WaitOnRXNEFlagUntilTimeout           0x08001bdd   Thumb Code   112  stm32f1xx_hal_i2c.o(i.I2C_WaitOnRXNEFlagUntilTimeout)
    i.I2C_WaitOnTXEFlagUntilTimeout          0x08001c4c   Section        0  stm32f1xx_hal_i2c.o(i.I2C_WaitOnTXEFlagUntilTimeout)
    I2C_WaitOnTXEFlagUntilTimeout            0x08001c4d   Thumb Code    86  stm32f1xx_hal_i2c.o(i.I2C_WaitOnTXEFlagUntilTimeout)
    i.INFOTask                               0x08001ca4   Section        0  freertos.o(i.INFOTask)
    i.Init_BH1750                            0x08001cf0   Section        0  bsp_bh1750.o(i.Init_BH1750)
    i.LEDTask                                0x08001d34   Section        0  freertos.o(i.LEDTask)
    i.MX_FREERTOS_Init                       0x08001db0   Section        0  freertos.o(i.MX_FREERTOS_Init)
    i.MX_GPIO_Init                           0x08001e5c   Section        0  gpio.o(i.MX_GPIO_Init)
    i.MX_I2C1_Init                           0x08001edc   Section        0  i2c.o(i.MX_I2C1_Init)
    i.MX_USART1_UART_Init                    0x08001f1c   Section        0  usart.o(i.MX_USART1_UART_Init)
    i.MemManage_Handler                      0x08001f54   Section        0  stm32f1xx_it.o(i.MemManage_Handler)
    i.NMI_Handler                            0x08001f56   Section        0  stm32f1xx_it.o(i.NMI_Handler)
    i.SysTick_Handler                        0x08001f58   Section        0  port.o(i.SysTick_Handler)
    i.SystemClock_Config                     0x08001f84   Section        0  main.o(i.SystemClock_Config)
    i.SystemInit                             0x08001fe2   Section        0  system_stm32f1xx.o(i.SystemInit)
    i.TIM1_UP_IRQHandler                     0x08001fe4   Section        0  stm32f1xx_it.o(i.TIM1_UP_IRQHandler)
    i.TIM_Base_SetConfig                     0x08001ff0   Section        0  stm32f1xx_hal_tim.o(i.TIM_Base_SetConfig)
    i.Timer01_Callback                       0x0800207c   Section        0  freertos.o(i.Timer01_Callback)
    i.UART_SetConfig                         0x08002080   Section        0  stm32f1xx_hal_uart.o(i.UART_SetConfig)
    UART_SetConfig                           0x08002081   Thumb Code   178  stm32f1xx_hal_uart.o(i.UART_SetConfig)
    i.UART_WaitOnFlagUntilTimeout            0x08002138   Section        0  stm32f1xx_hal_uart.o(i.UART_WaitOnFlagUntilTimeout)
    UART_WaitOnFlagUntilTimeout              0x08002139   Thumb Code   120  stm32f1xx_hal_uart.o(i.UART_WaitOnFlagUntilTimeout)
    i.UsageFault_Handler                     0x080021b0   Section        0  stm32f1xx_it.o(i.UsageFault_Handler)
    i.__0printf$8                            0x080021b4   Section        0  printf8.o(i.__0printf$8)
    i.__NVIC_SetPriority                     0x080021d4   Section        0  stm32f1xx_hal_cortex.o(i.__NVIC_SetPriority)
    __NVIC_SetPriority                       0x080021d5   Thumb Code    32  stm32f1xx_hal_cortex.o(i.__NVIC_SetPriority)
    i.__scatterload_copy                     0x080021f4   Section       14  handlers.o(i.__scatterload_copy)
    i.__scatterload_null                     0x08002202   Section        2  handlers.o(i.__scatterload_null)
    i.__scatterload_zeroinit                 0x08002204   Section       14  handlers.o(i.__scatterload_zeroinit)
    i._printf_core                           0x08002214   Section        0  printf8.o(i._printf_core)
    _printf_core                             0x08002215   Thumb Code   996  printf8.o(i._printf_core)
    i._printf_post_padding                   0x08002624   Section        0  printf8.o(i._printf_post_padding)
    _printf_post_padding                     0x08002625   Thumb Code    36  printf8.o(i._printf_post_padding)
    i._printf_pre_padding                    0x08002648   Section        0  printf8.o(i._printf_pre_padding)
    _printf_pre_padding                      0x08002649   Thumb Code    46  printf8.o(i._printf_pre_padding)
    i.fputc                                  0x08002678   Section        0  usart.o(i.fputc)
    i.main                                   0x08002690   Section        0  main.o(i.main)
    i.makeFreeRtosPriority                   0x080026ae   Section        0  cmsis_os.o(i.makeFreeRtosPriority)
    makeFreeRtosPriority                     0x080026af   Thumb Code    12  cmsis_os.o(i.makeFreeRtosPriority)
    i.osDelay                                0x080026ba   Section        0  cmsis_os.o(i.osDelay)
    i.osKernelStart                          0x080026c8   Section        0  cmsis_os.o(i.osKernelStart)
    i.osMessageCreate                        0x080026d2   Section        0  cmsis_os.o(i.osMessageCreate)
    i.osSemaphoreCreate                      0x080026f8   Section        0  cmsis_os.o(i.osSemaphoreCreate)
    i.osThreadCreate                         0x08002736   Section        0  cmsis_os.o(i.osThreadCreate)
    i.osTimerCreate                          0x0800278c   Section        0  cmsis_os.o(i.osTimerCreate)
    i.prvAddCurrentTaskToDelayedList         0x080027cc   Section        0  tasks.o(i.prvAddCurrentTaskToDelayedList)
    prvAddCurrentTaskToDelayedList           0x080027cd   Thumb Code   110  tasks.o(i.prvAddCurrentTaskToDelayedList)
    i.prvAddNewTaskToReadyList               0x08002844   Section        0  tasks.o(i.prvAddNewTaskToReadyList)
    prvAddNewTaskToReadyList                 0x08002845   Thumb Code   194  tasks.o(i.prvAddNewTaskToReadyList)
    i.prvCheckForValidListAndQueue           0x08002914   Section        0  timers.o(i.prvCheckForValidListAndQueue)
    prvCheckForValidListAndQueue             0x08002915   Thumb Code    72  timers.o(i.prvCheckForValidListAndQueue)
    i.prvCopyDataFromQueue                   0x0800296c   Section        0  queue.o(i.prvCopyDataFromQueue)
    prvCopyDataFromQueue                     0x0800296d   Thumb Code    38  queue.o(i.prvCopyDataFromQueue)
    i.prvCopyDataToQueue                     0x08002992   Section        0  queue.o(i.prvCopyDataToQueue)
    prvCopyDataToQueue                       0x08002993   Thumb Code   108  queue.o(i.prvCopyDataToQueue)
    i.prvDeleteTCB                           0x080029fe   Section        0  tasks.o(i.prvDeleteTCB)
    prvDeleteTCB                             0x080029ff   Thumb Code    52  tasks.o(i.prvDeleteTCB)
    i.prvHeapInit                            0x08002a34   Section        0  heap_4.o(i.prvHeapInit)
    prvHeapInit                              0x08002a35   Thumb Code    66  heap_4.o(i.prvHeapInit)
    i.prvIdleTask                            0x08002a80   Section        0  tasks.o(i.prvIdleTask)
    prvIdleTask                              0x08002a81   Thumb Code    82  tasks.o(i.prvIdleTask)
    i.prvInitialiseNewQueue                  0x08002ae0   Section        0  queue.o(i.prvInitialiseNewQueue)
    prvInitialiseNewQueue                    0x08002ae1   Thumb Code    22  queue.o(i.prvInitialiseNewQueue)
    i.prvInitialiseNewTask                   0x08002af6   Section        0  tasks.o(i.prvInitialiseNewTask)
    prvInitialiseNewTask                     0x08002af7   Thumb Code   160  tasks.o(i.prvInitialiseNewTask)
    i.prvInitialiseNewTimer                  0x08002b96   Section        0  timers.o(i.prvInitialiseNewTimer)
    prvInitialiseNewTimer                    0x08002b97   Thumb Code    68  timers.o(i.prvInitialiseNewTimer)
    i.prvInsertBlockIntoFreeList             0x08002bdc   Section        0  heap_4.o(i.prvInsertBlockIntoFreeList)
    prvInsertBlockIntoFreeList               0x08002bdd   Thumb Code    72  heap_4.o(i.prvInsertBlockIntoFreeList)
    i.prvInsertTimerInActiveList             0x08002c28   Section        0  timers.o(i.prvInsertTimerInActiveList)
    prvInsertTimerInActiveList               0x08002c29   Thumb Code    52  timers.o(i.prvInsertTimerInActiveList)
    i.prvIsQueueEmpty                        0x08002c60   Section        0  queue.o(i.prvIsQueueEmpty)
    prvIsQueueEmpty                          0x08002c61   Thumb Code    28  queue.o(i.prvIsQueueEmpty)
    i.prvProcessReceivedCommands             0x08002c7c   Section        0  timers.o(i.prvProcessReceivedCommands)
    prvProcessReceivedCommands               0x08002c7d   Thumb Code   184  timers.o(i.prvProcessReceivedCommands)
    i.prvProcessTimerOrBlockTask             0x08002d38   Section        0  timers.o(i.prvProcessTimerOrBlockTask)
    prvProcessTimerOrBlockTask               0x08002d39   Thumb Code   172  timers.o(i.prvProcessTimerOrBlockTask)
    i.prvResetNextTaskUnblockTime            0x08002dec   Section        0  tasks.o(i.prvResetNextTaskUnblockTime)
    prvResetNextTaskUnblockTime              0x08002ded   Thumb Code    26  tasks.o(i.prvResetNextTaskUnblockTime)
    i.prvSampleTimeNow                       0x08002e0c   Section        0  timers.o(i.prvSampleTimeNow)
    prvSampleTimeNow                         0x08002e0d   Thumb Code    36  timers.o(i.prvSampleTimeNow)
    i.prvSwitchTimerLists                    0x08002e34   Section        0  timers.o(i.prvSwitchTimerLists)
    prvSwitchTimerLists                      0x08002e35   Thumb Code   102  timers.o(i.prvSwitchTimerLists)
    i.prvTaskExitError                       0x08002ea0   Section        0  port.o(i.prvTaskExitError)
    prvTaskExitError                         0x08002ea1   Thumb Code    36  port.o(i.prvTaskExitError)
    i.prvTimerTask                           0x08002ec8   Section        0  timers.o(i.prvTimerTask)
    prvTimerTask                             0x08002ec9   Thumb Code    32  timers.o(i.prvTimerTask)
    i.prvUnlockQueue                         0x08002eec   Section        0  queue.o(i.prvUnlockQueue)
    prvUnlockQueue                           0x08002eed   Thumb Code   106  queue.o(i.prvUnlockQueue)
    i.pvPortMalloc                           0x08002f58   Section        0  heap_4.o(i.pvPortMalloc)
    i.pvTaskIncrementMutexHeldCount          0x08003030   Section        0  tasks.o(i.pvTaskIncrementMutexHeldCount)
    i.pxPortInitialiseStack                  0x08003048   Section        0  port.o(i.pxPortInitialiseStack)
    i.uxListRemove                           0x0800306c   Section        0  list.o(i.uxListRemove)
    i.vApplicationGetIdleTaskMemory          0x08003094   Section        0  freertos.o(i.vApplicationGetIdleTaskMemory)
    i.vApplicationGetTimerTaskMemory         0x080030a8   Section        0  freertos.o(i.vApplicationGetTimerTaskMemory)
    i.vListInitialise                        0x080030c0   Section        0  list.o(i.vListInitialise)
    i.vListInitialiseItem                    0x080030d6   Section        0  list.o(i.vListInitialiseItem)
    i.vListInsert                            0x080030dc   Section        0  list.o(i.vListInsert)
    i.vListInsertEnd                         0x0800310c   Section        0  list.o(i.vListInsertEnd)
    i.vPortEnterCritical                     0x08003124   Section        0  port.o(i.vPortEnterCritical)
    i.vPortExitCritical                      0x08003164   Section        0  port.o(i.vPortExitCritical)
    i.vPortFree                              0x0800318c   Section        0  heap_4.o(i.vPortFree)
    i.vPortSetupTimerInterrupt               0x080031e8   Section        0  port.o(i.vPortSetupTimerInterrupt)
    i.vPortValidateInterruptPriority         0x0800320c   Section        0  port.o(i.vPortValidateInterruptPriority)
    i.vQueueAddToRegistry                    0x08003260   Section        0  queue.o(i.vQueueAddToRegistry)
    i.vQueueWaitForMessageRestricted         0x08003288   Section        0  queue.o(i.vQueueWaitForMessageRestricted)
    i.vTaskDelay                             0x080032cc   Section        0  tasks.o(i.vTaskDelay)
    i.vTaskInternalSetTimeOutState           0x08003318   Section        0  tasks.o(i.vTaskInternalSetTimeOutState)
    i.vTaskMissedYield                       0x08003328   Section        0  tasks.o(i.vTaskMissedYield)
    i.vTaskPlaceOnEventList                  0x08003334   Section        0  tasks.o(i.vTaskPlaceOnEventList)
    i.vTaskPlaceOnEventListRestricted        0x08003364   Section        0  tasks.o(i.vTaskPlaceOnEventListRestricted)
    i.vTaskPriorityDisinheritAfterTimeout    0x0800339c   Section        0  tasks.o(i.vTaskPriorityDisinheritAfterTimeout)
    i.vTaskStartScheduler                    0x08003444   Section        0  tasks.o(i.vTaskStartScheduler)
    i.vTaskSuspendAll                        0x080034cc   Section        0  tasks.o(i.vTaskSuspendAll)
    i.vTaskSwitchContext                     0x080034dc   Section        0  tasks.o(i.vTaskSwitchContext)
    i.xPortStartScheduler                    0x08003538   Section        0  port.o(i.xPortStartScheduler)
    i.xQueueGenericCreate                    0x080035e0   Section        0  queue.o(i.xQueueGenericCreate)
    i.xQueueGenericCreateStatic              0x08003628   Section        0  queue.o(i.xQueueGenericCreateStatic)
    i.xQueueGenericReset                     0x08003690   Section        0  queue.o(i.xQueueGenericReset)
    i.xQueueGenericSend                      0x08003718   Section        0  queue.o(i.xQueueGenericSend)
    i.xQueueGenericSendFromISR               0x08003878   Section        0  queue.o(i.xQueueGenericSendFromISR)
    i.xQueueReceive                          0x08003934   Section        0  queue.o(i.xQueueReceive)
    i.xQueueSemaphoreTake                    0x08003a6c   Section        0  queue.o(i.xQueueSemaphoreTake)
    i.xTaskCheckForTimeOut                   0x08003be4   Section        0  tasks.o(i.xTaskCheckForTimeOut)
    i.xTaskCreate                            0x08003c6c   Section        0  tasks.o(i.xTaskCreate)
    i.xTaskCreateStatic                      0x08003cc6   Section        0  tasks.o(i.xTaskCreateStatic)
    i.xTaskGetSchedulerState                 0x08003d1c   Section        0  tasks.o(i.xTaskGetSchedulerState)
    i.xTaskGetTickCount                      0x08003d38   Section        0  tasks.o(i.xTaskGetTickCount)
    i.xTaskIncrementTick                     0x08003d44   Section        0  tasks.o(i.xTaskIncrementTick)
    i.xTaskPriorityDisinherit                0x08003e0c   Section        0  tasks.o(i.xTaskPriorityDisinherit)
    i.xTaskPriorityInherit                   0x08003ea4   Section        0  tasks.o(i.xTaskPriorityInherit)
    i.xTaskRemoveFromEventList               0x08003f38   Section        0  tasks.o(i.xTaskRemoveFromEventList)
    i.xTaskResumeAll                         0x08003fac   Section        0  tasks.o(i.xTaskResumeAll)
    i.xTimerCreate                           0x08004070   Section        0  timers.o(i.xTimerCreate)
    i.xTimerCreateStatic                     0x080040a4   Section        0  timers.o(i.xTimerCreateStatic)
    i.xTimerCreateTimerTask                  0x080040d4   Section        0  timers.o(i.xTimerCreateTimerTask)
    i.xTimerGenericCommand                   0x08004134   Section        0  timers.o(i.xTimerGenericCommand)
    .constdata                               0x08004194   Section      124  freertos.o(.constdata)
    .constdata                               0x08004210   Section       18  stm32f1xx_hal_rcc.o(.constdata)
    aPredivFactorTable                       0x08004210   Data           2  stm32f1xx_hal_rcc.o(.constdata)
    aPLLMULFactorTable                       0x08004212   Data          16  stm32f1xx_hal_rcc.o(.constdata)
    .constdata                               0x08004222   Section       16  system_stm32f1xx.o(.constdata)
    .constdata                               0x08004232   Section        8  system_stm32f1xx.o(.constdata)
    .conststring                             0x0800423c   Section       34  freertos.o(.conststring)
    .data                                    0x20000000   Section       40  freertos.o(.data)
    .data                                    0x20000028   Section       12  stm32f1xx_hal.o(.data)
    .data                                    0x20000034   Section        4  system_stm32f1xx.o(.data)
    .data                                    0x20000038   Section       60  tasks.o(.data)
    pxDelayedTaskList                        0x2000003c   Data           4  tasks.o(.data)
    pxOverflowDelayedTaskList                0x20000040   Data           4  tasks.o(.data)
    uxDeletedTasksWaitingCleanUp             0x20000044   Data           4  tasks.o(.data)
    uxCurrentNumberOfTasks                   0x20000048   Data           4  tasks.o(.data)
    xTickCount                               0x2000004c   Data           4  tasks.o(.data)
    uxTopReadyPriority                       0x20000050   Data           4  tasks.o(.data)
    xSchedulerRunning                        0x20000054   Data           4  tasks.o(.data)
    uxPendedTicks                            0x20000058   Data           4  tasks.o(.data)
    xYieldPending                            0x2000005c   Data           4  tasks.o(.data)
    xNumOfOverflows                          0x20000060   Data           4  tasks.o(.data)
    uxTaskNumber                             0x20000064   Data           4  tasks.o(.data)
    xNextTaskUnblockTime                     0x20000068   Data           4  tasks.o(.data)
    xIdleTaskHandle                          0x2000006c   Data           4  tasks.o(.data)
    uxSchedulerSuspended                     0x20000070   Data           4  tasks.o(.data)
    .data                                    0x20000074   Section       20  timers.o(.data)
    pxCurrentTimerList                       0x20000074   Data           4  timers.o(.data)
    pxOverflowTimerList                      0x20000078   Data           4  timers.o(.data)
    xTimerQueue                              0x2000007c   Data           4  timers.o(.data)
    xTimerTaskHandle                         0x20000080   Data           4  timers.o(.data)
    xLastTime                                0x20000084   Data           4  timers.o(.data)
    .data                                    0x20000088   Section       24  heap_4.o(.data)
    pxEnd                                    0x20000088   Data           4  heap_4.o(.data)
    xFreeBytesRemaining                      0x2000008c   Data           4  heap_4.o(.data)
    xMinimumEverFreeBytesRemaining           0x20000090   Data           4  heap_4.o(.data)
    xBlockAllocatedBit                       0x20000094   Data           4  heap_4.o(.data)
    xStart                                   0x20000098   Data           8  heap_4.o(.data)
    .data                                    0x200000a0   Section       12  port.o(.data)
    ucMaxSysCallPriority                     0x200000a0   Data           1  port.o(.data)
    uxCriticalNesting                        0x200000a4   Data           4  port.o(.data)
    ulMaxPRIGROUPValue                       0x200000a8   Data           4  port.o(.data)
    .data                                    0x200000ac   Section        4  stdout.o(.data)
    .bss                                     0x200000b0   Section     1704  freertos.o(.bss)
    xIdleTaskTCBBuffer                       0x200000b0   Data          84  freertos.o(.bss)
    xIdleStack                               0x20000104   Data         512  freertos.o(.bss)
    xTimerTaskTCBBuffer                      0x20000304   Data          84  freertos.o(.bss)
    xTimerStack                              0x20000358   Data        1024  freertos.o(.bss)
    .bss                                     0x20000758   Section       84  i2c.o(.bss)
    .bss                                     0x200007ac   Section       72  usart.o(.bss)
    .bss                                     0x200007f4   Section       72  stm32f1xx_hal_timebase_tim.o(.bss)
    .bss                                     0x2000083c   Section       64  queue.o(.bss)
    .bss                                     0x2000087c   Section      240  tasks.o(.bss)
    pxReadyTasksLists                        0x2000087c   Data         140  tasks.o(.bss)
    xDelayedTaskList1                        0x20000908   Data          20  tasks.o(.bss)
    xDelayedTaskList2                        0x2000091c   Data          20  tasks.o(.bss)
    xPendingReadyList                        0x20000930   Data          20  tasks.o(.bss)
    xTasksWaitingTermination                 0x20000944   Data          20  tasks.o(.bss)
    xSuspendedTaskList                       0x20000958   Data          20  tasks.o(.bss)
    .bss                                     0x2000096c   Section      232  timers.o(.bss)
    xActiveTimerList1                        0x2000096c   Data          20  timers.o(.bss)
    xActiveTimerList2                        0x20000980   Data          20  timers.o(.bss)
    xStaticTimerQueue                        0x20000994   Data          72  timers.o(.bss)
    ucStaticTimerQueueStorage                0x200009dc   Data         120  timers.o(.bss)
    .bss                                     0x20000a54   Section     3072  heap_4.o(.bss)
    ucHeap                                   0x20000a54   Data        3072  heap_4.o(.bss)
    STACK                                    0x20001658   Section     1024  startup_stm32f103xe.o(STACK)

    Global Symbols

    Symbol Name                              Value     Ov Type        Size  Object(Section)

    BuildAttributes$$THM_ISAv4$P$D$K$B$S$PE$A:L22UL41UL21$X:L11$S22US41US21$IEEE1$IW$USESV6$~STKCKD$USESV7$~SHL$OTIME$ROPI$EBA8$MICROLIB$REQ8$PRES8$EABIv2 0x00000000   Number         0  anon$$obj.o ABSOLUTE
    __ARM_use_no_argv                        0x00000000   Number         0  main.o ABSOLUTE
    _printf_a                                0x00000000   Number         0  stubs.o ABSOLUTE
    _printf_c                                0x00000000   Number         0  stubs.o ABSOLUTE
    _printf_charcount                        0x00000000   Number         0  stubs.o ABSOLUTE
    _printf_d                                0x00000000   Number         0  stubs.o ABSOLUTE
    _printf_e                                0x00000000   Number         0  stubs.o ABSOLUTE
    _printf_f                                0x00000000   Number         0  stubs.o ABSOLUTE
    _printf_flags                            0x00000000   Number         0  stubs.o ABSOLUTE
    _printf_fp_dec                           0x00000000   Number         0  stubs.o ABSOLUTE
    _printf_fp_hex                           0x00000000   Number         0  stubs.o ABSOLUTE
    _printf_g                                0x00000000   Number         0  stubs.o ABSOLUTE
    _printf_i                                0x00000000   Number         0  stubs.o ABSOLUTE
    _printf_int_dec                          0x00000000   Number         0  stubs.o ABSOLUTE
    _printf_l                                0x00000000   Number         0  stubs.o ABSOLUTE
    _printf_lc                               0x00000000   Number         0  stubs.o ABSOLUTE
    _printf_ll                               0x00000000   Number         0  stubs.o ABSOLUTE
    _printf_lld                              0x00000000   Number         0  stubs.o ABSOLUTE
    _printf_lli                              0x00000000   Number         0  stubs.o ABSOLUTE
    _printf_llo                              0x00000000   Number         0  stubs.o ABSOLUTE
    _printf_llu                              0x00000000   Number         0  stubs.o ABSOLUTE
    _printf_llx                              0x00000000   Number         0  stubs.o ABSOLUTE
    _printf_longlong_dec                     0x00000000   Number         0  stubs.o ABSOLUTE
    _printf_longlong_hex                     0x00000000   Number         0  stubs.o ABSOLUTE
    _printf_longlong_oct                     0x00000000   Number         0  stubs.o ABSOLUTE
    _printf_ls                               0x00000000   Number         0  stubs.o ABSOLUTE
    _printf_mbtowc                           0x00000000   Number         0  stubs.o ABSOLUTE
    _printf_n                                0x00000000   Number         0  stubs.o ABSOLUTE
    _printf_o                                0x00000000   Number         0  stubs.o ABSOLUTE
    _printf_p                                0x00000000   Number         0  stubs.o ABSOLUTE
    _printf_percent                          0x00000000   Number         0  stubs.o ABSOLUTE
    _printf_pre_padding                      0x00000000   Number         0  stubs.o ABSOLUTE
    _printf_return_value                     0x00000000   Number         0  stubs.o ABSOLUTE
    _printf_s                                0x00000000   Number         0  stubs.o ABSOLUTE
    _printf_sizespec                         0x00000000   Number         0  stubs.o ABSOLUTE
    _printf_str                              0x00000000   Number         0  stubs.o ABSOLUTE
    _printf_truncate_signed                  0x00000000   Number         0  stubs.o ABSOLUTE
    _printf_truncate_unsigned                0x00000000   Number         0  stubs.o ABSOLUTE
    _printf_u                                0x00000000   Number         0  stubs.o ABSOLUTE
    _printf_wc                               0x00000000   Number         0  stubs.o ABSOLUTE
    _printf_wctomb                           0x00000000   Number         0  stubs.o ABSOLUTE
    _printf_widthprec                        0x00000000   Number         0  stubs.o ABSOLUTE
    _printf_x                                0x00000000   Number         0  stubs.o ABSOLUTE
    __cpp_initialize__aeabi_                  - Undefined Weak Reference
    __cxa_finalize                            - Undefined Weak Reference
    __decompress                              - Undefined Weak Reference
    _clock_init                               - Undefined Weak Reference
    _microlib_exit                            - Undefined Weak Reference
    __Vectors_Size                           0x00000130   Number         0  startup_stm32f103xe.o ABSOLUTE
    __Vectors                                0x08000000   Data           4  startup_stm32f103xe.o(RESET)
    __Vectors_End                            0x08000130   Data           0  startup_stm32f103xe.o(RESET)
    __main                                   0x08000131   Thumb Code     0  entry.o(.ARM.Collect$$$$00000000)
    _main_stk                                0x08000131   Thumb Code     0  entry2.o(.ARM.Collect$$$$00000001)
    _main_scatterload                        0x08000135   Thumb Code     0  entry5.o(.ARM.Collect$$$$00000004)
    __main_after_scatterload                 0x08000139   Thumb Code     0  entry5.o(.ARM.Collect$$$$00000004)
    _main_clock                              0x08000139   Thumb Code     0  entry7b.o(.ARM.Collect$$$$00000008)
    _main_cpp_init                           0x08000139   Thumb Code     0  entry8b.o(.ARM.Collect$$$$0000000A)
    _main_init                               0x08000139   Thumb Code     0  entry9a.o(.ARM.Collect$$$$0000000B)
    __rt_final_cpp                           0x08000141   Thumb Code     0  entry10a.o(.ARM.Collect$$$$0000000D)
    __rt_final_exit                          0x08000141   Thumb Code     0  entry11a.o(.ARM.Collect$$$$0000000F)
    SVC_Handler                              0x08000145   Thumb Code    32  port.o(.emb_text)
    __asm___6_port_c_39a90d8d__prvStartFirstTask 0x08000169   Thumb Code    28  port.o(.emb_text)
    PendSV_Handler                           0x08000189   Thumb Code    72  port.o(.emb_text)
    vPortGetIPSR                             0x080001d5   Thumb Code     6  port.o(.emb_text)
    Reset_Handler                            0x080001dd   Thumb Code     8  startup_stm32f103xe.o(.text)
    ADC1_2_IRQHandler                        0x080001f7   Thumb Code     0  startup_stm32f103xe.o(.text)
    ADC3_IRQHandler                          0x080001f7   Thumb Code     0  startup_stm32f103xe.o(.text)
    CAN1_RX1_IRQHandler                      0x080001f7   Thumb Code     0  startup_stm32f103xe.o(.text)
    CAN1_SCE_IRQHandler                      0x080001f7   Thumb Code     0  startup_stm32f103xe.o(.text)
    DMA1_Channel1_IRQHandler                 0x080001f7   Thumb Code     0  startup_stm32f103xe.o(.text)
    DMA1_Channel2_IRQHandler                 0x080001f7   Thumb Code     0  startup_stm32f103xe.o(.text)
    DMA1_Channel3_IRQHandler                 0x080001f7   Thumb Code     0  startup_stm32f103xe.o(.text)
    DMA1_Channel4_IRQHandler                 0x080001f7   Thumb Code     0  startup_stm32f103xe.o(.text)
    DMA1_Channel5_IRQHandler                 0x080001f7   Thumb Code     0  startup_stm32f103xe.o(.text)
    DMA1_Channel6_IRQHandler                 0x080001f7   Thumb Code     0  startup_stm32f103xe.o(.text)
    DMA1_Channel7_IRQHandler                 0x080001f7   Thumb Code     0  startup_stm32f103xe.o(.text)
    DMA2_Channel1_IRQHandler                 0x080001f7   Thumb Code     0  startup_stm32f103xe.o(.text)
    DMA2_Channel2_IRQHandler                 0x080001f7   Thumb Code     0  startup_stm32f103xe.o(.text)
    DMA2_Channel3_IRQHandler                 0x080001f7   Thumb Code     0  startup_stm32f103xe.o(.text)
    DMA2_Channel4_5_IRQHandler               0x080001f7   Thumb Code     0  startup_stm32f103xe.o(.text)
    EXTI0_IRQHandler                         0x080001f7   Thumb Code     0  startup_stm32f103xe.o(.text)
    EXTI15_10_IRQHandler                     0x080001f7   Thumb Code     0  startup_stm32f103xe.o(.text)
    EXTI1_IRQHandler                         0x080001f7   Thumb Code     0  startup_stm32f103xe.o(.text)
    EXTI2_IRQHandler                         0x080001f7   Thumb Code     0  startup_stm32f103xe.o(.text)
    EXTI3_IRQHandler                         0x080001f7   Thumb Code     0  startup_stm32f103xe.o(.text)
    EXTI4_IRQHandler                         0x080001f7   Thumb Code     0  startup_stm32f103xe.o(.text)
    EXTI9_5_IRQHandler                       0x080001f7   Thumb Code     0  startup_stm32f103xe.o(.text)
    FLASH_IRQHandler                         0x080001f7   Thumb Code     0  startup_stm32f103xe.o(.text)
    FSMC_IRQHandler                          0x080001f7   Thumb Code     0  startup_stm32f103xe.o(.text)
    I2C1_ER_IRQHandler                       0x080001f7   Thumb Code     0  startup_stm32f103xe.o(.text)
    I2C1_EV_IRQHandler                       0x080001f7   Thumb Code     0  startup_stm32f103xe.o(.text)
    I2C2_ER_IRQHandler                       0x080001f7   Thumb Code     0  startup_stm32f103xe.o(.text)
    I2C2_EV_IRQHandler                       0x080001f7   Thumb Code     0  startup_stm32f103xe.o(.text)
    PVD_IRQHandler                           0x080001f7   Thumb Code     0  startup_stm32f103xe.o(.text)
    RCC_IRQHandler                           0x080001f7   Thumb Code     0  startup_stm32f103xe.o(.text)
    RTC_Alarm_IRQHandler                     0x080001f7   Thumb Code     0  startup_stm32f103xe.o(.text)
    RTC_IRQHandler                           0x080001f7   Thumb Code     0  startup_stm32f103xe.o(.text)
    SDIO_IRQHandler                          0x080001f7   Thumb Code     0  startup_stm32f103xe.o(.text)
    SPI1_IRQHandler                          0x080001f7   Thumb Code     0  startup_stm32f103xe.o(.text)
    SPI2_IRQHandler                          0x080001f7   Thumb Code     0  startup_stm32f103xe.o(.text)
    SPI3_IRQHandler                          0x080001f7   Thumb Code     0  startup_stm32f103xe.o(.text)
    TAMPER_IRQHandler                        0x080001f7   Thumb Code     0  startup_stm32f103xe.o(.text)
    TIM1_BRK_IRQHandler                      0x080001f7   Thumb Code     0  startup_stm32f103xe.o(.text)
    TIM1_CC_IRQHandler                       0x080001f7   Thumb Code     0  startup_stm32f103xe.o(.text)
    TIM1_TRG_COM_IRQHandler                  0x080001f7   Thumb Code     0  startup_stm32f103xe.o(.text)
    TIM2_IRQHandler                          0x080001f7   Thumb Code     0  startup_stm32f103xe.o(.text)
    TIM3_IRQHandler                          0x080001f7   Thumb Code     0  startup_stm32f103xe.o(.text)
    TIM4_IRQHandler                          0x080001f7   Thumb Code     0  startup_stm32f103xe.o(.text)
    TIM5_IRQHandler                          0x080001f7   Thumb Code     0  startup_stm32f103xe.o(.text)
    TIM6_IRQHandler                          0x080001f7   Thumb Code     0  startup_stm32f103xe.o(.text)
    TIM7_IRQHandler                          0x080001f7   Thumb Code     0  startup_stm32f103xe.o(.text)
    TIM8_BRK_IRQHandler                      0x080001f7   Thumb Code     0  startup_stm32f103xe.o(.text)
    TIM8_CC_IRQHandler                       0x080001f7   Thumb Code     0  startup_stm32f103xe.o(.text)
    TIM8_TRG_COM_IRQHandler                  0x080001f7   Thumb Code     0  startup_stm32f103xe.o(.text)
    TIM8_UP_IRQHandler                       0x080001f7   Thumb Code     0  startup_stm32f103xe.o(.text)
    UART4_IRQHandler                         0x080001f7   Thumb Code     0  startup_stm32f103xe.o(.text)
    UART5_IRQHandler                         0x080001f7   Thumb Code     0  startup_stm32f103xe.o(.text)
    USART1_IRQHandler                        0x080001f7   Thumb Code     0  startup_stm32f103xe.o(.text)
    USART2_IRQHandler                        0x080001f7   Thumb Code     0  startup_stm32f103xe.o(.text)
    USART3_IRQHandler                        0x080001f7   Thumb Code     0  startup_stm32f103xe.o(.text)
    USBWakeUp_IRQHandler                     0x080001f7   Thumb Code     0  startup_stm32f103xe.o(.text)
    USB_HP_CAN1_TX_IRQHandler                0x080001f7   Thumb Code     0  startup_stm32f103xe.o(.text)
    USB_LP_CAN1_RX0_IRQHandler               0x080001f7   Thumb Code     0  startup_stm32f103xe.o(.text)
    WWDG_IRQHandler                          0x080001f7   Thumb Code     0  startup_stm32f103xe.o(.text)
    __aeabi_llsr                             0x08000201   Thumb Code    32  llushr.o(.text)
    _ll_ushift_r                             0x08000201   Thumb Code     0  llushr.o(.text)
    __aeabi_memcpy                           0x08000221   Thumb Code    36  memcpya.o(.text)
    __aeabi_memcpy4                          0x08000221   Thumb Code     0  memcpya.o(.text)
    __aeabi_memcpy8                          0x08000221   Thumb Code     0  memcpya.o(.text)
    __aeabi_memset                           0x08000245   Thumb Code    14  memseta.o(.text)
    __aeabi_memset4                          0x08000245   Thumb Code     0  memseta.o(.text)
    __aeabi_memset8                          0x08000245   Thumb Code     0  memseta.o(.text)
    __aeabi_memclr                           0x08000253   Thumb Code     4  memseta.o(.text)
    __aeabi_memclr4                          0x08000253   Thumb Code     0  memseta.o(.text)
    __aeabi_memclr8                          0x08000253   Thumb Code     0  memseta.o(.text)
    memset                                   0x08000257   Thumb Code    18  memseta.o(.text)
    __aeabi_ddiv                             0x08000269   Thumb Code   222  ddiv.o(.text)
    __aeabi_i2f                              0x08000347   Thumb Code    18  fflti.o(.text)
    __aeabi_f2d                              0x08000359   Thumb Code    38  f2d.o(.text)
    __aeabi_d2f                              0x0800037f   Thumb Code    56  d2f.o(.text)
    __aeabi_uldivmod                         0x080003b7   Thumb Code    98  uldiv.o(.text)
    __I$use$fp                               0x08000419   Thumb Code     0  iusefp.o(.text)
    _float_round                             0x08000419   Thumb Code    18  fepilogue.o(.text)
    _float_epilogue                          0x0800042b   Thumb Code    92  fepilogue.o(.text)
    _double_round                            0x08000487   Thumb Code    30  depilogue.o(.text)
    _double_epilogue                         0x080004a5   Thumb Code   156  depilogue.o(.text)
    __scatterload                            0x08000541   Thumb Code    28  init.o(.text)
    __scatterload_rt2                        0x08000541   Thumb Code     0  init.o(.text)
    __aeabi_llsl                             0x08000565   Thumb Code    30  llshl.o(.text)
    _ll_shift_l                              0x08000565   Thumb Code     0  llshl.o(.text)
    BH1750Task                               0x08000585   Thumb Code   150  freertos.o(i.BH1750Task)
    BusFault_Handler                         0x0800066d   Thumb Code     2  stm32f1xx_it.o(i.BusFault_Handler)
    DebugMon_Handler                         0x0800066f   Thumb Code     2  stm32f1xx_it.o(i.DebugMon_Handler)
    Error_Handler                            0x08000671   Thumb Code     4  main.o(i.Error_Handler)
    HAL_Delay                                0x08000675   Thumb Code    32  stm32f1xx_hal.o(i.HAL_Delay)
    HAL_GPIO_Init                            0x08000699   Thumb Code   462  stm32f1xx_hal_gpio.o(i.HAL_GPIO_Init)
    HAL_GPIO_WritePin                        0x08000891   Thumb Code    10  stm32f1xx_hal_gpio.o(i.HAL_GPIO_WritePin)
    HAL_GetTick                              0x0800089d   Thumb Code     6  stm32f1xx_hal.o(i.HAL_GetTick)
    HAL_I2C_Init                             0x080008a9   Thumb Code   376  stm32f1xx_hal_i2c.o(i.HAL_I2C_Init)
    HAL_I2C_Master_Receive                   0x08000a31   Thumb Code   576  stm32f1xx_hal_i2c.o(i.HAL_I2C_Master_Receive)
    HAL_I2C_Master_Transmit                  0x08000c81   Thumb Code   290  stm32f1xx_hal_i2c.o(i.HAL_I2C_Master_Transmit)
    HAL_I2C_MspInit                          0x08000dad   Thumb Code    80  i2c.o(i.HAL_I2C_MspInit)
    HAL_IncTick                              0x08000e09   Thumb Code    12  stm32f1xx_hal.o(i.HAL_IncTick)
    HAL_Init                                 0x08000e19   Thumb Code    32  stm32f1xx_hal.o(i.HAL_Init)
    HAL_InitTick                             0x08000e3d   Thumb Code    98  stm32f1xx_hal_timebase_tim.o(i.HAL_InitTick)
    HAL_MspInit                              0x08000eb1   Thumb Code    62  stm32f1xx_hal_msp.o(i.HAL_MspInit)
    HAL_NVIC_EnableIRQ                       0x08000ef9   Thumb Code    26  stm32f1xx_hal_cortex.o(i.HAL_NVIC_EnableIRQ)
    HAL_NVIC_SetPriority                     0x08000f15   Thumb Code    60  stm32f1xx_hal_cortex.o(i.HAL_NVIC_SetPriority)
    HAL_NVIC_SetPriorityGrouping             0x08000f55   Thumb Code    26  stm32f1xx_hal_cortex.o(i.HAL_NVIC_SetPriorityGrouping)
    HAL_RCC_ClockConfig                      0x08000f79   Thumb Code   280  stm32f1xx_hal_rcc.o(i.HAL_RCC_ClockConfig)
    HAL_RCC_GetClockConfig                   0x080010a5   Thumb Code    54  stm32f1xx_hal_rcc.o(i.HAL_RCC_GetClockConfig)
    HAL_RCC_GetPCLK1Freq                     0x080010e5   Thumb Code    20  stm32f1xx_hal_rcc.o(i.HAL_RCC_GetPCLK1Freq)
    HAL_RCC_GetPCLK2Freq                     0x08001105   Thumb Code    20  stm32f1xx_hal_rcc.o(i.HAL_RCC_GetPCLK2Freq)
    HAL_RCC_GetSysClockFreq                  0x08001125   Thumb Code    58  stm32f1xx_hal_rcc.o(i.HAL_RCC_GetSysClockFreq)
    HAL_RCC_OscConfig                        0x08001171   Thumb Code   778  stm32f1xx_hal_rcc.o(i.HAL_RCC_OscConfig)
    HAL_TIMEx_BreakCallback                  0x08001491   Thumb Code     2  stm32f1xx_hal_tim_ex.o(i.HAL_TIMEx_BreakCallback)
    HAL_TIMEx_CommutCallback                 0x08001493   Thumb Code     2  stm32f1xx_hal_tim_ex.o(i.HAL_TIMEx_CommutCallback)
    HAL_TIM_Base_Init                        0x08001495   Thumb Code    90  stm32f1xx_hal_tim.o(i.HAL_TIM_Base_Init)
    HAL_TIM_Base_MspInit                     0x080014ef   Thumb Code     2  stm32f1xx_hal_tim.o(i.HAL_TIM_Base_MspInit)
    HAL_TIM_Base_Start_IT                    0x080014f1   Thumb Code    88  stm32f1xx_hal_tim.o(i.HAL_TIM_Base_Start_IT)
    HAL_TIM_IC_CaptureCallback               0x0800155d   Thumb Code     2  stm32f1xx_hal_tim.o(i.HAL_TIM_IC_CaptureCallback)
    HAL_TIM_IRQHandler                       0x0800155f   Thumb Code   358  stm32f1xx_hal_tim.o(i.HAL_TIM_IRQHandler)
    HAL_TIM_OC_DelayElapsedCallback          0x080016c5   Thumb Code     2  stm32f1xx_hal_tim.o(i.HAL_TIM_OC_DelayElapsedCallback)
    HAL_TIM_PWM_PulseFinishedCallback        0x080016c7   Thumb Code     2  stm32f1xx_hal_tim.o(i.HAL_TIM_PWM_PulseFinishedCallback)
    HAL_TIM_PeriodElapsedCallback            0x080016c9   Thumb Code    14  main.o(i.HAL_TIM_PeriodElapsedCallback)
    HAL_TIM_TriggerCallback                  0x080016dd   Thumb Code     2  stm32f1xx_hal_tim.o(i.HAL_TIM_TriggerCallback)
    HAL_UART_Init                            0x080016df   Thumb Code   100  stm32f1xx_hal_uart.o(i.HAL_UART_Init)
    HAL_UART_MspInit                         0x08001745   Thumb Code   100  usart.o(i.HAL_UART_MspInit)
    HAL_UART_Transmit                        0x080017b5   Thumb Code   154  stm32f1xx_hal_uart.o(i.HAL_UART_Transmit)
    HardFault_Handler                        0x0800184f   Thumb Code     2  stm32f1xx_it.o(i.HardFault_Handler)
    I2C_BH1750_Data_Read                     0x08001851   Thumb Code    20  bsp_bh1750.o(i.I2C_BH1750_Data_Read)
    I2C_BH1750_Opecode_Write                 0x08001869   Thumb Code    20  bsp_bh1750.o(i.I2C_BH1750_Opecode_Write)
    INFOTask                                 0x08001ca5   Thumb Code    48  freertos.o(i.INFOTask)
    Init_BH1750                              0x08001cf1   Thumb Code    30  bsp_bh1750.o(i.Init_BH1750)
    LEDTask                                  0x08001d35   Thumb Code   110  freertos.o(i.LEDTask)
    MX_FREERTOS_Init                         0x08001db1   Thumb Code   162  freertos.o(i.MX_FREERTOS_Init)
    MX_GPIO_Init                             0x08001e5d   Thumb Code   118  gpio.o(i.MX_GPIO_Init)
    MX_I2C1_Init                             0x08001edd   Thumb Code    50  i2c.o(i.MX_I2C1_Init)
    MX_USART1_UART_Init                      0x08001f1d   Thumb Code    48  usart.o(i.MX_USART1_UART_Init)
    MemManage_Handler                        0x08001f55   Thumb Code     2  stm32f1xx_it.o(i.MemManage_Handler)
    NMI_Handler                              0x08001f57   Thumb Code     2  stm32f1xx_it.o(i.NMI_Handler)
    SysTick_Handler                          0x08001f59   Thumb Code    38  port.o(i.SysTick_Handler)
    SystemClock_Config                       0x08001f85   Thumb Code    94  main.o(i.SystemClock_Config)
    SystemInit                               0x08001fe3   Thumb Code     2  system_stm32f1xx.o(i.SystemInit)
    TIM1_UP_IRQHandler                       0x08001fe5   Thumb Code     6  stm32f1xx_it.o(i.TIM1_UP_IRQHandler)
    TIM_Base_SetConfig                       0x08001ff1   Thumb Code   120  stm32f1xx_hal_tim.o(i.TIM_Base_SetConfig)
    Timer01_Callback                         0x0800207d   Thumb Code     2  freertos.o(i.Timer01_Callback)
    UsageFault_Handler                       0x080021b1   Thumb Code     2  stm32f1xx_it.o(i.UsageFault_Handler)
    __0printf$8                              0x080021b5   Thumb Code    22  printf8.o(i.__0printf$8)
    __1printf$8                              0x080021b5   Thumb Code     0  printf8.o(i.__0printf$8)
    __2printf                                0x080021b5   Thumb Code     0  printf8.o(i.__0printf$8)
    __scatterload_copy                       0x080021f5   Thumb Code    14  handlers.o(i.__scatterload_copy)
    __scatterload_null                       0x08002203   Thumb Code     2  handlers.o(i.__scatterload_null)
    __scatterload_zeroinit                   0x08002205   Thumb Code    14  handlers.o(i.__scatterload_zeroinit)
    fputc                                    0x08002679   Thumb Code    20  usart.o(i.fputc)
    main                                     0x08002691   Thumb Code    30  main.o(i.main)
    osDelay                                  0x080026bb   Thumb Code    14  cmsis_os.o(i.osDelay)
    osKernelStart                            0x080026c9   Thumb Code    10  cmsis_os.o(i.osKernelStart)
    osMessageCreate                          0x080026d3   Thumb Code    38  cmsis_os.o(i.osMessageCreate)
    osSemaphoreCreate                        0x080026f9   Thumb Code    62  cmsis_os.o(i.osSemaphoreCreate)
    osThreadCreate                           0x08002737   Thumb Code    84  cmsis_os.o(i.osThreadCreate)
    osTimerCreate                            0x0800278d   Thumb Code    60  cmsis_os.o(i.osTimerCreate)
    pvPortMalloc                             0x08002f59   Thumb Code   210  heap_4.o(i.pvPortMalloc)
    pvTaskIncrementMutexHeldCount            0x08003031   Thumb Code    18  tasks.o(i.pvTaskIncrementMutexHeldCount)
    pxPortInitialiseStack                    0x08003049   Thumb Code    32  port.o(i.pxPortInitialiseStack)
    uxListRemove                             0x0800306d   Thumb Code    38  list.o(i.uxListRemove)
    vApplicationGetIdleTaskMemory            0x08003095   Thumb Code    16  freertos.o(i.vApplicationGetIdleTaskMemory)
    vApplicationGetTimerTaskMemory           0x080030a9   Thumb Code    18  freertos.o(i.vApplicationGetTimerTaskMemory)
    vListInitialise                          0x080030c1   Thumb Code    22  list.o(i.vListInitialise)
    vListInitialiseItem                      0x080030d7   Thumb Code     6  list.o(i.vListInitialiseItem)
    vListInsert                              0x080030dd   Thumb Code    48  list.o(i.vListInsert)
    vListInsertEnd                           0x0800310d   Thumb Code    24  list.o(i.vListInsertEnd)
    vPortEnterCritical                       0x08003125   Thumb Code    54  port.o(i.vPortEnterCritical)
    vPortExitCritical                        0x08003165   Thumb Code    34  port.o(i.vPortExitCritical)
    vPortFree                                0x0800318d   Thumb Code    88  heap_4.o(i.vPortFree)
    vPortSetupTimerInterrupt                 0x080031e9   Thumb Code    32  port.o(i.vPortSetupTimerInterrupt)
    vPortValidateInterruptPriority           0x0800320d   Thumb Code    74  port.o(i.vPortValidateInterruptPriority)
    vQueueAddToRegistry                      0x08003261   Thumb Code    34  queue.o(i.vQueueAddToRegistry)
    vQueueWaitForMessageRestricted           0x08003289   Thumb Code    68  queue.o(i.vQueueWaitForMessageRestricted)
    vTaskDelay                               0x080032cd   Thumb Code    66  tasks.o(i.vTaskDelay)
    vTaskInternalSetTimeOutState             0x08003319   Thumb Code    12  tasks.o(i.vTaskInternalSetTimeOutState)
    vTaskMissedYield                         0x08003329   Thumb Code     8  tasks.o(i.vTaskMissedYield)
    vTaskPlaceOnEventList                    0x08003335   Thumb Code    44  tasks.o(i.vTaskPlaceOnEventList)
    vTaskPlaceOnEventListRestricted          0x08003365   Thumb Code    52  tasks.o(i.vTaskPlaceOnEventListRestricted)
    vTaskPriorityDisinheritAfterTimeout      0x0800339d   Thumb Code   160  tasks.o(i.vTaskPriorityDisinheritAfterTimeout)
    vTaskStartScheduler                      0x08003445   Thumb Code   118  tasks.o(i.vTaskStartScheduler)
    vTaskSuspendAll                          0x080034cd   Thumb Code    10  tasks.o(i.vTaskSuspendAll)
    vTaskSwitchContext                       0x080034dd   Thumb Code    82  tasks.o(i.vTaskSwitchContext)
    xPortStartScheduler                      0x08003539   Thumb Code   154  port.o(i.xPortStartScheduler)
    xQueueGenericCreate                      0x080035e1   Thumb Code    72  queue.o(i.xQueueGenericCreate)
    xQueueGenericCreateStatic                0x08003629   Thumb Code   102  queue.o(i.xQueueGenericCreateStatic)
    xQueueGenericReset                       0x08003691   Thumb Code   132  queue.o(i.xQueueGenericReset)
    xQueueGenericSend                        0x08003719   Thumb Code   346  queue.o(i.xQueueGenericSend)
    xQueueGenericSendFromISR                 0x08003879   Thumb Code   188  queue.o(i.xQueueGenericSendFromISR)
    xQueueReceive                            0x08003935   Thumb Code   308  queue.o(i.xQueueReceive)
    xQueueSemaphoreTake                      0x08003a6d   Thumb Code   372  queue.o(i.xQueueSemaphoreTake)
    xTaskCheckForTimeOut                     0x08003be5   Thumb Code   132  tasks.o(i.xTaskCheckForTimeOut)
    xTaskCreate                              0x08003c6d   Thumb Code    90  tasks.o(i.xTaskCreate)
    xTaskCreateStatic                        0x08003cc7   Thumb Code    86  tasks.o(i.xTaskCreateStatic)
    xTaskGetSchedulerState                   0x08003d1d   Thumb Code    22  tasks.o(i.xTaskGetSchedulerState)
    xTaskGetTickCount                        0x08003d39   Thumb Code     6  tasks.o(i.xTaskGetTickCount)
    xTaskIncrementTick                       0x08003d45   Thumb Code   192  tasks.o(i.xTaskIncrementTick)
    xTaskPriorityDisinherit                  0x08003e0d   Thumb Code   144  tasks.o(i.xTaskPriorityDisinherit)
    xTaskPriorityInherit                     0x08003ea5   Thumb Code   138  tasks.o(i.xTaskPriorityInherit)
    xTaskRemoveFromEventList                 0x08003f39   Thumb Code   108  tasks.o(i.xTaskRemoveFromEventList)
    xTaskResumeAll                           0x08003fad   Thumb Code   182  tasks.o(i.xTaskResumeAll)
    xTimerCreate                             0x08004071   Thumb Code    52  timers.o(i.xTimerCreate)
    xTimerCreateStatic                       0x080040a5   Thumb Code    46  timers.o(i.xTimerCreateStatic)
    xTimerCreateTimerTask                    0x080040d5   Thumb Code    78  timers.o(i.xTimerCreateTimerTask)
    xTimerGenericCommand                     0x08004135   Thumb Code    92  timers.o(i.xTimerGenericCommand)
    AHBPrescTable                            0x08004222   Data          16  system_stm32f1xx.o(.constdata)
    APBPrescTable                            0x08004232   Data           8  system_stm32f1xx.o(.constdata)
    Region$$Table$$Base                      0x08004260   Number         0  anon$$obj.o(Region$$Table)
    Region$$Table$$Limit                     0x08004280   Number         0  anon$$obj.o(Region$$Table)
    dis_data                                 0x20000000   Data           4  freertos.o(.data)
    BH1750_TaskHandle                        0x20000004   Data           4  freertos.o(.data)
    LED_TASKHandle                           0x20000008   Data           4  freertos.o(.data)
    INFO_TaskHandle                          0x2000000c   Data           4  freertos.o(.data)
    myQueue01Handle                          0x20000010   Data           4  freertos.o(.data)
    myQueue02Handle                          0x20000014   Data           4  freertos.o(.data)
    myTimer01Handle                          0x20000018   Data           4  freertos.o(.data)
    LED_FLAG_SemHandle                       0x2000001c   Data           4  freertos.o(.data)
    DATA_BUF                                 0x20000020   Data           8  freertos.o(.data)
    uwTickFreq                               0x20000028   Data           1  stm32f1xx_hal.o(.data)
    uwTickPrio                               0x2000002c   Data           4  stm32f1xx_hal.o(.data)
    uwTick                                   0x20000030   Data           4  stm32f1xx_hal.o(.data)
    SystemCoreClock                          0x20000034   Data           4  system_stm32f1xx.o(.data)
    pxCurrentTCB                             0x20000038   Data           4  tasks.o(.data)
    __stdout                                 0x200000ac   Data           4  stdout.o(.data)
    hi2c1                                    0x20000758   Data          84  i2c.o(.bss)
    huart1                                   0x200007ac   Data          72  usart.o(.bss)
    htim1                                    0x200007f4   Data          72  stm32f1xx_hal_timebase_tim.o(.bss)
    xQueueRegistry                           0x2000083c   Data          64  queue.o(.bss)
    __initial_sp                             0x20001a58   Data           0  startup_stm32f103xe.o(STACK)



==============================================================================

Memory Map of the image

  Image Entry point : 0x08000131

  Load Region LR_IROM1 (Base: 0x08000000, Size: 0x00004330, Max: 0x00040000, ABSOLUTE)

    Execution Region ER_IROM1 (Exec base: 0x08000000, Load base: 0x08000000, Size: 0x00004280, Max: 0x00040000, ABSOLUTE)

    Exec Addr    Load Addr    Size         Type   Attr      Idx    E Section Name        Object

    0x08000000   0x08000000   0x00000130   Data   RO            3    RESET               startup_stm32f103xe.o
    0x08000130   0x08000130   0x00000000   Code   RO         4828  * .ARM.Collect$$$$00000000  mc_w.l(entry.o)
    0x08000130   0x08000130   0x00000004   Code   RO         5112    .ARM.Collect$$$$00000001  mc_w.l(entry2.o)
    0x08000134   0x08000134   0x00000004   Code   RO         5115    .ARM.Collect$$$$00000004  mc_w.l(entry5.o)
    0x08000138   0x08000138   0x00000000   Code   RO         5117    .ARM.Collect$$$$00000008  mc_w.l(entry7b.o)
    0x08000138   0x08000138   0x00000000   Code   RO         5119    .ARM.Collect$$$$0000000A  mc_w.l(entry8b.o)
    0x08000138   0x08000138   0x00000008   Code   RO         5120    .ARM.Collect$$$$0000000B  mc_w.l(entry9a.o)
    0x08000140   0x08000140   0x00000000   Code   RO         5122    .ARM.Collect$$$$0000000D  mc_w.l(entry10a.o)
    0x08000140   0x08000140   0x00000000   Code   RO         5124    .ARM.Collect$$$$0000000F  mc_w.l(entry11a.o)
    0x08000140   0x08000140   0x00000004   Code   RO         5113    .ARM.Collect$$$$00002712  mc_w.l(entry2.o)
    0x08000144   0x08000144   0x00000096   Code   RO         4751    .emb_text           port.o
    0x080001da   0x080001da   0x00000002   PAD
    0x080001dc   0x080001dc   0x00000024   Code   RO            4    .text               startup_stm32f103xe.o
    0x08000200   0x08000200   0x00000020   Code   RO         4831    .text               mc_w.l(llushr.o)
    0x08000220   0x08000220   0x00000024   Code   RO         4833    .text               mc_w.l(memcpya.o)
    0x08000244   0x08000244   0x00000024   Code   RO         4837    .text               mc_w.l(memseta.o)
    0x08000268   0x08000268   0x000000de   Code   RO         5104    .text               mf_w.l(ddiv.o)
    0x08000346   0x08000346   0x00000012   Code   RO         5106    .text               mf_w.l(fflti.o)
    0x08000358   0x08000358   0x00000026   Code   RO         5108    .text               mf_w.l(f2d.o)
    0x0800037e   0x0800037e   0x00000038   Code   RO         5110    .text               mf_w.l(d2f.o)
    0x080003b6   0x080003b6   0x00000062   Code   RO         5129    .text               mc_w.l(uldiv.o)
    0x08000418   0x08000418   0x00000000   Code   RO         5131    .text               mc_w.l(iusefp.o)
    0x08000418   0x08000418   0x0000006e   Code   RO         5132    .text               mf_w.l(fepilogue.o)
    0x08000486   0x08000486   0x000000ba   Code   RO         5134    .text               mf_w.l(depilogue.o)
    0x08000540   0x08000540   0x00000024   Code   RO         5144    .text               mc_w.l(init.o)
    0x08000564   0x08000564   0x0000001e   Code   RO         5146    .text               mc_w.l(llshl.o)
    0x08000582   0x08000582   0x00000002   PAD
    0x08000584   0x08000584   0x000000e8   Code   RO          230    i.BH1750Task        freertos.o
    0x0800066c   0x0800066c   0x00000002   Code   RO          397    i.BusFault_Handler  stm32f1xx_it.o
    0x0800066e   0x0800066e   0x00000002   Code   RO          398    i.DebugMon_Handler  stm32f1xx_it.o
    0x08000670   0x08000670   0x00000004   Code   RO           13    i.Error_Handler     main.o
    0x08000674   0x08000674   0x00000024   Code   RO          603    i.HAL_Delay         stm32f1xx_hal.o
    0x08000698   0x08000698   0x000001f8   Code   RO          913    i.HAL_GPIO_Init     stm32f1xx_hal_gpio.o
    0x08000890   0x08000890   0x0000000a   Code   RO          917    i.HAL_GPIO_WritePin  stm32f1xx_hal_gpio.o
    0x0800089a   0x0800089a   0x00000002   PAD
    0x0800089c   0x0800089c   0x0000000c   Code   RO          607    i.HAL_GetTick       stm32f1xx_hal.o
    0x080008a8   0x080008a8   0x00000188   Code   RO         1584    i.HAL_I2C_Init      stm32f1xx_hal_i2c.o
    0x08000a30   0x08000a30   0x00000250   Code   RO         1590    i.HAL_I2C_Master_Receive  stm32f1xx_hal_i2c.o
    0x08000c80   0x08000c80   0x0000012c   Code   RO         1597    i.HAL_I2C_Master_Transmit  stm32f1xx_hal_i2c.o
    0x08000dac   0x08000dac   0x0000005c   Code   RO          308    i.HAL_I2C_MspInit   i2c.o
    0x08000e08   0x08000e08   0x00000010   Code   RO          613    i.HAL_IncTick       stm32f1xx_hal.o
    0x08000e18   0x08000e18   0x00000024   Code   RO          614    i.HAL_Init          stm32f1xx_hal.o
    0x08000e3c   0x08000e3c   0x00000074   Code   RO          485    i.HAL_InitTick      stm32f1xx_hal_timebase_tim.o
    0x08000eb0   0x08000eb0   0x00000048   Code   RO          461    i.HAL_MspInit       stm32f1xx_hal_msp.o
    0x08000ef8   0x08000ef8   0x0000001a   Code   RO         1073    i.HAL_NVIC_EnableIRQ  stm32f1xx_hal_cortex.o
    0x08000f12   0x08000f12   0x00000002   PAD
    0x08000f14   0x08000f14   0x00000040   Code   RO         1079    i.HAL_NVIC_SetPriority  stm32f1xx_hal_cortex.o
    0x08000f54   0x08000f54   0x00000024   Code   RO         1080    i.HAL_NVIC_SetPriorityGrouping  stm32f1xx_hal_cortex.o
    0x08000f78   0x08000f78   0x0000012c   Code   RO          771    i.HAL_RCC_ClockConfig  stm32f1xx_hal_rcc.o
    0x080010a4   0x080010a4   0x00000040   Code   RO          775    i.HAL_RCC_GetClockConfig  stm32f1xx_hal_rcc.o
    0x080010e4   0x080010e4   0x00000020   Code   RO          778    i.HAL_RCC_GetPCLK1Freq  stm32f1xx_hal_rcc.o
    0x08001104   0x08001104   0x00000020   Code   RO          779    i.HAL_RCC_GetPCLK2Freq  stm32f1xx_hal_rcc.o
    0x08001124   0x08001124   0x0000004c   Code   RO          780    i.HAL_RCC_GetSysClockFreq  stm32f1xx_hal_rcc.o
    0x08001170   0x08001170   0x00000320   Code   RO          783    i.HAL_RCC_OscConfig  stm32f1xx_hal_rcc.o
    0x08001490   0x08001490   0x00000002   Code   RO         2716    i.HAL_TIMEx_BreakCallback  stm32f1xx_hal_tim_ex.o
    0x08001492   0x08001492   0x00000002   Code   RO         2717    i.HAL_TIMEx_CommutCallback  stm32f1xx_hal_tim_ex.o
    0x08001494   0x08001494   0x0000005a   Code   RO         2012    i.HAL_TIM_Base_Init  stm32f1xx_hal_tim.o
    0x080014ee   0x080014ee   0x00000002   Code   RO         2014    i.HAL_TIM_Base_MspInit  stm32f1xx_hal_tim.o
    0x080014f0   0x080014f0   0x0000006c   Code   RO         2017    i.HAL_TIM_Base_Start_IT  stm32f1xx_hal_tim.o
    0x0800155c   0x0800155c   0x00000002   Code   RO         2046    i.HAL_TIM_IC_CaptureCallback  stm32f1xx_hal_tim.o
    0x0800155e   0x0800155e   0x00000166   Code   RO         2060    i.HAL_TIM_IRQHandler  stm32f1xx_hal_tim.o
    0x080016c4   0x080016c4   0x00000002   Code   RO         2063    i.HAL_TIM_OC_DelayElapsedCallback  stm32f1xx_hal_tim.o
    0x080016c6   0x080016c6   0x00000002   Code   RO         2090    i.HAL_TIM_PWM_PulseFinishedCallback  stm32f1xx_hal_tim.o
    0x080016c8   0x080016c8   0x00000014   Code   RO           14    i.HAL_TIM_PeriodElapsedCallback  main.o
    0x080016dc   0x080016dc   0x00000002   Code   RO         2103    i.HAL_TIM_TriggerCallback  stm32f1xx_hal_tim.o
    0x080016de   0x080016de   0x00000064   Code   RO         3013    i.HAL_UART_Init     stm32f1xx_hal_uart.o
    0x08001742   0x08001742   0x00000002   PAD
    0x08001744   0x08001744   0x00000070   Code   RO          350    i.HAL_UART_MspInit  usart.o
    0x080017b4   0x080017b4   0x0000009a   Code   RO         3021    i.HAL_UART_Transmit  stm32f1xx_hal_uart.o
    0x0800184e   0x0800184e   0x00000002   Code   RO          399    i.HardFault_Handler  stm32f1xx_it.o
    0x08001850   0x08001850   0x00000018   Code   RO          524    i.I2C_BH1750_Data_Read  bsp_bh1750.o
    0x08001868   0x08001868   0x00000018   Code   RO          525    i.I2C_BH1750_Opecode_Write  bsp_bh1750.o
    0x08001880   0x08001880   0x0000002e   Code   RO         1627    i.I2C_IsAcknowledgeFailed  stm32f1xx_hal_i2c.o
    0x080018ae   0x080018ae   0x00000002   PAD
    0x080018b0   0x080018b0   0x000000ec   Code   RO         1630    i.I2C_MasterRequestRead  stm32f1xx_hal_i2c.o
    0x0800199c   0x0800199c   0x0000009c   Code   RO         1631    i.I2C_MasterRequestWrite  stm32f1xx_hal_i2c.o
    0x08001a38   0x08001a38   0x00000056   Code   RO         1642    i.I2C_WaitOnBTFFlagUntilTimeout  stm32f1xx_hal_i2c.o
    0x08001a8e   0x08001a8e   0x00000002   PAD
    0x08001a90   0x08001a90   0x00000090   Code   RO         1643    i.I2C_WaitOnFlagUntilTimeout  stm32f1xx_hal_i2c.o
    0x08001b20   0x08001b20   0x000000bc   Code   RO         1644    i.I2C_WaitOnMasterAddressFlagUntilTimeout  stm32f1xx_hal_i2c.o
    0x08001bdc   0x08001bdc   0x00000070   Code   RO         1645    i.I2C_WaitOnRXNEFlagUntilTimeout  stm32f1xx_hal_i2c.o
    0x08001c4c   0x08001c4c   0x00000056   Code   RO         1646    i.I2C_WaitOnTXEFlagUntilTimeout  stm32f1xx_hal_i2c.o
    0x08001ca2   0x08001ca2   0x00000002   PAD
    0x08001ca4   0x08001ca4   0x0000004c   Code   RO          231    i.INFOTask          freertos.o
    0x08001cf0   0x08001cf0   0x00000044   Code   RO          526    i.Init_BH1750       bsp_bh1750.o
    0x08001d34   0x08001d34   0x0000007c   Code   RO          232    i.LEDTask           freertos.o
    0x08001db0   0x08001db0   0x000000ac   Code   RO          233    i.MX_FREERTOS_Init  freertos.o
    0x08001e5c   0x08001e5c   0x00000080   Code   RO          206    i.MX_GPIO_Init      gpio.o
    0x08001edc   0x08001edc   0x00000040   Code   RO          309    i.MX_I2C1_Init      i2c.o
    0x08001f1c   0x08001f1c   0x00000038   Code   RO          351    i.MX_USART1_UART_Init  usart.o
    0x08001f54   0x08001f54   0x00000002   Code   RO          400    i.MemManage_Handler  stm32f1xx_it.o
    0x08001f56   0x08001f56   0x00000002   Code   RO          401    i.NMI_Handler       stm32f1xx_it.o
    0x08001f58   0x08001f58   0x0000002c   Code   RO         4752    i.SysTick_Handler   port.o
    0x08001f84   0x08001f84   0x0000005e   Code   RO           15    i.SystemClock_Config  main.o
    0x08001fe2   0x08001fe2   0x00000002   Code   RO         3347    i.SystemInit        system_stm32f1xx.o
    0x08001fe4   0x08001fe4   0x0000000c   Code   RO          402    i.TIM1_UP_IRQHandler  stm32f1xx_it.o
    0x08001ff0   0x08001ff0   0x0000008c   Code   RO         2105    i.TIM_Base_SetConfig  stm32f1xx_hal_tim.o
    0x0800207c   0x0800207c   0x00000002   Code   RO          234    i.Timer01_Callback  freertos.o
    0x0800207e   0x0800207e   0x00000002   PAD
    0x08002080   0x08002080   0x000000b8   Code   RO         3039    i.UART_SetConfig    stm32f1xx_hal_uart.o
    0x08002138   0x08002138   0x00000078   Code   RO         3042    i.UART_WaitOnFlagUntilTimeout  stm32f1xx_hal_uart.o
    0x080021b0   0x080021b0   0x00000002   Code   RO          403    i.UsageFault_Handler  stm32f1xx_it.o
    0x080021b2   0x080021b2   0x00000002   PAD
    0x080021b4   0x080021b4   0x00000020   Code   RO         5050    i.__0printf$8       mc_w.l(printf8.o)
    0x080021d4   0x080021d4   0x00000020   Code   RO         1086    i.__NVIC_SetPriority  stm32f1xx_hal_cortex.o
    0x080021f4   0x080021f4   0x0000000e   Code   RO         5152    i.__scatterload_copy  mc_w.l(handlers.o)
    0x08002202   0x08002202   0x00000002   Code   RO         5153    i.__scatterload_null  mc_w.l(handlers.o)
    0x08002204   0x08002204   0x0000000e   Code   RO         5154    i.__scatterload_zeroinit  mc_w.l(handlers.o)
    0x08002212   0x08002212   0x00000002   PAD
    0x08002214   0x08002214   0x00000410   Code   RO         5057    i._printf_core      mc_w.l(printf8.o)
    0x08002624   0x08002624   0x00000024   Code   RO         5058    i._printf_post_padding  mc_w.l(printf8.o)
    0x08002648   0x08002648   0x0000002e   Code   RO         5059    i._printf_pre_padding  mc_w.l(printf8.o)
    0x08002676   0x08002676   0x00000002   PAD
    0x08002678   0x08002678   0x00000018   Code   RO          352    i.fputc             usart.o
    0x08002690   0x08002690   0x0000001e   Code   RO           16    i.main              main.o
    0x080026ae   0x080026ae   0x0000000c   Code   RO         4323    i.makeFreeRtosPriority  cmsis_os.o
    0x080026ba   0x080026ba   0x0000000e   Code   RO         4325    i.osDelay           cmsis_os.o
    0x080026c8   0x080026c8   0x0000000a   Code   RO         4328    i.osKernelStart     cmsis_os.o
    0x080026d2   0x080026d2   0x00000026   Code   RO         4337    i.osMessageCreate   cmsis_os.o
    0x080026f8   0x080026f8   0x0000003e   Code   RO         4354    i.osSemaphoreCreate  cmsis_os.o
    0x08002736   0x08002736   0x00000054   Code   RO         4362    i.osThreadCreate    cmsis_os.o
    0x0800278a   0x0800278a   0x00000002   PAD
    0x0800278c   0x0800278c   0x00000040   Code   RO         4375    i.osTimerCreate     cmsis_os.o
    0x080027cc   0x080027cc   0x00000078   Code   RO         3859    i.prvAddCurrentTaskToDelayedList  tasks.o
    0x08002844   0x08002844   0x000000d0   Code   RO         3860    i.prvAddNewTaskToReadyList  tasks.o
    0x08002914   0x08002914   0x00000058   Code   RO         4192    i.prvCheckForValidListAndQueue  timers.o
    0x0800296c   0x0800296c   0x00000026   Code   RO         3525    i.prvCopyDataFromQueue  queue.o
    0x08002992   0x08002992   0x0000006c   Code   RO         3526    i.prvCopyDataToQueue  queue.o
    0x080029fe   0x080029fe   0x00000034   Code   RO         3861    i.prvDeleteTCB      tasks.o
    0x08002a32   0x08002a32   0x00000002   PAD
    0x08002a34   0x08002a34   0x0000004c   Code   RO         4702    i.prvHeapInit       heap_4.o
    0x08002a80   0x08002a80   0x00000060   Code   RO         3862    i.prvIdleTask       tasks.o
    0x08002ae0   0x08002ae0   0x00000016   Code   RO         3528    i.prvInitialiseNewQueue  queue.o
    0x08002af6   0x08002af6   0x000000a0   Code   RO         3863    i.prvInitialiseNewTask  tasks.o
    0x08002b96   0x08002b96   0x00000044   Code   RO         4193    i.prvInitialiseNewTimer  timers.o
    0x08002bda   0x08002bda   0x00000002   PAD
    0x08002bdc   0x08002bdc   0x0000004c   Code   RO         4703    i.prvInsertBlockIntoFreeList  heap_4.o
    0x08002c28   0x08002c28   0x00000038   Code   RO         4194    i.prvInsertTimerInActiveList  timers.o
    0x08002c60   0x08002c60   0x0000001c   Code   RO         3529    i.prvIsQueueEmpty   queue.o
    0x08002c7c   0x08002c7c   0x000000bc   Code   RO         4195    i.prvProcessReceivedCommands  timers.o
    0x08002d38   0x08002d38   0x000000b4   Code   RO         4196    i.prvProcessTimerOrBlockTask  timers.o
    0x08002dec   0x08002dec   0x00000020   Code   RO         3864    i.prvResetNextTaskUnblockTime  tasks.o
    0x08002e0c   0x08002e0c   0x00000028   Code   RO         4197    i.prvSampleTimeNow  timers.o
    0x08002e34   0x08002e34   0x0000006c   Code   RO         4198    i.prvSwitchTimerLists  timers.o
    0x08002ea0   0x08002ea0   0x00000028   Code   RO         4753    i.prvTaskExitError  port.o
    0x08002ec8   0x08002ec8   0x00000024   Code   RO         4199    i.prvTimerTask      timers.o
    0x08002eec   0x08002eec   0x0000006a   Code   RO         3530    i.prvUnlockQueue    queue.o
    0x08002f56   0x08002f56   0x00000002   PAD
    0x08002f58   0x08002f58   0x000000d8   Code   RO         4704    i.pvPortMalloc      heap_4.o
    0x08003030   0x08003030   0x00000018   Code   RO         3867    i.pvTaskIncrementMutexHeldCount  tasks.o
    0x08003048   0x08003048   0x00000024   Code   RO         4754    i.pxPortInitialiseStack  port.o
    0x0800306c   0x0800306c   0x00000026   Code   RO         3485    i.uxListRemove      list.o
    0x08003092   0x08003092   0x00000002   PAD
    0x08003094   0x08003094   0x00000014   Code   RO          235    i.vApplicationGetIdleTaskMemory  freertos.o
    0x080030a8   0x080030a8   0x00000018   Code   RO          236    i.vApplicationGetTimerTaskMemory  freertos.o
    0x080030c0   0x080030c0   0x00000016   Code   RO         3486    i.vListInitialise   list.o
    0x080030d6   0x080030d6   0x00000006   Code   RO         3487    i.vListInitialiseItem  list.o
    0x080030dc   0x080030dc   0x00000030   Code   RO         3488    i.vListInsert       list.o
    0x0800310c   0x0800310c   0x00000018   Code   RO         3489    i.vListInsertEnd    list.o
    0x08003124   0x08003124   0x00000040   Code   RO         4756    i.vPortEnterCritical  port.o
    0x08003164   0x08003164   0x00000028   Code   RO         4757    i.vPortExitCritical  port.o
    0x0800318c   0x0800318c   0x0000005c   Code   RO         4705    i.vPortFree         heap_4.o
    0x080031e8   0x080031e8   0x00000024   Code   RO         4758    i.vPortSetupTimerInterrupt  port.o
    0x0800320c   0x0800320c   0x00000054   Code   RO         4759    i.vPortValidateInterruptPriority  port.o
    0x08003260   0x08003260   0x00000028   Code   RO         3534    i.vQueueAddToRegistry  queue.o
    0x08003288   0x08003288   0x00000044   Code   RO         3537    i.vQueueWaitForMessageRestricted  queue.o
    0x080032cc   0x080032cc   0x0000004c   Code   RO         3874    i.vTaskDelay        tasks.o
    0x08003318   0x08003318   0x00000010   Code   RO         3878    i.vTaskInternalSetTimeOutState  tasks.o
    0x08003328   0x08003328   0x0000000c   Code   RO         3879    i.vTaskMissedYield  tasks.o
    0x08003334   0x08003334   0x00000030   Code   RO         3881    i.vTaskPlaceOnEventList  tasks.o
    0x08003364   0x08003364   0x00000038   Code   RO         3882    i.vTaskPlaceOnEventListRestricted  tasks.o
    0x0800339c   0x0800339c   0x000000a8   Code   RO         3884    i.vTaskPriorityDisinheritAfterTimeout  tasks.o
    0x08003444   0x08003444   0x00000088   Code   RO         3889    i.vTaskStartScheduler  tasks.o
    0x080034cc   0x080034cc   0x00000010   Code   RO         3891    i.vTaskSuspendAll   tasks.o
    0x080034dc   0x080034dc   0x0000005c   Code   RO         3892    i.vTaskSwitchContext  tasks.o
    0x08003538   0x08003538   0x000000a8   Code   RO         4760    i.xPortStartScheduler  port.o
    0x080035e0   0x080035e0   0x00000048   Code   RO         3540    i.xQueueGenericCreate  queue.o
    0x08003628   0x08003628   0x00000066   Code   RO         3541    i.xQueueGenericCreateStatic  queue.o
    0x0800368e   0x0800368e   0x00000002   PAD
    0x08003690   0x08003690   0x00000088   Code   RO         3542    i.xQueueGenericReset  queue.o
    0x08003718   0x08003718   0x00000160   Code   RO         3543    i.xQueueGenericSend  queue.o
    0x08003878   0x08003878   0x000000bc   Code   RO         3544    i.xQueueGenericSendFromISR  queue.o
    0x08003934   0x08003934   0x00000138   Code   RO         3552    i.xQueueReceive     queue.o
    0x08003a6c   0x08003a6c   0x00000178   Code   RO         3554    i.xQueueSemaphoreTake  queue.o
    0x08003be4   0x08003be4   0x00000088   Code   RO         3894    i.xTaskCheckForTimeOut  tasks.o
    0x08003c6c   0x08003c6c   0x0000005a   Code   RO         3895    i.xTaskCreate       tasks.o
    0x08003cc6   0x08003cc6   0x00000056   Code   RO         3896    i.xTaskCreateStatic  tasks.o
    0x08003d1c   0x08003d1c   0x0000001c   Code   RO         3901    i.xTaskGetSchedulerState  tasks.o
    0x08003d38   0x08003d38   0x0000000c   Code   RO         3902    i.xTaskGetTickCount  tasks.o
    0x08003d44   0x08003d44   0x000000c8   Code   RO         3904    i.xTaskIncrementTick  tasks.o
    0x08003e0c   0x08003e0c   0x00000098   Code   RO         3907    i.xTaskPriorityDisinherit  tasks.o
    0x08003ea4   0x08003ea4   0x00000094   Code   RO         3908    i.xTaskPriorityInherit  tasks.o
    0x08003f38   0x08003f38   0x00000074   Code   RO         3909    i.xTaskRemoveFromEventList  tasks.o
    0x08003fac   0x08003fac   0x000000c4   Code   RO         3910    i.xTaskResumeAll    tasks.o
    0x08004070   0x08004070   0x00000034   Code   RO         4202    i.xTimerCreate      timers.o
    0x080040a4   0x080040a4   0x0000002e   Code   RO         4203    i.xTimerCreateStatic  timers.o
    0x080040d2   0x080040d2   0x00000002   PAD
    0x080040d4   0x080040d4   0x00000060   Code   RO         4204    i.xTimerCreateTimerTask  timers.o
    0x08004134   0x08004134   0x00000060   Code   RO         4205    i.xTimerGenericCommand  timers.o
    0x08004194   0x08004194   0x0000007c   Data   RO          238    .constdata          freertos.o
    0x08004210   0x08004210   0x00000012   Data   RO          784    .constdata          stm32f1xx_hal_rcc.o
    0x08004222   0x08004222   0x00000010   Data   RO         3348    .constdata          system_stm32f1xx.o
    0x08004232   0x08004232   0x00000008   Data   RO         3349    .constdata          system_stm32f1xx.o
    0x0800423a   0x0800423a   0x00000002   PAD
    0x0800423c   0x0800423c   0x00000022   Data   RO          239    .conststring        freertos.o
    0x0800425e   0x0800425e   0x00000002   PAD
    0x08004260   0x08004260   0x00000020   Data   RO         5150    Region$$Table       anon$$obj.o


    Execution Region RW_IRAM1 (Exec base: 0x20000000, Load base: 0x08004280, Size: 0x00001a58, Max: 0x0000c000, ABSOLUTE)

    Exec Addr    Load Addr    Size         Type   Attr      Idx    E Section Name        Object

    0x20000000   0x08004280   0x00000028   Data   RW          240    .data               freertos.o
    0x20000028   0x080042a8   0x0000000c   Data   RW          621    .data               stm32f1xx_hal.o
    0x20000034   0x080042b4   0x00000004   Data   RW         3350    .data               system_stm32f1xx.o
    0x20000038   0x080042b8   0x0000003c   Data   RW         3913    .data               tasks.o
    0x20000074   0x080042f4   0x00000014   Data   RW         4211    .data               timers.o
    0x20000088   0x08004308   0x00000018   Data   RW         4710    .data               heap_4.o
    0x200000a0   0x08004320   0x0000000c   Data   RW         4761    .data               port.o
    0x200000ac   0x0800432c   0x00000004   Data   RW         5126    .data               mc_w.l(stdout.o)
    0x200000b0        -       0x000006a8   Zero   RW          237    .bss                freertos.o
    0x20000758        -       0x00000054   Zero   RW          310    .bss                i2c.o
    0x200007ac        -       0x00000048   Zero   RW          353    .bss                usart.o
    0x200007f4        -       0x00000048   Zero   RW          488    .bss                stm32f1xx_hal_timebase_tim.o
    0x2000083c        -       0x00000040   Zero   RW         3555    .bss                queue.o
    0x2000087c        -       0x000000f0   Zero   RW         3912    .bss                tasks.o
    0x2000096c        -       0x000000e8   Zero   RW         4210    .bss                timers.o
    0x20000a54        -       0x00000c00   Zero   RW         4709    .bss                heap_4.o
    0x20001654   0x08004330   0x00000004   PAD
    0x20001658        -       0x00000400   Zero   RW            1    STACK               startup_stm32f103xe.o


==============================================================================

Image component sizes


      Code (inc. data)   RO Data    RW Data    ZI Data      Debug   Object Name

       116         46          0          0          0       2108   bsp_bh1750.o
       284          4          0          0          0      24627   cmsis_os.o
         0          0          0          0          0      17968   event_groups.o
       650        144        158         40       1704       5661   freertos.o
       128         10          0          0          0        963   gpio.o
       460         24          0         24       3072       4739   heap_4.o
       156         26          0          0         84       1677   i2c.o
       138          0          0          0          0       3462   list.o
       148          6          0          0          0     529036   main.o
       662         70          0         12          0      11293   port.o
      1948         24          0          0         64      17300   queue.o
        36          8        304          0       1024        800   startup_stm32f103xe.o
       100         18          0         12          0       5934   stm32f1xx_hal.o
       158         14          0          0          0      28238   stm32f1xx_hal_cortex.o
       514         42          0          0          0       2944   stm32f1xx_hal_gpio.o
      2338         54          0          0          0      12722   stm32f1xx_hal_i2c.o
        72         10          0          0          0        894   stm32f1xx_hal_msp.o
      1304         94         18          0          0       5821   stm32f1xx_hal_rcc.o
       706         40          0          0          0       7216   stm32f1xx_hal_tim.o
         4          0          0          0          0       1617   stm32f1xx_hal_tim_ex.o
       116         18          0          0         72       1455   stm32f1xx_hal_timebase_tim.o
       558          6          0          0          0       4032   stm32f1xx_hal_uart.o
        24          6          0          0          0       3106   stm32f1xx_it.o
         0          0          0          0          0        392   stream_buffer.o
         2          0         24          4          0       1155   system_stm32f1xx.o
      2476        182          0         60        240      26029   tasks.o
      1054         78          0         20        232      29247   timers.o
       192         24          0          0         72       2270   usart.o

    ----------------------------------------------------------------------
     14376        948        540        172       6568     752706   Object Totals
         0          0         32          0          0          0   (incl. Generated)
        32          0          4          0          4          0   (incl. Padding)

    ----------------------------------------------------------------------

      Code (inc. data)   RO Data    RW Data    ZI Data      Debug   Library Member Name

         0          0          0          0          0          0   entry.o
         0          0          0          0          0          0   entry10a.o
         0          0          0          0          0          0   entry11a.o
         8          4          0          0          0          0   entry2.o
         4          0          0          0          0          0   entry5.o
         0          0          0          0          0          0   entry7b.o
         0          0          0          0          0          0   entry8b.o
         8          4          0          0          0          0   entry9a.o
        30          0          0          0          0          0   handlers.o
        36          8          0          0          0         68   init.o
         0          0          0          0          0          0   iusefp.o
        30          0          0          0          0         68   llshl.o
        32          0          0          0          0         68   llushr.o
        36          0          0          0          0         68   memcpya.o
        36          0          0          0          0        108   memseta.o
      1154         54          0          0          0        352   printf8.o
         0          0          0          4          0          0   stdout.o
        98          0          0          0          0         92   uldiv.o
        56          0          0          0          0         88   d2f.o
       222          0          0          0          0        100   ddiv.o
       186          0          0          0          0        176   depilogue.o
        38          0          0          0          0         68   f2d.o
       110          0          0          0          0        168   fepilogue.o
        18          0          0          0          0         68   fflti.o

    ----------------------------------------------------------------------
      2108         70          0          4          0       1492   Library Totals
         6          0          0          0          0          0   (incl. Padding)

    ----------------------------------------------------------------------

      Code (inc. data)   RO Data    RW Data    ZI Data      Debug   Library Name

      1472         70          0          4          0        824   mc_w.l
       630          0          0          0          0        668   mf_w.l

    ----------------------------------------------------------------------
      2108         70          0          4          0       1492   Library Totals

    ----------------------------------------------------------------------

==============================================================================


      Code (inc. data)   RO Data    RW Data    ZI Data      Debug   

     16484       1018        540        176       6568     746030   Grand Totals
     16484       1018        540        176       6568     746030   ELF Image Totals
     16484       1018        540        176          0          0   ROM Totals

==============================================================================

    Total RO  Size (Code + RO Data)                17024 (  16.63kB)
    Total RW  Size (RW Data + ZI Data)              6744 (   6.59kB)
    Total ROM Size (Code + RO Data + RW Data)      17200 (  16.80kB)

==============================================================================

